Test project D:/CantorAI2026/.worktrees/xlang3-xmind-longpaths/build
      Start  1: xlang3_import_errors
 1/42 Test  #1: xlang3_import_errors ....................   Passed    0.08 sec
      Start  2: xlang3_bytes_split
 2/42 Test  #2: xlang3_bytes_split ......................   Passed    0.04 sec
      Start  3: xlang3_smoke
 3/42 Test  #3: xlang3_smoke ............................   Passed    0.02 sec
      Start  4: xlang3_abi_ownership
 4/42 Test  #4: xlang3_abi_ownership ....................   Passed    0.02 sec
      Start  5: xlang3_static_runtime_shutdown
 5/42 Test  #5: xlang3_static_runtime_shutdown ..........   Passed    0.04 sec
      Start  6: xlang3_embedded_package_tests
 6/42 Test  #6: xlang3_embedded_package_tests ...........   Passed    0.05 sec
      Start  7: xlang3_sdk_stream_call_tests
 7/42 Test  #7: xlang3_sdk_stream_call_tests ............   Passed    0.05 sec
      Start  8: xlang3_graph_producer
 8/42 Test  #8: xlang3_graph_producer ...................   Passed    0.05 sec
      Start  9: xlang3_graph_consumer
 9/42 Test  #9: xlang3_graph_consumer ...................   Passed    0.05 sec
      Start 10: xlang3_graph_reject_BAD_VERSION
10/42 Test #10: xlang3_graph_reject_BAD_VERSION .........   Passed    0.04 sec
      Start 11: xlang3_graph_reject_NO_CODEC
11/42 Test #11: xlang3_graph_reject_NO_CODEC ............   Passed    0.04 sec
      Start 12: xlang3_graph_reject_DECODE_FAIL
12/42 Test #12: xlang3_graph_reject_DECODE_FAIL .........   Passed    0.04 sec
      Start 13: xlang3_runtime_value_tests
13/42 Test #13: xlang3_runtime_value_tests ..............   Passed    0.17 sec
      Start 14: xlang3_vfs_tests
14/42 Test #14: xlang3_vfs_tests ........................   Passed    0.04 sec
      Start 15: xlang3_windows_file_path_tests
15/42 Test #15: xlang3_windows_file_path_tests ..........   Passed    0.08 sec
      Start 16: xlang3_windows_sqlite_file_path_tests
16/42 Test #16: xlang3_windows_sqlite_file_path_tests ...***Failed    0.10 sec
native_sqlite_longpath_contract_failed; disposable fixture retained

      Start 17: xlang3_tensor_cpu
17/42 Test #17: xlang3_tensor_cpu .......................   Passed    0.22 sec
      Start 18: xlang3_tensor_cpu_graph
18/42 Test #18: xlang3_tensor_cpu_graph .................   Passed    0.04 sec
      Start 19: xlang3_tensor_cpu_reference
19/42 Test #19: xlang3_tensor_cpu_reference .............   Passed    0.04 sec
      Start 20: xlang3_ipc_capacity_tests
20/42 Test #20: xlang3_ipc_capacity_tests ...............   Passed    0.01 sec
      Start 21: xlang3_memory_tests
21/42 Test #21: xlang3_memory_tests .....................   Passed    0.01 sec
      Start 22: xlang3_parser_tests
22/42 Test #22: xlang3_parser_tests .....................   Passed    0.01 sec
      Start 23: xlang3_interpreter_tests
23/42 Test #23: xlang3_interpreter_tests ................   Passed    0.16 sec
      Start 24: xlang3_debug_session_tests
24/42 Test #24: xlang3_debug_session_tests ..............   Passed    0.05 sec
      Start 25: xlang3_dap_session_tests
25/42 Test #25: xlang3_dap_session_tests ................   Passed    0.05 sec
      Start 26: xlang3_module_slot_tests
26/42 Test #26: xlang3_module_slot_tests ................   Passed    0.04 sec
      Start 27: xlang3_task_tests
27/42 Test #27: xlang3_task_tests .......................   Passed    0.04 sec
      Start 28: xlang3_ir_codec_tests
28/42 Test #28: xlang3_ir_codec_tests ...................   Passed    0.02 sec
      Start 29: xlang3_native_package_real_tests
29/42 Test #29: xlang3_native_package_real_tests ........   Passed    0.11 sec
      Start 30: xlang3_native_library_path
30/42 Test #30: xlang3_native_library_path ..............***Failed    0.03 sec
native-library-path-single-initialization-passed
No module named 'D:\CantorAI2026\'

      Start 31: xlang3_expression_decorators
31/42 Test #31: xlang3_expression_decorators ............   Passed    0.04 sec
      Start 33: xlang3_xlang1_compat_package_tests
32/42 Test #33: xlang3_xlang1_compat_package_tests ......   Passed    0.04 sec
      Start 34: xlang3_sdk_c_header_smoke
33/42 Test #34: xlang3_sdk_c_header_smoke ...............   Passed    0.01 sec
      Start 35: xlang3_cli_yaml_module_import
34/42 Test #35: xlang3_cli_yaml_module_import ...........   Passed    0.04 sec
      Start 36: xlang3_cli_device_module_import
35/42 Test #36: xlang3_cli_device_module_import .........   Passed    0.04 sec
      Start 37: xlang3_curmodule_probe_import
36/42 Test #37: xlang3_curmodule_probe_import ...........   Passed    0.04 sec
      Start 38: xlang3_cli_net_module_import
37/42 Test #38: xlang3_cli_net_module_import ............   Passed    0.07 sec
      Start 39: xlang3_cli_real_native_imports
38/42 Test #39: xlang3_cli_real_native_imports ..........   Passed    0.42 sec
      Start 40: xlang3_xlang1_compat_import
39/42 Test #40: xlang3_xlang1_compat_import .............   Passed    0.28 sec
      Start 42: xlang3_cli_sqlite_module_imports
40/42 Test #42: xlang3_cli_sqlite_module_imports ........   Passed    0.34 sec
      Start 43: xlang3_cli_fixtures
41/42 Test #43: xlang3_cli_fixtures .....................   Passed   23.67 sec
      Start 44: xlang3_cli_compat
42/42 Test #44: xlang3_cli_compat .......................   Passed    0.62 sec

95% tests passed, 2 tests failed out of 42

Total Test time (real) =  27.34 sec

The following tests FAILED:
	 16 - xlang3_windows_sqlite_file_path_tests (Failed)
	 30 - xlang3_native_library_path (Failed)
