ninja: Entering directory `build-repro\main-verify-20261006'
[0/2] Re-checking globbed directories...
[1/42] Building CXX object CMakeFiles\xlang3_graph_native_package.dir\Release\tests\serialize\native_package.cpp.obj
[2/42] Building CXX object CMakeFiles\xlang3_task_runtime.dir\Release\src\runtime\modules\task\task_objects.cpp.obj
[3/42] Building CXX object CMakeFiles\xlang3_system_runtime.dir\Release\src\runtime\modules\system\zipimport_module.cpp.obj
[4/42] Building CXX object CMakeFiles\xlang3_thread_runtime.dir\Release\src\runtime\modules\thread\thread_objects.cpp.obj
[5/42] Building CXX object CMakeFiles\xlang3_system_runtime.dir\Release\src\runtime\modules\system\atexit_module.cpp.obj
[6/42] Building CXX object CMakeFiles\xlang3_system_runtime.dir\Release\src\runtime\modules\system\asyncio_future.cpp.obj
[7/42] Building CXX object CMakeFiles\xlang3_system_runtime.dir\Release\src\runtime\modules\system\asyncio_task.cpp.obj
[8/42] Building CXX object CMakeFiles\xlang3_system_runtime.dir\Release\src\runtime\modules\system\interpreters_module.cpp.obj
[9/42] Building CXX object CMakeFiles\xlang3_system_runtime.dir\Release\src\runtime\modules\system\importlib_module.cpp.obj
[10/42] Building CXX object CMakeFiles\xlang3_runtime.dir\Release\src\executor\xlang_vm\xlang_vm_attr.cpp.obj
[11/42] Building CXX object CMakeFiles\xlang3_runtime.dir\Release\src\runtime\generator.cpp.obj
[12/42] Building CXX object CMakeFiles\xlang3_runtime.dir\Release\src\debug\debug_session.cpp.obj
[13/42] Linking CXX static library Release\xlang3_task_runtime.lib
[14/42] Linking CXX static library Release\xlang3_thread_runtime.lib
[15/42] Building CXX object modules\sqlite\CMakeFiles\xlang_sqlite3_native_package.dir\Release\main.cpp.obj
[16/42] Building CXX object modules\sqlite\CMakeFiles\xlang_sqlite3_native_package.dir\Release\sqlite_values.cpp.obj
[17/42] Linking CXX shared library Release\modules\xlang_graph_native.x3pkg.dll
[18/42] Building CXX object CMakeFiles\xlang3_runtime.dir\Release\src\api\c_api.cpp.obj
[19/42] Building CXX object modules\sqlite\CMakeFiles\xlang_sqlite3_native_package.dir\Release\sqlite_handles.cpp.obj
[20/42] Building CXX object modules\sqlite\CMakeFiles\xlang_sqlite3_native_package.dir\Release\sqlite_package.cpp.obj
[21/42] Linking CXX static library Release\xlang3_system_runtime.lib
[22/42] Linking CXX shared library Release\modules\xlang_sqlite3.x3pkg.dll
[23/42] Building CXX object CMakeFiles\xlang3_runtime.dir\Release\src\import\native_package_loader.cpp.obj
[24/42] Building CXX object CMakeFiles\xlang3_runtime.dir\Release\src\runtime\functional_iterators.cpp.obj
[25/42] Building CXX object CMakeFiles\xlang3_graph_process_tests.dir\Release\tests\serialize\graph_process_tests.cpp.obj
[26/42] Building CXX object CMakeFiles\xlang3_runtime.dir\Release\src\import\import_loader.cpp.obj
[27/42] Building CXX object CMakeFiles\xlang3.dir\Release\src\xlang3.cpp.obj
[28/42] Building CXX object CMakeFiles\xlang3_runtime_value_tests.dir\Release\tests\cpp\runtime_value_tests.cpp.obj
[29/42] Building CXX object CMakeFiles\xlang3_sdk_stream_call_tests.dir\Release\tests\cpp\sdk_stream_call_tests.cpp.obj
[30/42] Building CXX object CMakeFiles\xlang3_runtime.dir\Release\src\debug\dap_session.cpp.obj
[31/42] Building CXX object CMakeFiles\xlang3_runtime.dir\Release\src\executor\xlang_vm\xlang_interpreter.cpp.obj
[32/42] Building CXX object CMakeFiles\xlang3_runtime.dir\Release\src\builtins\object_type_builtins.cpp.obj
[33/42] Building CXX object CMakeFiles\xlang3_interpreter_tests.dir\Release\tests\cpp\interpreter_tests.cpp.obj
[34/42] Building CXX object CMakeFiles\xlang3_runtime.dir\Release\src\builtins\functional_builtins.cpp.obj
[35/42] Building CXX object CMakeFiles\xlang3_runtime.dir\Release\src\executor\xlang_vm\xlang_vm_loop.cpp.obj
[36/42] Linking CXX shared library Release\xlang3_runtime.dll
[37/42] Linking CXX executable Release\xlang3_sdk_stream_call_tests.exe
[38/42] Linking CXX executable Release\xlang3_graph_process_tests.exe
[39/42] Linking CXX executable Release\xlang3_runtime_value_tests.exe
[40/42] Linking CXX executable Release\xlang3_interpreter_tests.exe
[41/42] Linking CXX executable Release\xlang3.exe
