ninja: Entering directory `build-repro\main-verify-20261006'
[0/2] Re-checking globbed directories...
[1/32] Building CXX object CMakeFiles\xlang3_task_runtime.dir\Release\src\runtime\modules\task\task_objects.cpp.obj
[2/32] Building CXX object CMakeFiles\xlang3_system_runtime.dir\Release\src\runtime\modules\system\asyncio_future.cpp.obj
[3/32] Building CXX object CMakeFiles\xlang3_system_runtime.dir\Release\src\runtime\modules\system\atexit_module.cpp.obj
[4/32] Building CXX object CMakeFiles\xlang3_system_runtime.dir\Release\src\runtime\modules\system\asyncio_task.cpp.obj
[5/32] Building CXX object CMakeFiles\xlang3_thread_runtime.dir\Release\src\runtime\modules\thread\thread_objects.cpp.obj
[6/32] Building CXX object CMakeFiles\xlang3_system_runtime.dir\Release\src\runtime\modules\system\importlib_module.cpp.obj
[7/32] Building CXX object CMakeFiles\xlang3_system_runtime.dir\Release\src\runtime\modules\system\zipimport_module.cpp.obj
[8/32] Building CXX object CMakeFiles\xlang3_runtime.dir\Release\src\executor\xlang_vm\xlang_vm_attr.cpp.obj
[9/32] Linking CXX static library Release\xlang3_task_runtime.lib
[10/32] Building CXX object CMakeFiles\xlang3_system_runtime.dir\Release\src\runtime\modules\system\interpreters_module.cpp.obj
[11/32] Linking CXX static library Release\xlang3_thread_runtime.lib
[12/32] Building CXX object CMakeFiles\xlang3_runtime.dir\Release\src\runtime\generator.cpp.obj
[13/32] Building CXX object CMakeFiles\xlang3_runtime.dir\Release\src\debug\debug_session.cpp.obj
[14/32] Building CXX object CMakeFiles\xlang3_runtime.dir\Release\src\api\c_api.cpp.obj
[15/32] Linking CXX static library Release\xlang3_system_runtime.lib
[16/32] Building CXX object CMakeFiles\xlang3_runtime.dir\Release\src\runtime\functional_iterators.cpp.obj
[17/32] Building CXX object CMakeFiles\xlang3_runtime.dir\Release\src\import\import_loader.cpp.obj
[18/32] Building CXX object CMakeFiles\xlang3_runtime_value_tests.dir\Release\tests\cpp\runtime_value_tests.cpp.obj
[19/32] Building CXX object CMakeFiles\xlang3.dir\Release\src\xlang3.cpp.obj
[20/32] Building CXX object CMakeFiles\xlang3_runtime.dir\Release\src\debug\dap_session.cpp.obj
[21/32] Building CXX object CMakeFiles\xlang3_runtime.dir\Release\src\executor\xlang_vm\xlang_interpreter.cpp.obj
[22/32] Building CXX object CMakeFiles\xlang3_runtime.dir\Release\src\builtins\object_type_builtins.cpp.obj
[23/32] Building CXX object CMakeFiles\xlang3_interpreter_tests.dir\Release\tests\cpp\interpreter_tests.cpp.obj
[24/32] Building CXX object CMakeFiles\xlang3_runtime.dir\Release\src\builtins\functional_builtins.cpp.obj
[25/32] Building CXX object CMakeFiles\xlang3_runtime.dir\Release\src\executor\xlang_vm\xlang_vm_loop.cpp.obj
[26/32] Linking CXX shared library Release\xlang3_runtime.dll
[27/32] Linking CXX executable Release\xlang3_sdk_stream_call_tests.exe
[28/32] Linking CXX executable Release\xlang3_runtime_value_tests.exe
[29/32] Linking CXX executable Release\xlang3_graph_process_tests.exe
[30/32] Linking CXX executable Release\xlang3_interpreter_tests.exe
[31/32] Linking CXX executable Release\xlang3.exe
