Python benchmark suite 1.14.0


==================================================
( 1/1) creating venv for benchmark (async_tree)

(trying common venv first)
Installing requirements into the virtual environment D:\CantorAI\xlang3\venv\cpython3.14-a6792301b742-compat-31b33d68c68a
# 'D:\CantorAI\xlang3\venv\cpython3.14-a6792301b742-compat-31b33d68c68a\Scripts\python.exe' -m pip install pyperf==2.10.0
Requirement already satisfied: pyperf==2.10.0 in .\venv\cpython3.14-a6792301b742-compat-31b33d68c68a\Lib\site-packages (2.10.0)
Requirement already satisfied: psutil>=5.9.0 in .\venv\cpython3.14-a6792301b742-compat-31b33d68c68a\Lib\site-packages (from pyperf==2.10.0) (7.2.2)
Installing requirements into the virtual environment D:\CantorAI\xlang3\venv\cpython3.14-a6792301b742-compat-31b33d68c68a
# 'D:\CantorAI\xlang3\venv\cpython3.14-a6792301b742-compat-31b33d68c68a\Scripts\python.exe' -m pip install psutil
Requirement already satisfied: psutil in .\venv\cpython3.14-a6792301b742-compat-31b33d68c68a\Lib\site-packages (7.2.2)
# 'D:\CantorAI\xlang3\venv\cpython3.14-a6792301b742-compat-31b33d68c68a\Scripts\python.exe' -m pip freeze
alabaster==0.7.16
annotated-doc==0.0.5
annotated-types==0.8.0
anyio==4.15.1
asgiref==3.3.4
babel==2.18.0
certifi==2026.7.22
Chameleon==4.6.0
charset-normalizer==3.5.1
click==8.5.0
cloudpickle==3.1.2
colorama==0.4.6
coverage==7.3.2
dask==2024.10.0
distributed==2024.10.0
Django==3.2.4
docutils==0.18.1
dulwich==0.20.23
fastapi==0.121.0
fsspec==2026.9.0
Genshi==0.7.7
greenlet==3.2.4
h11==0.16.0
html5lib==1.1
httpcore==1.0.9
httpx==0.28.1
idna==3.20
imagesize==2.0.1
immutabledict==4.2.2
Jinja2==3.1.6
legacy-cgi==2.6
lib2to3 @ file:///C:/Python/Python314/Lib/site-packages/pyperformance/data-files/benchmarks/bm_2to3/vendor
locket==1.0.0
Mako==1.1.4
MarkupSafe==2.0.1
mpmath==1.2.1
msgpack==1.2.3
networkx==3.4.2
ordered-set==4.1.0
packaging==26.3
partd==1.4.2
psutil==7.2.2
pyaes==1.6.1
pydantic==2.13.5
pydantic_core==2.46.5
Pygments==2.21.0
pyperf==2.10.0
pyperformance==1.14.0
python-docs-theme==2024.6
pytz==2021.1
PyYAML==6.0.3
requests==2.34.2
setuptools==84.0.0
six==1.16.0
snowballstemmer==3.1.1
sortedcontainers==2.4.0
Sphinx==7.3.7
sphinxcontrib-applehelp==2.0.0
sphinxcontrib-devhelp==2.0.0
sphinxcontrib-htmlhelp==2.1.0
sphinxcontrib-jsmath==1.0.1
sphinxcontrib-qthelp==2.0.0
sphinxcontrib-serializinghtml==2.0.0
SQLAlchemy==1.4.19
sqlglot==4.6.0
sqlparse==0.4.1
starlette==0.49.3
sympy==1.8
tblib==3.2.2
tomli==2.0.1
toolz==1.1.0
tornado==6.5.2
typing-inspection==0.4.4
typing_extensions==4.16.0
urllib3==1.26.5
uvicorn==0.38.0
webencodings==0.5.1
websockets==11.0.3
wheel==0.48.0
xdsl==0.54.3
zict==3.0.0
# 'D:\CantorAI\xlang3\venv\cpython3.14-a6792301b742-compat-31b33d68c68a\Scripts\python.exe' -m pip freeze
alabaster==0.7.16
annotated-doc==0.0.5
annotated-types==0.8.0
anyio==4.15.1
asgiref==3.3.4
babel==2.18.0
certifi==2026.7.22
Chameleon==4.6.0
charset-normalizer==3.5.1
click==8.5.0
cloudpickle==3.1.2
colorama==0.4.6
coverage==7.3.2
dask==2024.10.0
distributed==2024.10.0
Django==3.2.4
docutils==0.18.1
dulwich==0.20.23
fastapi==0.121.0
fsspec==2026.9.0
Genshi==0.7.7
greenlet==3.2.4
h11==0.16.0
html5lib==1.1
httpcore==1.0.9
httpx==0.28.1
idna==3.20
imagesize==2.0.1
immutabledict==4.2.2
Jinja2==3.1.6
legacy-cgi==2.6
lib2to3 @ file:///C:/Python/Python314/Lib/site-packages/pyperformance/data-files/benchmarks/bm_2to3/vendor
locket==1.0.0
Mako==1.1.4
MarkupSafe==2.0.1
mpmath==1.2.1
msgpack==1.2.3
networkx==3.4.2
ordered-set==4.1.0
packaging==26.3
partd==1.4.2
psutil==7.2.2
pyaes==1.6.1
pydantic==2.13.5
pydantic_core==2.46.5
Pygments==2.21.0
pyperf==2.10.0
pyperformance==1.14.0
python-docs-theme==2024.6
pytz==2021.1
PyYAML==6.0.3
requests==2.34.2
setuptools==84.0.0
six==1.16.0
snowballstemmer==3.1.1
sortedcontainers==2.4.0
Sphinx==7.3.7
sphinxcontrib-applehelp==2.0.0
sphinxcontrib-devhelp==2.0.0
sphinxcontrib-htmlhelp==2.1.0
sphinxcontrib-jsmath==1.0.1
sphinxcontrib-qthelp==2.0.0
sphinxcontrib-serializinghtml==2.0.0
SQLAlchemy==1.4.19
sqlglot==4.6.0
sqlparse==0.4.1
starlette==0.49.3
sympy==1.8
tblib==3.2.2
tomli==2.0.1
toolz==1.1.0
tornado==6.5.2
typing-inspection==0.4.4
typing_extensions==4.16.0
urllib3==1.26.5
uvicorn==0.38.0
webencodings==0.5.1
websockets==11.0.3
wheel==0.48.0
xdsl==0.54.3
zict==3.0.0

[1/1] async_tree...
# 'D:\CantorAI\xlang3\venv\cpython3.14-a6792301b742-compat-31b33d68c68a\Scripts\python.exe' -u 'C:\Python\Python314\Lib\site-packages\pyperformance\data-files\benchmarks\bm_async_tree\run_benchmark.py' none --rigorous --output 'C:\Users\shaw9\AppData\Local\Temp\tmp8l4_5jzu' --inherit-environ PYPERFORMANCE_RUNID
.........................................
WARNING: the benchmark result may be unstable
* Not enough samples to get a stable result (95% certainly of less than 1% variation)

Try to rerun the benchmark with more runs, values and/or loops.
Run 'python.exe -m pyperf system tune' command to reduce the system jitter.
Use pyperf stats, pyperf dump and pyperf hist to analyze results.
Use --quiet option to hide these warnings.

async_tree_none: Mean +- std dev: 225 ms +- 10 ms

Performance version: 1.14.0
Python version: 3.14.7 (64-bit) revision 823f032
Report on Windows-11-10.0.26200-SP0
Number of logical CPUs: 20
Start date: 2026-10-05 19:48:41.071165
End date: 2026-10-05 19:49:27.642518

### async_tree_none ###
Mean +- std dev: 225 ms +- 10 ms

\n