ninja: Entering directory `build-repro\main-verify-20261006'
[0/2] Re-checking globbed directories...
[1/136] Building CXX object CMakeFiles\xlang3_system_runtime.dir\Release\src\runtime\modules\system\binascii_module.cpp.obj
[2/136] Building CXX object CMakeFiles\xlang3_task_runtime.dir\Release\src\runtime\modules\task\task_module.cpp.obj
[3/136] Building CXX object CMakeFiles\xlang3_system_runtime.dir\Release\src\runtime\modules\system\abc_module.cpp.obj
[4/136] Building CXX object CMakeFiles\xlang3_task_runtime.dir\Release\src\runtime\modules\task\task_objects.cpp.obj
[5/136] Building CXX object CMakeFiles\xlang3_thread_runtime.dir\Release\src\runtime\modules\thread\thread_module.cpp.obj
[6/136] Building CXX object CMakeFiles\xlang3_system_runtime.dir\Release\src\runtime\modules\system\bisect_module.cpp.obj
[7/136] Building CXX object CMakeFiles\xlang3_system_runtime.dir\Release\src\runtime\modules\system\contextvars_module.cpp.obj
[8/136] Building CXX object CMakeFiles\xlang3_system_runtime.dir\Release\src\runtime\modules\system\atexit_module.cpp.obj
[9/136] Building CXX object CMakeFiles\xlang3_system_runtime.dir\Release\src\runtime\modules\system\asyncio_module.cpp.obj
[10/136] Building CXX object CMakeFiles\xlang3_system_runtime.dir\Release\src\runtime\modules\system\locale_module.cpp.obj
[11/136] Building CXX object CMakeFiles\xlang3_system_runtime.dir\Release\src\runtime\modules\system\asyncio_task.cpp.obj
[12/136] Building CXX object CMakeFiles\xlang3_system_runtime.dir\Release\src\runtime\modules\system\decimal_module.cpp.obj
[13/136] Building CXX object CMakeFiles\xlang3_system_runtime.dir\Release\src\runtime\modules\system\collections_module.cpp.obj
[14/136] Building CXX object CMakeFiles\xlang3_system_runtime.dir\Release\src\runtime\modules\system\cmath_module.cpp.obj
[15/136] Building CXX object CMakeFiles\xlang3_system_runtime.dir\Release\src\runtime\modules\system\csv_module.cpp.obj
[16/136] Building CXX object CMakeFiles\xlang3_system_runtime.dir\Release\src\runtime\modules\system\ctypes_module.cpp.obj
[17/136] Building CXX object CMakeFiles\xlang3_system_runtime.dir\Release\src\runtime\modules\system\multibytecodec_module.cpp.obj
[18/136] Building CXX object CMakeFiles\xlang3_system_runtime.dir\Release\src\runtime\modules\system\asyncio_future.cpp.obj
[19/136] Building CXX object CMakeFiles\xlang3_system_runtime.dir\Release\src\runtime\modules\system\ast_module.cpp.obj
[20/136] Building CXX object CMakeFiles\xlang3_system_runtime.dir\Release\src\runtime\modules\system\bz2_module.cpp.obj
[21/136] Building CXX object CMakeFiles\xlang3_system_runtime.dir\Release\src\runtime\modules\system\codecs_module.cpp.obj
[22/136] Building CXX object CMakeFiles\xlang3_thread_runtime.dir\Release\src\runtime\modules\thread\thread_objects.cpp.obj
[23/136] Building CXX object CMakeFiles\xlang3_system_runtime.dir\Release\src\runtime\modules\system\gc_module.cpp.obj
[24/136] Building CXX object CMakeFiles\xlang3_system_runtime.dir\Release\src\runtime\modules\system\faulthandler_module.cpp.obj
[25/136] Building CXX object CMakeFiles\xlang3_system_runtime.dir\Release\src\runtime\modules\system\functools_module.cpp.obj
[26/136] Building CXX object CMakeFiles\xlang3_system_runtime.dir\Release\src\runtime\modules\system\array_module.cpp.obj
[27/136] Building CXX object CMakeFiles\xlang3_system_runtime.dir\Release\src\runtime\modules\system\imp_module.cpp.obj
[28/136] Building CXX object CMakeFiles\xlang3_system_runtime.dir\Release\src\runtime\modules\system\errno_module.cpp.obj
[29/136] Building CXX object CMakeFiles\xlang3_system_runtime.dir\Release\src\runtime\modules\system\lsprof_module.cpp.obj
[30/136] Building CXX object CMakeFiles\xlang3_system_runtime.dir\Release\src\runtime\modules\system\importlib_module.cpp.obj
[31/136] Building CXX object CMakeFiles\xlang3_system_runtime.dir\Release\src\runtime\modules\system\opcode_module.cpp.obj
[32/136] Building CXX object CMakeFiles\xlang3_system_runtime.dir\Release\src\runtime\modules\system\json_module.cpp.obj
[33/136] Building CXX object CMakeFiles\xlang3_system_runtime.dir\Release\src\runtime\modules\system\itertools_module.cpp.obj
[34/136] Building CXX object CMakeFiles\xlang3_system_runtime.dir\Release\src\runtime\modules\system\multiprocessing_module.cpp.obj
[35/136] Building CXX object CMakeFiles\xlang3_system_runtime.dir\Release\src\runtime\modules\system\io_module.cpp.obj
[36/136] Building CXX object CMakeFiles\xlang3_system_runtime.dir\Release\src\runtime\modules\system\marshal_module.cpp.obj
[37/136] Building CXX object CMakeFiles\xlang3_system_runtime.dir\Release\src\runtime\modules\system\operator_module.cpp.obj
[38/136] Building CXX object CMakeFiles\xlang3_system_runtime.dir\Release\src\runtime\modules\system\interpreters_module.cpp.obj
[39/136] Building CXX object CMakeFiles\xlang3_system_runtime.dir\Release\src\runtime\modules\system\pickle_module.cpp.obj
[40/136] Building CXX object CMakeFiles\xlang3_system_runtime.dir\Release\src\runtime\modules\system\msvcrt_module.cpp.obj
[41/136] Building CXX object CMakeFiles\xlang3_system_runtime.dir\Release\src\runtime\modules\system\pyexpat_module.cpp.obj
[42/136] Building CXX object CMakeFiles\xlang3_system_runtime.dir\Release\src\runtime\modules\system\overlapped_module.cpp.obj
[43/136] Building CXX object CMakeFiles\xlang3_system_runtime.dir\Release\src\runtime\modules\system\queue_module.cpp.obj
[44/136] Building CXX object CMakeFiles\xlang3_system_runtime.dir\Release\src\runtime\modules\system\random_module.cpp.obj
[45/136] Building CXX object CMakeFiles\xlang3_system_runtime.dir\Release\src\runtime\modules\system\sha2_module.cpp.obj
[46/136] Building CXX object CMakeFiles\xlang3_system_runtime.dir\Release\src\runtime\modules\system\string_module.cpp.obj
[47/136] Building CXX object CMakeFiles\xlang3_system_runtime.dir\Release\src\runtime\modules\system\os_module.cpp.obj
[48/136] Building CXX object CMakeFiles\xlang3_system_runtime.dir\Release\src\runtime\modules\system\sysconfig_native_module.cpp.obj
[49/136] Building CXX object CMakeFiles\xlang3_system_runtime.dir\Release\src\runtime\modules\system\struct_module.cpp.obj
[50/136] Building CXX object CMakeFiles\xlang3_system_runtime.dir\Release\src\runtime\modules\system\stat_module.cpp.obj
[51/136] Building CXX object CMakeFiles\xlang3_system_runtime.dir\Release\src\runtime\modules\system\tokenize_module.cpp.obj
[52/136] Building CXX object CMakeFiles\xlang3_system_runtime.dir\Release\src\runtime\modules\system\socket_select_module.cpp.obj
[53/136] Building CXX object CMakeFiles\xlang3_system_runtime.dir\Release\src\runtime\modules\system\signal_module.cpp.obj
[54/136] Building CXX object CMakeFiles\xlang3_system_runtime.dir\Release\src\runtime\modules\system\unicodedata_module.cpp.obj
[55/136] Building CXX object CMakeFiles\xlang3_system_runtime.dir\Release\src\runtime\modules\system\warnings_module.cpp.obj
[56/136] Building CXX object CMakeFiles\xlang3_system_runtime.dir\Release\src\runtime\modules\system\typing_module.cpp.obj
[57/136] Building CXX object CMakeFiles\xlang3_system_runtime.dir\Release\src\runtime\modules\system\posix_process_module.cpp.obj
[58/136] Building CXX object CMakeFiles\xlang3_system_runtime.dir\Release\src\runtime\modules\system\sre_module.cpp.obj
[59/136] Building CXX object CMakeFiles\xlang3_system_runtime.dir\Release\src\runtime\modules\system\time_module.cpp.obj
[60/136] Building CXX object CMakeFiles\xlang3_system_runtime.dir\Release\src\runtime\modules\system\winapi_module.cpp.obj
[61/136] Building CXX object CMakeFiles\xlang3_system_runtime.dir\Release\src\runtime\modules\system\winreg_module.cpp.obj
[62/136] Building CXX object CMakeFiles\xlang3_system_runtime.dir\Release\src\runtime\modules\system\zlib_module.cpp.obj
[63/136] Building CXX object CMakeFiles\xlang3_system_runtime.dir\Release\src\runtime\modules\system\zipimport_module.cpp.obj
[64/136] Building CXX object CMakeFiles\xlang3_system_runtime.dir\Release\src\runtime\modules\system\weakref_module.cpp.obj
[65/136] Building CXX object CMakeFiles\xlang3_runtime.dir\Release\src\builtins\builtins.cpp.obj
[66/136] Building CXX object CMakeFiles\xlang3_system_runtime.dir\Release\src\runtime\modules\system\sys_module.cpp.obj
[67/136] Building CXX object CMakeFiles\xlang3_runtime.dir\Release\src\builtins\builtin_modules.cpp.obj
[68/136] Building CXX object CMakeFiles\xlang3_runtime.dir\Release\src\builtins\raw_block_builtins.cpp.obj
[69/136] Building CXX object CMakeFiles\xlang3_runtime.dir\Release\src\builtins\sequence_builtins.cpp.obj
[70/136] Building CXX object CMakeFiles\xlang3_runtime.dir\Release\src\runtime\attribute.cpp.obj
[71/136] Building CXX object CMakeFiles\xlang3_runtime.dir\Release\src\runtime\exceptions.cpp.obj
[72/136] Building CXX object CMakeFiles\xlang3_runtime.dir\Release\src\builtins\math_module.cpp.obj
[73/136] Building CXX object modules\ctypes\CMakeFiles\xlang3_ctypes_ffi.dir\Release\ctypes_ffi.cpp.obj
[74/136] Building CXX object CMakeFiles\xlang3_runtime.dir\Release\src\runtime\methods\iterator_methods.cpp.obj
[75/136] Building CXX object CMakeFiles\xlang3_runtime.dir\Release\src\runtime\methods\tuple_methods.cpp.obj
[76/136] Building CXX object CMakeFiles\xlang3_runtime.dir\Release\src\builtins\exception_builtins.cpp.obj
[77/136] Building CXX object CMakeFiles\xlang3_runtime.dir\Release\src\runtime\methods\int_methods.cpp.obj
[78/136] Building CXX object CMakeFiles\xlang3_runtime.dir\Release\src\runtime\methods\list_methods.cpp.obj
[79/136] Building CXX object CMakeFiles\xlang3_runtime.dir\Release\src\runtime\methods\set_methods.cpp.obj
[80/136] Building CXX object CMakeFiles\xlang3_runtime.dir\Release\src\runtime\value_hash.cpp.obj
[81/136] Building CXX object CMakeFiles\xlang3_runtime.dir\Release\src\runtime\functional_iterators.cpp.obj
[82/136] Building CXX object CMakeFiles\xlang3_runtime.dir\Release\src\runtime\methods\dict_methods.cpp.obj
[83/136] Building CXX object CMakeFiles\xlang3_runtime.dir\Release\src\runtime\set_object.cpp.obj
[84/136] Building CXX object CMakeFiles\xlang3_runtime.dir\Release\src\ipc\ipc_runtime.cpp.obj
[85/136] Building CXX object CMakeFiles\xlang3_runtime.dir\Release\src\runtime\generator.cpp.obj
[86/136] Building CXX object CMakeFiles\xlang3_runtime.dir\Release\src\runtime\methods\property_methods.cpp.obj
[87/136] Building CXX object CMakeFiles\xlang3_runtime.dir\Release\src\runtime\unicode_names.cpp.obj
[88/136] Building CXX object CMakeFiles\xlang3_runtime.dir\Release\src\builtins\io_builtins.cpp.obj
[89/136] Building CXX object CMakeFiles\xlang3_runtime.dir\Release\src\runtime\mapping.cpp.obj
[90/136] Building CXX object CMakeFiles\xlang3_runtime.dir\Release\src\api\buffer_api.cpp.obj
[91/136] Building CXX object CMakeFiles\xlang3_runtime.dir\Release\src\executor\xlang_vm\xlang_vm_attr.cpp.obj
[92/136] Building CXX object CMakeFiles\xlang3_runtime.dir\Release\src\runtime\methods\file_methods.cpp.obj
[93/136] Building CXX object CMakeFiles\xlang3_runtime.dir\Release\src\runtime\module_object.cpp.obj
[94/136] Building CXX object CMakeFiles\xlang3_runtime.dir\Release\src\runtime\methods\string_methods.cpp.obj
[95/136] Building CXX object CMakeFiles\xlang3_runtime.dir\Release\src\debug\debug_session.cpp.obj
[96/136] Building CXX object CMakeFiles\xlang3_runtime.dir\Release\src\tensor\tensor_storage.cpp.obj
[97/136] Building CXX object CMakeFiles\xlang3_runtime.dir\Release\src\runtime\sequence.cpp.obj
[98/136] Building CXX object CMakeFiles\xlang3_runtime.dir\Release\src\tensor\tensor_serialization.cpp.obj
[99/136] Building CXX object CMakeFiles\xlang3_runtime.dir\Release\src\runtime\methods\bytes_methods.cpp.obj
[100/136] Building CXX object CMakeFiles\xlang3_runtime.dir\Release\src\api\c_api.cpp.obj
[101/136] Building CXX object CMakeFiles\xlang3_runtime.dir\Release\src\tensor\tensor_graph.cpp.obj
[102/136] Building CXX object CMakeFiles\xlang3_runtime.dir\Release\src\runtime\value.cpp.obj
[103/136] Building CXX object CMakeFiles\xlang3_runtime.dir\Release\src\api\stream_api.cpp.obj
[104/136] Building CXX object CMakeFiles\xlang3_runtime.dir\Release\src\api\ipc_api.cpp.obj
[105/136] Building CXX object CMakeFiles\xlang3_runtime.dir\Release\src\api\native_serialization_api.cpp.obj
[106/136] Linking CXX static library Release\xlang3_task_runtime.lib
[107/136] Linking CXX static library modules\ctypes\Release\xlang3_ctypes_ffi.lib
[108/136] Linking CXX static library Release\xlang3_thread_runtime.lib
[109/136] Building CXX object CMakeFiles\xlang3_runtime.dir\Release\src\api\protocol_api.cpp.obj
[110/136] Building CXX object CMakeFiles\xlang3_runtime.dir\Release\src\tensor\tensor_api.cpp.obj
[111/136] Building CXX object CMakeFiles\xlang3_runtime.dir\Release\src\serialize\value_graph_lifetime.cpp.obj
[112/136] Building CXX object CMakeFiles\xlang3_runtime.dir\Release\src\tensor\tensor_cpu.cpp.obj
[113/136] Building CXX object CMakeFiles\xlang3_runtime.dir\Release\src\parser\lexer.cpp.obj
[114/136] Linking CXX static library Release\xlang3_system_runtime.lib
[115/136] Building CXX object CMakeFiles\xlang3_runtime.dir\Release\src\executor\xlang_vm\xlang_interpreter.cpp.obj
[116/136] Building CXX object CMakeFiles\xlang3_runtime.dir\Release\src\tensor\tensor_module.cpp.obj
[117/136] Building CXX object CMakeFiles\xlang3_runtime.dir\Release\src\import\native_package_loader.cpp.obj
[118/136] Building CXX object CMakeFiles\xlang3_runtime.dir\Release\src\builtins\object_type_builtins.cpp.obj
[119/136] Building CXX object CMakeFiles\xlang3_runtime.dir\Release\src\serialize\value_graph_reader.cpp.obj
[120/136] Building CXX object CMakeFiles\xlang3_runtime.dir\Release\src\serialize\value_graph_writer.cpp.obj
[121/136] Building CXX object CMakeFiles\xlang3_runtime.dir\Release\src\import\import_loader.cpp.obj
[122/136] Building CXX object CMakeFiles\xlang3_runtime.dir\Release\src\debug\dap_session.cpp.obj
[123/136] Building CXX object CMakeFiles\xlang3_interpreter_tests.dir\Release\tests\cpp\interpreter_tests.cpp.obj
[124/136] Building CXX object CMakeFiles\xlang3_runtime.dir\Release\src\runtime\runtime.cpp.obj
[125/136] Building CXX object CMakeFiles\xlang3_runtime_value_tests.dir\Release\tests\cpp\runtime_value_tests.cpp.obj
[126/136] Building CXX object CMakeFiles\xlang3.dir\Release\src\xlang3.cpp.obj
[127/136] Building CXX object CMakeFiles\xlang3_runtime.dir\Release\src\runtime\object_model.cpp.obj
[128/136] Building CXX object CMakeFiles\xlang3_runtime.dir\Release\src\builtins\functional_builtins.cpp.obj
[129/136] Building CXX object CMakeFiles\xlang3_runtime.dir\Release\src\executor\xlang_vm\xlang_vm_loop.cpp.obj
[130/136] Linking CXX shared library Release\xlang3_runtime.dll
[131/134] Linking CXX executable Release\xlang3_runtime_value_tests.exe
[132/134] Linking CXX executable Release\xlang3_interpreter_tests.exe
[133/134] Linking CXX executable Release\xlang3.exe
