ninja: Entering directory `build-repro\main-verify-20261006'
[0/2] Re-checking globbed directories...
[1/148] Building CXX object CMakeFiles\xlang3_task_runtime.dir\Release\src\runtime\modules\task\task_objects.cpp.obj
[2/148] Building CXX object CMakeFiles\xlang3_system_runtime.dir\Release\src\runtime\modules\system\bisect_module.cpp.obj
[3/148] Building CXX object CMakeFiles\xlang3_task_runtime.dir\Release\src\runtime\modules\task\task_module.cpp.obj
[4/148] Building CXX object CMakeFiles\xlang3_system_runtime.dir\Release\src\runtime\modules\system\binascii_module.cpp.obj
[5/148] Building CXX object CMakeFiles\xlang3_system_runtime.dir\Release\src\runtime\modules\system\locale_module.cpp.obj
[6/148] Building CXX object CMakeFiles\xlang3_system_runtime.dir\Release\src\runtime\modules\system\atexit_module.cpp.obj
[7/148] Building CXX object CMakeFiles\xlang3_system_runtime.dir\Release\src\runtime\modules\system\contextvars_module.cpp.obj
[8/148] Building CXX object CMakeFiles\xlang3_system_runtime.dir\Release\src\runtime\modules\system\abc_module.cpp.obj
[9/148] Building CXX object CMakeFiles\xlang3_thread_runtime.dir\Release\src\runtime\modules\thread\thread_module.cpp.obj
[10/148] Building CXX object CMakeFiles\xlang3_system_runtime.dir\Release\src\runtime\modules\system\cmath_module.cpp.obj
[11/148] Building CXX object CMakeFiles\xlang3_system_runtime.dir\Release\src\runtime\modules\system\asyncio_task.cpp.obj
[12/148] Building CXX object CMakeFiles\xlang3_system_runtime.dir\Release\src\runtime\modules\system\collections_module.cpp.obj
[13/148] Building CXX object CMakeFiles\xlang3_system_runtime.dir\Release\src\runtime\modules\system\decimal_module.cpp.obj
[14/148] Building CXX object CMakeFiles\xlang3_system_runtime.dir\Release\src\runtime\modules\system\csv_module.cpp.obj
[15/148] Building CXX object CMakeFiles\xlang3_system_runtime.dir\Release\src\runtime\modules\system\ctypes_module.cpp.obj
[16/148] Building CXX object CMakeFiles\xlang3_system_runtime.dir\Release\src\runtime\modules\system\ast_module.cpp.obj
[17/148] Building CXX object CMakeFiles\xlang3_system_runtime.dir\Release\src\runtime\modules\system\multibytecodec_module.cpp.obj
[18/148] Building CXX object CMakeFiles\xlang3_thread_runtime.dir\Release\src\runtime\modules\thread\thread_objects.cpp.obj
[19/148] Building CXX object CMakeFiles\xlang3_system_runtime.dir\Release\src\runtime\modules\system\asyncio_future.cpp.obj
[20/148] Building CXX object CMakeFiles\xlang3_system_runtime.dir\Release\src\runtime\modules\system\bz2_module.cpp.obj
[21/148] Building CXX object CMakeFiles\xlang3_system_runtime.dir\Release\src\runtime\modules\system\codecs_module.cpp.obj
[22/148] Building CXX object CMakeFiles\xlang3_system_runtime.dir\Release\src\runtime\modules\system\asyncio_module.cpp.obj
[23/148] Building CXX object CMakeFiles\xlang3_system_runtime.dir\Release\src\runtime\modules\system\functools_module.cpp.obj
[24/148] Building CXX object CMakeFiles\xlang3_system_runtime.dir\Release\src\runtime\modules\system\faulthandler_module.cpp.obj
[25/148] Building CXX object CMakeFiles\xlang3_system_runtime.dir\Release\src\runtime\modules\system\imp_module.cpp.obj
[26/148] Building CXX object CMakeFiles\xlang3_system_runtime.dir\Release\src\runtime\modules\system\errno_module.cpp.obj
[27/148] Building CXX object CMakeFiles\xlang3_system_runtime.dir\Release\src\runtime\modules\system\gc_module.cpp.obj
[28/148] Building CXX object CMakeFiles\xlang3_system_runtime.dir\Release\src\runtime\modules\system\json_module.cpp.obj
[29/148] Building CXX object CMakeFiles\xlang3_system_runtime.dir\Release\src\runtime\modules\system\array_module.cpp.obj
[30/148] Building CXX object CMakeFiles\xlang3_system_runtime.dir\Release\src\runtime\modules\system\opcode_module.cpp.obj
[31/148] Building CXX object CMakeFiles\xlang3_system_runtime.dir\Release\src\runtime\modules\system\operator_module.cpp.obj
[32/148] Building CXX object CMakeFiles\xlang3_system_runtime.dir\Release\src\runtime\modules\system\io_module.cpp.obj
[33/148] Building CXX object CMakeFiles\xlang3_system_runtime.dir\Release\src\runtime\modules\system\lsprof_module.cpp.obj
[34/148] Building CXX object CMakeFiles\xlang3_system_runtime.dir\Release\src\runtime\modules\system\multiprocessing_module.cpp.obj
[35/148] Building CXX object CMakeFiles\xlang3_system_runtime.dir\Release\src\runtime\modules\system\importlib_module.cpp.obj
[36/148] Building CXX object CMakeFiles\xlang3_system_runtime.dir\Release\src\runtime\modules\system\marshal_module.cpp.obj
[37/148] Building CXX object CMakeFiles\xlang3_system_runtime.dir\Release\src\runtime\modules\system\itertools_module.cpp.obj
[38/148] Building CXX object CMakeFiles\xlang3_system_runtime.dir\Release\src\runtime\modules\system\pyexpat_module.cpp.obj
[39/148] Building CXX object CMakeFiles\xlang3_system_runtime.dir\Release\src\runtime\modules\system\interpreters_module.cpp.obj
[40/148] Building CXX object CMakeFiles\xlang3_system_runtime.dir\Release\src\runtime\modules\system\msvcrt_module.cpp.obj
[41/148] Building CXX object CMakeFiles\xlang3_system_runtime.dir\Release\src\runtime\modules\system\pickle_module.cpp.obj
[42/148] Building CXX object CMakeFiles\xlang3_system_runtime.dir\Release\src\runtime\modules\system\queue_module.cpp.obj
[43/148] Building CXX object CMakeFiles\xlang3_system_runtime.dir\Release\src\runtime\modules\system\overlapped_module.cpp.obj
[44/148] Building CXX object CMakeFiles\xlang3_system_runtime.dir\Release\src\runtime\modules\system\random_module.cpp.obj
[45/148] Building CXX object CMakeFiles\xlang3_system_runtime.dir\Release\src\runtime\modules\system\stat_module.cpp.obj
[46/148] Building CXX object CMakeFiles\xlang3_system_runtime.dir\Release\src\runtime\modules\system\os_module.cpp.obj
[47/148] Building CXX object CMakeFiles\xlang3_system_runtime.dir\Release\src\runtime\modules\system\string_module.cpp.obj
[48/148] Building CXX object CMakeFiles\xlang3_system_runtime.dir\Release\src\runtime\modules\system\sysconfig_native_module.cpp.obj
[49/148] Building CXX object CMakeFiles\xlang3_system_runtime.dir\Release\src\runtime\modules\system\unicodedata_module.cpp.obj
[50/148] Building CXX object CMakeFiles\xlang3_system_runtime.dir\Release\src\runtime\modules\system\struct_module.cpp.obj
[51/148] Building CXX object CMakeFiles\xlang3_system_runtime.dir\Release\src\runtime\modules\system\sha2_module.cpp.obj
[52/148] Building CXX object CMakeFiles\xlang3_system_runtime.dir\Release\src\runtime\modules\system\tokenize_module.cpp.obj
[53/148] Building CXX object CMakeFiles\xlang3_system_runtime.dir\Release\src\runtime\modules\system\signal_module.cpp.obj
[54/148] Building CXX object CMakeFiles\xlang3_system_runtime.dir\Release\src\runtime\modules\system\posix_process_module.cpp.obj
[55/148] Building CXX object CMakeFiles\xlang3_system_runtime.dir\Release\src\runtime\modules\system\warnings_module.cpp.obj
[56/148] Building CXX object CMakeFiles\xlang3_system_runtime.dir\Release\src\runtime\modules\system\typing_module.cpp.obj
[57/148] Building CXX object CMakeFiles\xlang3_system_runtime.dir\Release\src\runtime\modules\system\socket_select_module.cpp.obj
[58/148] Building CXX object CMakeFiles\xlang3_system_runtime.dir\Release\src\runtime\modules\system\zlib_module.cpp.obj
[59/148] Building CXX object CMakeFiles\xlang3_system_runtime.dir\Release\src\runtime\modules\system\winapi_module.cpp.obj
[60/148] Building CXX object CMakeFiles\xlang3_system_runtime.dir\Release\src\runtime\modules\system\sre_module.cpp.obj
[61/148] Building CXX object CMakeFiles\xlang3_system_runtime.dir\Release\src\runtime\modules\system\winreg_module.cpp.obj
[62/148] Building CXX object CMakeFiles\xlang3_system_runtime.dir\Release\src\runtime\modules\system\time_module.cpp.obj
[63/148] Building CXX object CMakeFiles\xlang3_system_runtime.dir\Release\src\runtime\modules\system\zipimport_module.cpp.obj
[64/148] Building CXX object CMakeFiles\xlang3_system_runtime.dir\Release\src\runtime\modules\system\weakref_module.cpp.obj
[65/148] Building CXX object CMakeFiles\xlang3_runtime.dir\Release\src\ipc\shared_memory_transport.cpp.obj
[66/148] Building CXX object CMakeFiles\xlang3_runtime.dir\Release\src\builtins\builtin_modules.cpp.obj
[67/148] Building CXX object CMakeFiles\xlang3_runtime.dir\Release\src\runtime\c_api_bridge.cpp.obj
[68/148] Building CXX object CMakeFiles\xlang3_runtime.dir\Release\src\builtins\builtins.cpp.obj
[69/148] Building CXX object CMakeFiles\xlang3_system_runtime.dir\Release\src\runtime\modules\system\sys_module.cpp.obj
[70/148] Building CXX object CMakeFiles\xlang3_runtime.dir\Release\src\serialize\ipc_value_marshal.cpp.obj
[71/148] Building CXX object CMakeFiles\xlang3_runtime.dir\Release\src\builtins\raw_block_builtins.cpp.obj
[72/148] Building CXX object CMakeFiles\xlang3_runtime.dir\Release\src\runtime\expression.cpp.obj
[73/148] Building CXX object CMakeFiles\xlang3_runtime.dir\Release\src\runtime\exceptions.cpp.obj
[74/148] Building CXX object CMakeFiles\xlang3_runtime.dir\Release\src\builtins\sequence_builtins.cpp.obj
[75/148] Building CXX object CMakeFiles\xlang3_runtime.dir\Release\src\builtins\math_module.cpp.obj
[76/148] Building CXX object CMakeFiles\xlang3_runtime.dir\Release\src\runtime\attribute.cpp.obj
[77/148] Building CXX object modules\ctypes\CMakeFiles\xlang3_ctypes_ffi.dir\Release\ctypes_ffi.cpp.obj
[78/148] Building CXX object CMakeFiles\xlang3_runtime.dir\Release\src\builtins\io_builtins.cpp.obj
[79/148] Building CXX object CMakeFiles\xlang3_runtime.dir\Release\src\ipc\ipc_runtime.cpp.obj
[80/148] Building CXX object CMakeFiles\xlang3_runtime.dir\Release\src\builtins\exception_builtins.cpp.obj
[81/148] Building CXX object CMakeFiles\xlang3_runtime.dir\Release\src\runtime\methods\iterator_methods.cpp.obj
[82/148] Building CXX object CMakeFiles\xlang3_runtime.dir\Release\src\runtime\bigint.cpp.obj
[83/148] Building CXX object CMakeFiles\xlang3_runtime.dir\Release\src\runtime\methods\tuple_methods.cpp.obj
[84/148] Building CXX object CMakeFiles\xlang3_runtime.dir\Release\src\runtime\methods\int_methods.cpp.obj
[85/148] Building CXX object CMakeFiles\xlang3_runtime.dir\Release\src\runtime\perf_counters.cpp.obj
[86/148] Building CXX object CMakeFiles\xlang3_runtime.dir\Release\src\runtime\methods\list_methods.cpp.obj
[87/148] Building CXX object CMakeFiles\xlang3_runtime.dir\Release\src\runtime\methods\dict_methods.cpp.obj
[88/148] Building CXX object CMakeFiles\xlang3_runtime.dir\Release\src\runtime\methods\set_methods.cpp.obj
[89/148] Building CXX object CMakeFiles\xlang3_runtime.dir\Release\src\runtime\generator.cpp.obj
[90/148] Building CXX object CMakeFiles\xlang3_runtime.dir\Release\src\runtime\value_hash.cpp.obj
[91/148] Building CXX object CMakeFiles\xlang3_runtime.dir\Release\src\runtime\unicode_names.cpp.obj
[92/148] Building CXX object CMakeFiles\xlang3_runtime.dir\Release\src\runtime\methods\property_methods.cpp.obj
[93/148] Building CXX object CMakeFiles\xlang3_runtime.dir\Release\src\runtime\module_slots.cpp.obj
[94/148] Building CXX object CMakeFiles\xlang3_runtime.dir\Release\src\runtime\set_object.cpp.obj
[95/148] Building CXX object CMakeFiles\xlang3_runtime.dir\Release\src\rpc\object_table.cpp.obj
[96/148] Building CXX object CMakeFiles\xlang3_runtime.dir\Release\src\runtime\functional_iterators.cpp.obj
[97/148] Building CXX object CMakeFiles\xlang3_runtime.dir\Release\src\executor\xlang_vm\xlang_vm_attr.cpp.obj
[98/148] Building CXX object CMakeFiles\xlang3_runtime.dir\Release\src\runtime\methods\file_methods.cpp.obj
[99/148] Building CXX object CMakeFiles\xlang3_runtime.dir\Release\src\debug\debug_session.cpp.obj
[100/148] Building CXX object CMakeFiles\xlang3_runtime.dir\Release\src\ir\dump.cpp.obj
[101/148] Building CXX object CMakeFiles\xlang3_runtime.dir\Release\src\runtime\mapping.cpp.obj
[102/148] Building CXX object CMakeFiles\xlang3_runtime.dir\Release\src\runtime\module_object.cpp.obj
[103/148] Building CXX object CMakeFiles\xlang3_runtime.dir\Release\src\ipc\shared_memory_transport_win32.cpp.obj
[104/148] Building CXX object CMakeFiles\xlang3_runtime.dir\Release\src\ir\codec.cpp.obj
[105/148] Building CXX object CMakeFiles\xlang3_runtime.dir\Release\src\runtime\methods\string_methods.cpp.obj
[106/148] Building CXX object CMakeFiles\xlang3_runtime.dir\Release\src\runtime\methods\bytes_methods.cpp.obj
[107/148] Building CXX object CMakeFiles\xlang3_runtime.dir\Release\src\api\buffer_api.cpp.obj
[108/148] Building CXX object CMakeFiles\xlang3_runtime.dir\Release\src\tensor\tensor_storage.cpp.obj
[109/148] Building CXX object CMakeFiles\xlang3_runtime.dir\Release\src\api\stream_api.cpp.obj
[110/148] Building CXX object CMakeFiles\xlang3_runtime.dir\Release\src\api\c_api.cpp.obj
[111/148] Building CXX object CMakeFiles\xlang3_runtime.dir\Release\src\api\ipc_api.cpp.obj
[112/148] Building CXX object CMakeFiles\xlang3_runtime.dir\Release\src\tensor\tensor_serialization.cpp.obj
[113/148] Building CXX object CMakeFiles\xlang3_runtime.dir\Release\src\api\native_serialization_api.cpp.obj
[114/148] Building CXX object CMakeFiles\xlang3_runtime.dir\Release\src\runtime\sequence.cpp.obj
[115/148] Building CXX object CMakeFiles\xlang3_runtime.dir\Release\src\tensor\tensor_api.cpp.obj
[116/148] Building CXX object CMakeFiles\xlang3_runtime.dir\Release\src\api\protocol_api.cpp.obj
[117/148] Building CXX object CMakeFiles\xlang3_runtime.dir\Release\src\parser\lexer.cpp.obj
[118/148] Building CXX object CMakeFiles\xlang3_runtime.dir\Release\src\runtime\value.cpp.obj
[119/148] Linking CXX static library Release\xlang3_thread_runtime.lib
[120/148] Linking CXX static library Release\xlang3_task_runtime.lib
[121/148] Linking CXX static library modules\ctypes\Release\xlang3_ctypes_ffi.lib
[122/148] Building CXX object CMakeFiles\xlang3_runtime.dir\Release\src\tensor\tensor_graph.cpp.obj
[123/148] Building CXX object CMakeFiles\xlang3_runtime.dir\Release\src\tensor\tensor_cpu.cpp.obj
[124/148] Building CXX object CMakeFiles\xlang3_runtime.dir\Release\src\builtins\object_type_builtins.cpp.obj
[125/148] Building CXX object CMakeFiles\xlang3_runtime.dir\Release\src\serialize\value_graph_lifetime.cpp.obj
[126/148] Linking CXX static library Release\xlang3_system_runtime.lib
[127/148] Building CXX object CMakeFiles\xlang3_runtime.dir\Release\src\tensor\tensor_module.cpp.obj
[128/148] Building CXX object CMakeFiles\xlang3_runtime.dir\Release\src\executor\xlang_vm\xlang_interpreter.cpp.obj
[129/148] Building CXX object CMakeFiles\xlang3_runtime.dir\Release\src\runtime\runtime.cpp.obj
[130/148] Building CXX object CMakeFiles\xlang3_runtime.dir\Release\src\debug\dap_session.cpp.obj
[131/148] Building CXX object CMakeFiles\xlang3_runtime.dir\Release\src\import\native_package_loader.cpp.obj
[132/148] Building CXX object CMakeFiles\xlang3_runtime.dir\Release\src\serialize\value_graph_writer.cpp.obj
[133/148] Building CXX object CMakeFiles\xlang3_runtime.dir\Release\src\serialize\value_graph_reader.cpp.obj
[134/148] Building CXX object CMakeFiles\xlang3_runtime_value_tests.dir\Release\tests\cpp\runtime_value_tests.cpp.obj
[135/148] Building CXX object CMakeFiles\xlang3_runtime.dir\Release\src\import\import_loader.cpp.obj
[136/148] Building CXX object CMakeFiles\xlang3_interpreter_tests.dir\Release\tests\cpp\interpreter_tests.cpp.obj
[137/148] Building CXX object CMakeFiles\xlang3.dir\Release\src\xlang3.cpp.obj
[138/148] Building CXX object CMakeFiles\xlang3_runtime.dir\Release\src\runtime\object_model.cpp.obj
[139/148] Building CXX object CMakeFiles\xlang3_runtime.dir\Release\src\builtins\functional_builtins.cpp.obj
[140/148] Building CXX object CMakeFiles\xlang3_runtime.dir\Release\src\sema\lower.cpp.obj
[141/148] Building CXX object CMakeFiles\xlang3_runtime.dir\Release\src\executor\xlang_vm\xlang_vm_loop.cpp.obj
[142/148] Linking CXX shared library Release\xlang3_runtime.dll
[143/148] Linking CXX executable Release\xlang3_sdk_stream_call_tests.exe
[144/148] Linking CXX executable Release\xlang3_runtime_value_tests.exe
[145/148] Linking CXX executable Release\xlang3_graph_process_tests.exe
[146/148] Linking CXX executable Release\xlang3_interpreter_tests.exe
[147/148] Linking CXX executable Release\xlang3.exe
