ninja: Entering directory `build-repro\main-verify-20261006'
[0/2] Re-checking globbed directories...
[1/137] Building CXX object CMakeFiles\xlang3_system_runtime.dir\Release\src\runtime\modules\system\contextvars_module.cpp.obj
[2/137] Building CXX object CMakeFiles\xlang3_system_runtime.dir\Release\src\runtime\modules\system\binascii_module.cpp.obj
[3/137] Building CXX object CMakeFiles\xlang3_thread_runtime.dir\Release\src\runtime\modules\thread\thread_module.cpp.obj
[4/137] Building CXX object CMakeFiles\xlang3_system_runtime.dir\Release\src\runtime\modules\system\bisect_module.cpp.obj
[5/137] Building CXX object CMakeFiles\xlang3_system_runtime.dir\Release\src\runtime\modules\system\collections_module.cpp.obj
[6/137] Building CXX object CMakeFiles\xlang3_system_runtime.dir\Release\src\runtime\modules\system\faulthandler_module.cpp.obj
[7/137] Building CXX object CMakeFiles\xlang3_system_runtime.dir\Release\src\runtime\modules\system\decimal_module.cpp.obj
[8/137] Building CXX object CMakeFiles\xlang3_task_runtime.dir\Release\src\runtime\modules\task\task_objects.cpp.obj
[9/137] Building CXX object CMakeFiles\xlang3_system_runtime.dir\Release\src\runtime\modules\system\asyncio_module.cpp.obj
[10/137] Building CXX object CMakeFiles\xlang3_system_runtime.dir\Release\src\runtime\modules\system\csv_module.cpp.obj
[11/137] Building CXX object CMakeFiles\xlang3_system_runtime.dir\Release\src\runtime\modules\system\asyncio_task.cpp.obj
[12/137] Building CXX object CMakeFiles\xlang3_system_runtime.dir\Release\src\runtime\modules\system\cmath_module.cpp.obj
[13/137] Building CXX object CMakeFiles\xlang3_system_runtime.dir\Release\src\runtime\modules\system\bz2_module.cpp.obj
[14/137] Building CXX object CMakeFiles\xlang3_system_runtime.dir\Release\src\runtime\modules\system\errno_module.cpp.obj
[15/137] Building CXX object CMakeFiles\xlang3_system_runtime.dir\Release\src\runtime\modules\system\asyncio_future.cpp.obj
[16/137] Building CXX object CMakeFiles\xlang3_system_runtime.dir\Release\src\runtime\modules\system\abc_module.cpp.obj
[17/137] Building CXX object CMakeFiles\xlang3_system_runtime.dir\Release\src\runtime\modules\system\multibytecodec_module.cpp.obj
[18/137] Building CXX object CMakeFiles\xlang3_system_runtime.dir\Release\src\runtime\modules\system\atexit_module.cpp.obj
[19/137] Building CXX object CMakeFiles\xlang3_thread_runtime.dir\Release\src\runtime\modules\thread\thread_objects.cpp.obj
[20/137] Building CXX object CMakeFiles\xlang3_system_runtime.dir\Release\src\runtime\modules\system\ctypes_module.cpp.obj
[21/137] Building CXX object CMakeFiles\xlang3_system_runtime.dir\Release\src\runtime\modules\system\codecs_module.cpp.obj
[22/137] Building CXX object CMakeFiles\xlang3_system_runtime.dir\Release\src\runtime\modules\system\ast_module.cpp.obj
[23/137] Building CXX object CMakeFiles\xlang3_system_runtime.dir\Release\src\runtime\modules\system\imp_module.cpp.obj
[24/137] Building CXX object CMakeFiles\xlang3_system_runtime.dir\Release\src\runtime\modules\system\array_module.cpp.obj
[25/137] Building CXX object CMakeFiles\xlang3_system_runtime.dir\Release\src\runtime\modules\system\functools_module.cpp.obj
[26/137] Building CXX object CMakeFiles\xlang3_system_runtime.dir\Release\src\runtime\modules\system\gc_module.cpp.obj
[27/137] Building CXX object CMakeFiles\xlang3_system_runtime.dir\Release\src\runtime\modules\system\multiprocessing_module.cpp.obj
[28/137] Building CXX object CMakeFiles\xlang3_system_runtime.dir\Release\src\runtime\modules\system\lsprof_module.cpp.obj
[29/137] Building CXX object CMakeFiles\xlang3_system_runtime.dir\Release\src\runtime\modules\system\itertools_module.cpp.obj
[30/137] Building CXX object CMakeFiles\xlang3_system_runtime.dir\Release\src\runtime\modules\system\operator_module.cpp.obj
[31/137] Building CXX object CMakeFiles\xlang3_system_runtime.dir\Release\src\runtime\modules\system\importlib_module.cpp.obj
[32/137] Building CXX object CMakeFiles\xlang3_system_runtime.dir\Release\src\runtime\modules\system\io_module.cpp.obj
[33/137] Building CXX object CMakeFiles\xlang3_system_runtime.dir\Release\src\runtime\modules\system\json_module.cpp.obj
[34/137] Building CXX object CMakeFiles\xlang3_system_runtime.dir\Release\src\runtime\modules\system\opcode_module.cpp.obj
[35/137] Building CXX object CMakeFiles\xlang3_system_runtime.dir\Release\src\runtime\modules\system\pickle_module.cpp.obj
[36/137] Building CXX object CMakeFiles\xlang3_system_runtime.dir\Release\src\runtime\modules\system\pyexpat_module.cpp.obj
[37/137] Building CXX object CMakeFiles\xlang3_system_runtime.dir\Release\src\runtime\modules\system\queue_module.cpp.obj
[38/137] Building CXX object CMakeFiles\xlang3_system_runtime.dir\Release\src\runtime\modules\system\msvcrt_module.cpp.obj
[39/137] Building CXX object CMakeFiles\xlang3_system_runtime.dir\Release\src\runtime\modules\system\overlapped_module.cpp.obj
[40/137] Building CXX object CMakeFiles\xlang3_system_runtime.dir\Release\src\runtime\modules\system\marshal_module.cpp.obj
[41/137] Building CXX object CMakeFiles\xlang3_system_runtime.dir\Release\src\runtime\modules\system\interpreters_module.cpp.obj
[42/137] Building CXX object CMakeFiles\xlang3_system_runtime.dir\Release\src\runtime\modules\system\random_module.cpp.obj
[43/137] Building CXX object CMakeFiles\xlang3_system_runtime.dir\Release\src\runtime\modules\system\signal_module.cpp.obj
[44/137] Building CXX object CMakeFiles\xlang3_system_runtime.dir\Release\src\runtime\modules\system\os_module.cpp.obj
[45/137] Building CXX object CMakeFiles\xlang3_system_runtime.dir\Release\src\runtime\modules\system\sha2_module.cpp.obj
[46/137] Building CXX object CMakeFiles\xlang3_system_runtime.dir\Release\src\runtime\modules\system\stat_module.cpp.obj
[47/137] Building CXX object CMakeFiles\xlang3_system_runtime.dir\Release\src\runtime\modules\system\string_module.cpp.obj
[48/137] Building CXX object CMakeFiles\xlang3_system_runtime.dir\Release\src\runtime\modules\system\sysconfig_native_module.cpp.obj
[49/137] Building CXX object CMakeFiles\xlang3_system_runtime.dir\Release\src\runtime\modules\system\unicodedata_module.cpp.obj
[50/137] Building CXX object CMakeFiles\xlang3_system_runtime.dir\Release\src\runtime\modules\system\typing_module.cpp.obj
[51/137] Building CXX object CMakeFiles\xlang3_system_runtime.dir\Release\src\runtime\modules\system\warnings_module.cpp.obj
[52/137] Building CXX object CMakeFiles\xlang3_system_runtime.dir\Release\src\runtime\modules\system\struct_module.cpp.obj
[53/137] Building CXX object CMakeFiles\xlang3_system_runtime.dir\Release\src\runtime\modules\system\socket_select_module.cpp.obj
[54/137] Building CXX object CMakeFiles\xlang3_system_runtime.dir\Release\src\runtime\modules\system\tokenize_module.cpp.obj
[55/137] Building CXX object CMakeFiles\xlang3_system_runtime.dir\Release\src\runtime\modules\system\zlib_module.cpp.obj
[56/137] Building CXX object CMakeFiles\xlang3_system_runtime.dir\Release\src\runtime\modules\system\posix_process_module.cpp.obj
[57/137] Building CXX object CMakeFiles\xlang3_system_runtime.dir\Release\src\runtime\modules\system\winapi_module.cpp.obj
[58/137] Building CXX object CMakeFiles\xlang3_system_runtime.dir\Release\src\runtime\modules\system\weakref_module.cpp.obj
[59/137] Building CXX object CMakeFiles\xlang3_system_runtime.dir\Release\src\runtime\modules\system\zipimport_module.cpp.obj
[60/137] Building CXX object CMakeFiles\xlang3_system_runtime.dir\Release\src\runtime\modules\system\sre_module.cpp.obj
[61/137] Building CXX object CMakeFiles\xlang3_system_runtime.dir\Release\src\runtime\modules\system\winreg_module.cpp.obj
[62/137] Building CXX object CMakeFiles\xlang3_runtime.dir\Release\src\builtins\builtins.cpp.obj
[63/137] Building CXX object CMakeFiles\xlang3_system_runtime.dir\Release\src\runtime\modules\system\time_module.cpp.obj
[64/137] Building CXX object CMakeFiles\xlang3_runtime.dir\Release\src\builtins\builtin_modules.cpp.obj
[65/137] Building CXX object CMakeFiles\xlang3_system_runtime.dir\Release\src\runtime\modules\system\sys_module.cpp.obj
[66/137] Building CXX object CMakeFiles\xlang3_runtime.dir\Release\src\builtins\raw_block_builtins.cpp.obj
[67/137] Building CXX object CMakeFiles\xlang3_runtime.dir\Release\src\serialize\ipc_value_marshal.cpp.obj
[68/137] Building CXX object CMakeFiles\xlang3_runtime.dir\Release\src\builtins\sequence_builtins.cpp.obj
[69/137] Building CXX object CMakeFiles\xlang3_runtime.dir\Release\src\builtins\math_module.cpp.obj
[70/137] Building CXX object CMakeFiles\xlang3_runtime.dir\Release\src\runtime\expression.cpp.obj
[71/137] Building CXX object modules\ctypes\CMakeFiles\xlang3_ctypes_ffi.dir\Release\ctypes_ffi.cpp.obj
[72/137] Building CXX object CMakeFiles\xlang3_runtime.dir\Release\src\runtime\bigint.cpp.obj
[73/137] Building CXX object CMakeFiles\xlang3_runtime.dir\Release\src\runtime\attribute.cpp.obj
[74/137] Building CXX object CMakeFiles\xlang3_runtime.dir\Release\src\ipc\ipc_runtime.cpp.obj
[75/137] Building CXX object CMakeFiles\xlang3_runtime.dir\Release\src\runtime\exceptions.cpp.obj
[76/137] Building CXX object CMakeFiles\xlang3_runtime.dir\Release\src\builtins\exception_builtins.cpp.obj
[77/137] Building CXX object CMakeFiles\xlang3_runtime.dir\Release\src\runtime\methods\tuple_methods.cpp.obj
[78/137] Building CXX object CMakeFiles\xlang3_runtime.dir\Release\src\runtime\methods\set_methods.cpp.obj
[79/137] Building CXX object CMakeFiles\xlang3_runtime.dir\Release\src\runtime\methods\iterator_methods.cpp.obj
[80/137] Building CXX object CMakeFiles\xlang3_runtime.dir\Release\src\runtime\methods\int_methods.cpp.obj
[81/137] Building CXX object CMakeFiles\xlang3_runtime.dir\Release\src\runtime\value_hash.cpp.obj
[82/137] Building CXX object CMakeFiles\xlang3_runtime.dir\Release\src\runtime\methods\list_methods.cpp.obj
[83/137] Building CXX object CMakeFiles\xlang3_runtime.dir\Release\src\runtime\methods\dict_methods.cpp.obj
[84/137] Building CXX object CMakeFiles\xlang3_runtime.dir\Release\src\runtime\generator.cpp.obj
[85/137] Building CXX object CMakeFiles\xlang3_runtime.dir\Release\src\runtime\methods\property_methods.cpp.obj
[86/137] Building CXX object CMakeFiles\xlang3_runtime.dir\Release\src\builtins\io_builtins.cpp.obj
[87/137] Building CXX object CMakeFiles\xlang3_runtime.dir\Release\src\runtime\set_object.cpp.obj
[88/137] Building CXX object CMakeFiles\xlang3_runtime.dir\Release\src\runtime\unicode_names.cpp.obj
[89/137] Building CXX object CMakeFiles\xlang3_runtime.dir\Release\src\runtime\methods\file_methods.cpp.obj
[90/137] Building CXX object CMakeFiles\xlang3_runtime.dir\Release\src\api\buffer_api.cpp.obj
[91/137] Building CXX object CMakeFiles\xlang3_runtime.dir\Release\src\runtime\functional_iterators.cpp.obj
[92/137] Building CXX object CMakeFiles\xlang3_runtime.dir\Release\src\runtime\mapping.cpp.obj
[93/137] Building CXX object CMakeFiles\xlang3_runtime.dir\Release\src\executor\xlang_vm\xlang_vm_attr.cpp.obj
[94/137] Building CXX object CMakeFiles\xlang3_runtime.dir\Release\src\debug\debug_session.cpp.obj
[95/137] Building CXX object CMakeFiles\xlang3_runtime.dir\Release\src\runtime\methods\bytes_methods.cpp.obj
[96/137] Building CXX object CMakeFiles\xlang3_runtime.dir\Release\src\tensor\tensor_storage.cpp.obj
[97/137] Building CXX object CMakeFiles\xlang3_runtime.dir\Release\src\runtime\methods\string_methods.cpp.obj
[98/137] Building CXX object CMakeFiles\xlang3_runtime.dir\Release\src\tensor\tensor_serialization.cpp.obj
[99/137] Building CXX object CMakeFiles\xlang3_runtime.dir\Release\src\runtime\value.cpp.obj
[100/137] Building CXX object CMakeFiles\xlang3_runtime.dir\Release\src\runtime\module_object.cpp.obj
[101/137] Building CXX object CMakeFiles\xlang3_runtime.dir\Release\src\builtins\object_type_builtins.cpp.obj
[102/137] Building CXX object CMakeFiles\xlang3_runtime.dir\Release\src\api\c_api.cpp.obj
[103/137] Building CXX object CMakeFiles\xlang3_runtime.dir\Release\src\runtime\sequence.cpp.obj
[104/137] Building CXX object CMakeFiles\xlang3_runtime.dir\Release\src\parser\lexer.cpp.obj
[105/137] Linking CXX static library Release\xlang3_thread_runtime.lib
[106/137] Linking CXX static library Release\xlang3_task_runtime.lib
[107/137] Building CXX object CMakeFiles\xlang3_runtime.dir\Release\src\api\stream_api.cpp.obj
[108/137] Building CXX object CMakeFiles\xlang3_runtime.dir\Release\src\api\ipc_api.cpp.obj
[109/137] Linking CXX static library modules\ctypes\Release\xlang3_ctypes_ffi.lib
[110/137] Building CXX object CMakeFiles\xlang3_runtime.dir\Release\src\api\native_serialization_api.cpp.obj
[111/137] Building CXX object CMakeFiles\xlang3_runtime.dir\Release\src\api\protocol_api.cpp.obj
[112/137] Building CXX object CMakeFiles\xlang3_runtime.dir\Release\src\tensor\tensor_api.cpp.obj
[113/137] Linking CXX static library Release\xlang3_system_runtime.lib
[114/137] Building CXX object CMakeFiles\xlang3_runtime.dir\Release\src\serialize\value_graph_lifetime.cpp.obj
[115/137] Building CXX object CMakeFiles\xlang3_runtime.dir\Release\src\tensor\tensor_graph.cpp.obj
[116/137] Building CXX object CMakeFiles\xlang3_runtime.dir\Release\src\tensor\tensor_cpu.cpp.obj
[117/137] Building CXX object CMakeFiles\xlang3_runtime.dir\Release\src\serialize\value_graph_reader.cpp.obj
[118/137] Building CXX object CMakeFiles\xlang3_runtime.dir\Release\src\runtime\runtime.cpp.obj
[119/137] Building CXX object CMakeFiles\xlang3_runtime.dir\Release\src\import\native_package_loader.cpp.obj
[120/137] Building CXX object CMakeFiles\xlang3_runtime.dir\Release\src\executor\xlang_vm\xlang_interpreter.cpp.obj
[121/137] Building CXX object CMakeFiles\xlang3_runtime.dir\Release\src\serialize\value_graph_writer.cpp.obj
[122/137] Building CXX object CMakeFiles\xlang3_runtime.dir\Release\src\tensor\tensor_module.cpp.obj
[123/137] Building CXX object CMakeFiles\xlang3_runtime.dir\Release\src\import\import_loader.cpp.obj
[124/137] Building CXX object CMakeFiles\xlang3_runtime_value_tests.dir\Release\tests\cpp\runtime_value_tests.cpp.obj
[125/137] Building CXX object CMakeFiles\xlang3_runtime.dir\Release\src\debug\dap_session.cpp.obj
[126/137] Building CXX object CMakeFiles\xlang3_interpreter_tests.dir\Release\tests\cpp\interpreter_tests.cpp.obj
[127/137] Building CXX object CMakeFiles\xlang3.dir\Release\src\xlang3.cpp.obj
[128/137] Building CXX object CMakeFiles\xlang3_runtime.dir\Release\src\builtins\functional_builtins.cpp.obj
[129/137] Building CXX object CMakeFiles\xlang3_runtime.dir\Release\src\runtime\object_model.cpp.obj
[130/137] Building CXX object CMakeFiles\xlang3_runtime.dir\Release\src\executor\xlang_vm\xlang_vm_loop.cpp.obj
[131/137] Linking CXX shared library Release\xlang3_runtime.dll
[132/137] Linking CXX executable Release\xlang3_sdk_stream_call_tests.exe
[133/137] Linking CXX executable Release\xlang3_graph_process_tests.exe
[134/137] Linking CXX executable Release\xlang3_interpreter_tests.exe
[135/137] Linking CXX executable Release\xlang3_runtime_value_tests.exe
[136/137] Linking CXX executable Release\xlang3.exe
