ninja: Entering directory `build-repro\main-verify-20261006'
[0/2] Re-checking globbed directories...
[1/95] Building CXX object CMakeFiles\xlang3_task_runtime.dir\Release\src\runtime\modules\task\task_module.cpp.obj
[2/95] Building CXX object CMakeFiles\xlang3_system_runtime.dir\Release\src\runtime\modules\system\cmath_module.cpp.obj
[3/95] Building CXX object CMakeFiles\xlang3_system_runtime.dir\Release\src\runtime\modules\system\faulthandler_module.cpp.obj
[4/95] Building CXX object CMakeFiles\xlang3_system_runtime.dir\Release\src\runtime\modules\system\bisect_module.cpp.obj
[5/95] Building CXX object CMakeFiles\xlang3_system_runtime.dir\Release\src\runtime\modules\system\atexit_module.cpp.obj
[6/95] Building CXX object CMakeFiles\xlang3_system_runtime.dir\Release\src\runtime\modules\system\binascii_module.cpp.obj
[7/95] Building CXX object CMakeFiles\xlang3_system_runtime.dir\Release\src\runtime\modules\system\contextvars_module.cpp.obj
[8/95] Building CXX object CMakeFiles\xlang3_thread_runtime.dir\Release\src\runtime\modules\thread\thread_module.cpp.obj
[9/95] Building CXX object CMakeFiles\xlang3_system_runtime.dir\Release\src\runtime\modules\system\decimal_module.cpp.obj
[10/95] Building CXX object CMakeFiles\xlang3_system_runtime.dir\Release\src\runtime\modules\system\asyncio_task.cpp.obj
[11/95] Building CXX object CMakeFiles\xlang3_system_runtime.dir\Release\src\runtime\modules\system\errno_module.cpp.obj
[12/95] Building CXX object CMakeFiles\xlang3_system_runtime.dir\Release\src\runtime\modules\system\collections_module.cpp.obj
[13/95] Building CXX object CMakeFiles\xlang3_system_runtime.dir\Release\src\runtime\modules\system\asyncio_module.cpp.obj
[14/95] Building CXX object CMakeFiles\xlang3_system_runtime.dir\Release\src\runtime\modules\system\abc_module.cpp.obj
[15/95] Building CXX object CMakeFiles\xlang3_system_runtime.dir\Release\src\runtime\modules\system\locale_module.cpp.obj
[16/95] Building CXX object CMakeFiles\xlang3_system_runtime.dir\Release\src\runtime\modules\system\asyncio_future.cpp.obj
[17/95] Building CXX object CMakeFiles\xlang3_system_runtime.dir\Release\src\runtime\modules\system\ctypes_module.cpp.obj
[18/95] Building CXX object CMakeFiles\xlang3_system_runtime.dir\Release\src\runtime\modules\system\csv_module.cpp.obj
[19/95] Building CXX object CMakeFiles\xlang3_system_runtime.dir\Release\src\runtime\modules\system\ast_module.cpp.obj
[20/95] Building CXX object CMakeFiles\xlang3_system_runtime.dir\Release\src\runtime\modules\system\multibytecodec_module.cpp.obj
[21/95] Building CXX object CMakeFiles\xlang3_system_runtime.dir\Release\src\runtime\modules\system\bz2_module.cpp.obj
[22/95] Building CXX object CMakeFiles\xlang3_system_runtime.dir\Release\src\runtime\modules\system\codecs_module.cpp.obj
[23/95] Building CXX object CMakeFiles\xlang3_system_runtime.dir\Release\src\runtime\modules\system\functools_module.cpp.obj
[24/95] Building CXX object CMakeFiles\xlang3_system_runtime.dir\Release\src\runtime\modules\system\gc_module.cpp.obj
[25/95] Building CXX object CMakeFiles\xlang3_system_runtime.dir\Release\src\runtime\modules\system\lsprof_module.cpp.obj
[26/95] Building CXX object CMakeFiles\xlang3_system_runtime.dir\Release\src\runtime\modules\system\imp_module.cpp.obj
[27/95] Building CXX object CMakeFiles\xlang3_system_runtime.dir\Release\src\runtime\modules\system\itertools_module.cpp.obj
[28/95] Building CXX object CMakeFiles\xlang3_system_runtime.dir\Release\src\runtime\modules\system\multiprocessing_module.cpp.obj
[29/95] Building CXX object CMakeFiles\xlang3_system_runtime.dir\Release\src\runtime\modules\system\opcode_module.cpp.obj
[30/95] Building CXX object CMakeFiles\xlang3_system_runtime.dir\Release\src\runtime\modules\system\json_module.cpp.obj
[31/95] Building CXX object CMakeFiles\xlang3_system_runtime.dir\Release\src\runtime\modules\system\array_module.cpp.obj
[32/95] Building CXX object CMakeFiles\xlang3_system_runtime.dir\Release\src\runtime\modules\system\io_module.cpp.obj
[33/95] Building CXX object CMakeFiles\xlang3_system_runtime.dir\Release\src\runtime\modules\system\operator_module.cpp.obj
[34/95] Building CXX object CMakeFiles\xlang3_system_runtime.dir\Release\src\runtime\modules\system\pyexpat_module.cpp.obj
[35/95] Building CXX object CMakeFiles\xlang3_system_runtime.dir\Release\src\runtime\modules\system\queue_module.cpp.obj
[36/95] Building CXX object CMakeFiles\xlang3_system_runtime.dir\Release\src\runtime\modules\system\interpreters_module.cpp.obj
[37/95] Building CXX object CMakeFiles\xlang3_system_runtime.dir\Release\src\runtime\modules\system\msvcrt_module.cpp.obj
[38/95] Building CXX object CMakeFiles\xlang3_system_runtime.dir\Release\src\runtime\modules\system\marshal_module.cpp.obj
[39/95] Building CXX object CMakeFiles\xlang3_system_runtime.dir\Release\src\runtime\modules\system\importlib_module.cpp.obj
[40/95] Building CXX object CMakeFiles\xlang3_system_runtime.dir\Release\src\runtime\modules\system\pickle_module.cpp.obj
[41/95] Building CXX object CMakeFiles\xlang3_system_runtime.dir\Release\src\runtime\modules\system\overlapped_module.cpp.obj
[42/95] Building CXX object CMakeFiles\xlang3_system_runtime.dir\Release\src\runtime\modules\system\os_module.cpp.obj
[43/95] Building CXX object CMakeFiles\xlang3_system_runtime.dir\Release\src\runtime\modules\system\random_module.cpp.obj
[44/95] Building CXX object CMakeFiles\xlang3_system_runtime.dir\Release\src\runtime\modules\system\sha2_module.cpp.obj
[45/95] Building CXX object CMakeFiles\xlang3_system_runtime.dir\Release\src\runtime\modules\system\stat_module.cpp.obj
[46/95] Building CXX object CMakeFiles\xlang3_system_runtime.dir\Release\src\runtime\modules\system\signal_module.cpp.obj
[47/95] Building CXX object CMakeFiles\xlang3_system_runtime.dir\Release\src\runtime\modules\system\sysconfig_native_module.cpp.obj
[48/95] Building CXX object CMakeFiles\xlang3_system_runtime.dir\Release\src\runtime\modules\system\string_module.cpp.obj
[49/95] Building CXX object CMakeFiles\xlang3_system_runtime.dir\Release\src\runtime\modules\system\posix_process_module.cpp.obj
[50/95] Building CXX object CMakeFiles\xlang3_system_runtime.dir\Release\src\runtime\modules\system\struct_module.cpp.obj
[51/95] Building CXX object CMakeFiles\xlang3_system_runtime.dir\Release\src\runtime\modules\system\warnings_module.cpp.obj
[52/95] Building CXX object CMakeFiles\xlang3_system_runtime.dir\Release\src\runtime\modules\system\unicodedata_module.cpp.obj
[53/95] Building CXX object CMakeFiles\xlang3_system_runtime.dir\Release\src\runtime\modules\system\typing_module.cpp.obj
[54/95] Building CXX object CMakeFiles\xlang3_system_runtime.dir\Release\src\runtime\modules\system\socket_select_module.cpp.obj
[55/95] Building CXX object CMakeFiles\xlang3_system_runtime.dir\Release\src\runtime\modules\system\time_module.cpp.obj
[56/95] Building CXX object CMakeFiles\xlang3_runtime.dir\Release\src\builtins\builtins.cpp.obj
[57/95] Building CXX object CMakeFiles\xlang3_system_runtime.dir\Release\src\runtime\modules\system\zlib_module.cpp.obj
[58/95] Building CXX object CMakeFiles\xlang3_system_runtime.dir\Release\src\runtime\modules\system\winapi_module.cpp.obj
[59/95] Building CXX object CMakeFiles\xlang3_runtime.dir\Release\src\builtins\builtin_modules.cpp.obj
[60/95] Building CXX object CMakeFiles\xlang3_system_runtime.dir\Release\src\runtime\modules\system\winreg_module.cpp.obj
[61/95] Building CXX object CMakeFiles\xlang3_system_runtime.dir\Release\src\runtime\modules\system\zipimport_module.cpp.obj
[62/95] Building CXX object CMakeFiles\xlang3_system_runtime.dir\Release\src\runtime\modules\system\sre_module.cpp.obj
[63/95] Building CXX object CMakeFiles\xlang3_system_runtime.dir\Release\src\runtime\modules\system\sys_module.cpp.obj
[64/95] Building CXX object CMakeFiles\xlang3_runtime.dir\Release\src\builtins\raw_block_builtins.cpp.obj
[65/95] Building CXX object CMakeFiles\xlang3_system_runtime.dir\Release\src\runtime\modules\system\weakref_module.cpp.obj
[66/95] Building CXX object CMakeFiles\xlang3_runtime.dir\Release\src\builtins\sequence_builtins.cpp.obj
[67/95] Building CXX object CMakeFiles\xlang3_runtime.dir\Release\src\builtins\math_module.cpp.obj
[68/95] Linking CXX static library Release\xlang3_thread_runtime.lib
[69/95] Linking CXX static library Release\xlang3_task_runtime.lib
[70/95] Building CXX object CMakeFiles\xlang3_runtime.dir\Release\src\runtime\unicode_names.cpp.obj
[71/95] Building CXX object CMakeFiles\xlang3_runtime.dir\Release\src\runtime\methods\set_methods.cpp.obj
[72/95] Building CXX object CMakeFiles\xlang3_runtime.dir\Release\src\runtime\generator.cpp.obj
[73/95] Building CXX object CMakeFiles\xlang3_runtime.dir\Release\src\builtins\io_builtins.cpp.obj
[74/95] Building CXX object CMakeFiles\xlang3_runtime.dir\Release\src\runtime\value_hash.cpp.obj
[75/95] Linking CXX static library Release\xlang3_system_runtime.lib
[76/95] Building CXX object CMakeFiles\xlang3_runtime.dir\Release\src\runtime\functional_iterators.cpp.obj
[77/95] Building CXX object CMakeFiles\xlang3_runtime.dir\Release\src\builtins\exception_builtins.cpp.obj
[78/95] Building CXX object CMakeFiles\xlang3.dir\Release\src\xlang3.cpp.obj
[79/95] Building CXX object CMakeFiles\xlang3_runtime.dir\Release\src\import\import_loader.cpp.obj
[80/95] Building CXX object CMakeFiles\xlang3_runtime.dir\Release\src\runtime\methods\string_methods.cpp.obj
[81/95] Building CXX object CMakeFiles\xlang3_runtime.dir\Release\src\runtime\value.cpp.obj
[82/95] Building CXX object CMakeFiles\xlang3_runtime.dir\Release\src\parser\lexer.cpp.obj
[83/95] Building CXX object CMakeFiles\xlang3_runtime.dir\Release\src\builtins\object_type_builtins.cpp.obj
[84/95] Building CXX object CMakeFiles\xlang3_runtime.dir\Release\src\executor\xlang_vm\xlang_interpreter.cpp.obj
[85/95] Building CXX object CMakeFiles\xlang3_runtime.dir\Release\src\runtime\runtime.cpp.obj
[86/95] Building CXX object CMakeFiles\xlang3_runtime.dir\Release\src\runtime\object_model.cpp.obj
[87/95] Building CXX object CMakeFiles\xlang3_runtime.dir\Release\src\builtins\functional_builtins.cpp.obj
[88/95] Building CXX object CMakeFiles\xlang3_runtime.dir\Release\src\executor\xlang_vm\xlang_vm_loop.cpp.obj
[89/95] Linking CXX shared library Release\xlang3_runtime.dll
[90/95] Linking CXX executable Release\xlang3_sdk_stream_call_tests.exe
[91/95] Linking CXX executable Release\xlang3_graph_process_tests.exe
[92/95] Linking CXX executable Release\xlang3_runtime_value_tests.exe
[93/95] Linking CXX executable Release\xlang3_interpreter_tests.exe
[94/95] Linking CXX executable Release\xlang3.exe
