Benchmark dependency sites: C:\Python\Python314\Lib\site-packages
Python benchmark suite 1.14.0


==================================================
( 1/3) creating venv for benchmark (async_tree_eager)

(trying common venv first)

==================================================
( 2/3) creating venv for benchmark (pickle_pure_python)

(trying common venv first)

==================================================
( 3/3) creating venv for benchmark (telco)

(trying common venv first)

[1/3] async_tree_eager...
...........
WARNING: the benchmark result may be unstable
* Not enough samples to get a stable result (95% certainly of less than 1% variation)

Try to rerun the benchmark with more runs, values and/or loops.
Run 'xlang3.exe -m pyperf system tune' command to reduce the system jitter.
Use pyperf stats, pyperf dump and pyperf hist to analyze results.
Use --quiet option to hide these warnings.

async_tree_eager: Mean +- std dev: 2.85 sec +- 0.05 sec
[2/3] pickle_pure_python...
...........
WARNING: the benchmark result may be unstable
* the standard deviation (665 us) is 12% of the mean (5.36 ms)
* the maximum (8.18 ms) is 53% greater than the mean (5.36 ms)

Try to rerun the benchmark with more runs, values and/or loops.
Run 'xlang3.exe -m pyperf system tune' command to reduce the system jitter.
Use pyperf stats, pyperf dump and pyperf hist to analyze results.
Use --quiet option to hide these warnings.

pickle_pure_python: Mean +- std dev: 5.36 ms +- 0.67 ms
[3/3] telco...
...........
WARNING: the benchmark result may be unstable
* Not enough samples to get a stable result (95% certainly of less than 1% variation)

Try to rerun the benchmark with more runs, values and/or loops.
Run 'xlang3.exe -m pyperf system tune' command to reduce the system jitter.
Use pyperf stats, pyperf dump and pyperf hist to analyze results.
Use --quiet option to hide these warnings.

telco: Mean +- std dev: 192 ms +- 12 ms

Performance version: 1.14.0

### async_tree_eager ###
Mean +- std dev: 2.85 sec +- 0.05 sec

### pickle_pure_python ###
Mean +- std dev: 5.36 ms +- 0.67 ms

### telco ###
Mean +- std dev: 192 ms +- 12 ms

