profiled workload subparsers None
profiled Python calls, grouped by source/function
[[["argparse.py","_registry_get"],3510],[["argparse.py","_add_action"],3009],[["argparse.py","_parse_optional"],3004],[["argparse.py","__init__"],2014],[["argparse.py","_get_validation_formatter"],2005],[["__init__.py","_compile"],1508],[["argparse.py","_get_nargs_pattern"],1504],[["argparse.py","_get_value"],1504],[["argparse.py","_check_value"],1504],[["argparse.py","_get_values"],1504],[["argparse.py","__call__"],1504],[["argparse.py","take_action"],1504],[["__init__.py","match"],1502],[["argparse.py","_match_argument"],1500],[["argparse.py","consume_optional"],1500],[["argparse.py","_pop_action_class"],1003],[["argparse.py","_metavar_formatter"],1003],[["argparse.py","format"],1003],[["argparse.py","_format_args"],1003],[["argparse.py","_get_help_string"],1003],[["argparse.py","_expand_help"],1003],[["argparse.py","_check_help"],1003],[["argparse.py","_check_conflict"],1003],[["argparse.py","add_argument"],1002],[["argparse.py","_get_optional_kwargs"],1001],[["dataclasses.py","#genexpr"],180],[["inspect.py","kind"],119],[["_parser.py","__getitem__"],92],[["__init__.py","__iter__"],86],[["_collections_abc.py","__iter__"],86],[["inspect.py","name"],78],[["__init__.py","__setitem__"],78],[["annotationlib.py","_get_dunder_annotations"],57],[["annotationlib.py","get_annotations"],57],[["_parser.py","__next"],56],[["dataclasses.py","__init__"],54],[["_parser.py","match"],52],[["_parser.py","__len__"],51],[["inspect.py","__init__"],49],[["enum.py","__new__"],47],[["enum.py","__call__"],47],[["inspect.py","#genexpr"],45],[["_parser.py","get"],43],[["dataclasses.py","_is_kw_only"],41],[["dataclasses.py","field"],41],[["typing.py","get_origin"],41],[["dataclasses.py","_is_classvar"],41],[["dataclasses.py","_is_initvar"],41],[["dataclasses.py","_get_field"],41],[["dataclasses.py","_field_assign"],41],[["dataclasses.py","_field_init"],41],[["dataclasses.py","_init_param"],41],[["inspect.py","formatannotation"],41],[["argparse.py","register"],37],[["_parser.py","__init__"],37],[["inspect.py","_format"],37],[["dataclasses.py","_set_new_attribute"],35],[["_parser.py","tell"],32],[["dataclasses.py","add_fn"],30],[["_parser.py","getwidth"],29]]
profiled benchmark function times (inclusive/self seconds)
argparse.py parse_args 2 4.164304 0.000727
argparse.py parse_known_args 2 4.163577 0.000768
argparse.py _parse_known_args2 2 4.162808 0.11934
argparse.py _parse_known_args 2 4.043432 0.839381
argparse.py add_argument 1002 3.151179 1.132346
argparse.py consume_optional 1500 3.118184 0.644918
argparse.py take_action 1504 1.569776 0.628145
argparse.py _add_action 3009 1.403782 0.654864
argparse.py _match_argument 1500 0.909259 0.631692
argparse.py _get_values 1504 0.872269 0.6178
argparse.py _check_help 1003 0.614582 0.390015
argparse.py _format_args 1003 0.418625 0.360624
__init__.py match 1502 0.272549 0.166908
argparse.py _get_value 1504 0.225685 0.195313
argparse.py _expand_help 1003 0.20982 0.193696
argparse.py __init__ 2014 0.160089 0.129326
__init__.py _compile 1508 0.158166 0.07867
argparse.py _pop_action_class 1003 0.115735 0.09962
inspect.py __init__ 49 0.091856 0.031419
_compiler.py compile 6 0.075204 0.002189
argparse.py __call__ 1504 0.069363 0.069363
_parser.py _parse_sub 12 0.068853 0.004163
_parser.py _parse 12 0.06377 0.0185
argparse.py _registry_get 3510 0.061805 0.061805
inspect.py _signature_bound_method 4 0.060854 0.010796
inspect.py __str__ 4 0.054239 0.000772
inspect.py format 4 0.053468 0.022593
__init__.py compile 6 0.053093 0.000568
argparse.py _parse_optional 3004 0.052272 0.052272
_parser.py parse 6 0.046487 0.001656
argparse.py _get_optional_kwargs 1001 0.044961 0.044961
argparse.py format 1003 0.04135 0.04135
__init__.py __init__ 8 0.04126 0.00139
_collections_abc.py update 8 0.039869 0.015656
inspect.py replace 4 0.038955 0.000714
dataclasses.py <module> 1 0.034348 0.002986
_compiler.py _compile 24 0.033258 0.010835
argparse.py consume_positionals 4 0.033197 0.002509
call_method_cache_kinds: 1=27704 4=2511
dataclasses.py _get_field 41 0.032426 0.017702
argparse.py _check_value 1504 0.028783 0.028783
profiled benchmark-frame calls 41305
