Benchmark dependency sites: C:\Python\Python314\Lib\site-packages
Python benchmark suite 1.14.0


==================================================
( 1/3) creating venv for benchmark (async_tree_eager)

(trying common venv first)

==================================================
( 2/3) creating venv for benchmark (pickle_pure_python)

(trying common venv first)

==================================================
( 3/3) creating venv for benchmark (telco)

(trying common venv first)

[1/3] async_tree_eager...
...........
WARNING: the benchmark result may be unstable
* Not enough samples to get a stable result (95% certainly of less than 1% variation)

Try to rerun the benchmark with more runs, values and/or loops.
Run 'xlang3.exe -m pyperf system tune' command to reduce the system jitter.
Use pyperf stats, pyperf dump and pyperf hist to analyze results.
Use --quiet option to hide these warnings.

async_tree_eager: Mean +- std dev: 2.82 sec +- 0.03 sec
[2/3] pickle_pure_python...
...........
WARNING: the benchmark result may be unstable
* Not enough samples to get a stable result (95% certainly of less than 1% variation)

Try to rerun the benchmark with more runs, values and/or loops.
Run 'xlang3.exe -m pyperf system tune' command to reduce the system jitter.
Use pyperf stats, pyperf dump and pyperf hist to analyze results.
Use --quiet option to hide these warnings.

pickle_pure_python: Mean +- std dev: 5.27 ms +- 0.35 ms
[3/3] telco...
...........
WARNING: the benchmark result may be unstable
* Not enough samples to get a stable result (95% certainly of less than 1% variation)

Try to rerun the benchmark with more runs, values and/or loops.
Run 'xlang3.exe -m pyperf system tune' command to reduce the system jitter.
Use pyperf stats, pyperf dump and pyperf hist to analyze results.
Use --quiet option to hide these warnings.

telco: Mean +- std dev: 187 ms +- 14 ms

Performance version: 1.14.0

### async_tree_eager ###
Mean +- std dev: 2.82 sec +- 0.03 sec

### pickle_pure_python ###
Mean +- std dev: 5.27 ms +- 0.35 ms

### telco ###
Mean +- std dev: 187 ms +- 14 ms

