ninja: Entering directory `build-repro\main-verify-20261006'
[0/2] Re-checking globbed directories...
[1/117] Building CXX object CMakeFiles\xlang3_system_runtime.dir\Release\src\runtime\modules\system\bisect_module.cpp.obj
[2/117] Building CXX object CMakeFiles\xlang3_system_runtime.dir\Release\src\runtime\modules\system\abc_module.cpp.obj
[3/117] Building CXX object CMakeFiles\xlang3_thread_runtime.dir\Release\src\runtime\modules\thread\thread_module.cpp.obj
[4/117] Building CXX object CMakeFiles\xlang3_system_runtime.dir\Release\src\runtime\modules\system\csv_module.cpp.obj
[5/117] Building CXX object CMakeFiles\xlang3_system_runtime.dir\Release\src\runtime\modules\system\contextvars_module.cpp.obj
[6/117] Building CXX object CMakeFiles\xlang3_system_runtime.dir\Release\src\runtime\modules\system\binascii_module.cpp.obj
[7/117] Building CXX object CMakeFiles\xlang3_system_runtime.dir\Release\src\runtime\modules\system\atexit_module.cpp.obj
[8/117] Building CXX object CMakeFiles\xlang3_system_runtime.dir\Release\src\runtime\modules\system\heapq_module.cpp.obj
[9/117] Building CXX object CMakeFiles\xlang3_system_runtime.dir\Release\src\runtime\modules\system\decimal_module.cpp.obj
[10/117] Building CXX object CMakeFiles\xlang3_system_runtime.dir\Release\src\runtime\modules\system\cmath_module.cpp.obj
[11/117] Building CXX object CMakeFiles\xlang3_system_runtime.dir\Release\src\runtime\modules\system\asyncio_module.cpp.obj
[12/117] Building CXX object CMakeFiles\xlang3_system_runtime.dir\Release\src\runtime\modules\system\ctypes_module.cpp.obj
[13/117] Building CXX object CMakeFiles\xlang3_thread_runtime.dir\Release\src\runtime\modules\thread\thread_objects.cpp.obj
[14/117] Building CXX object CMakeFiles\xlang3_task_runtime.dir\Release\src\runtime\modules\task\task_objects.cpp.obj
[15/117] Building CXX object CMakeFiles\xlang3_system_runtime.dir\Release\src\runtime\modules\system\functools_module.cpp.obj
[16/117] Building CXX object CMakeFiles\xlang3_system_runtime.dir\Release\src\runtime\modules\system\asyncio_future.cpp.obj
[17/117] Building CXX object CMakeFiles\xlang3_system_runtime.dir\Release\src\runtime\modules\system\collections_module.cpp.obj
[18/117] Building CXX object CMakeFiles\xlang3_system_runtime.dir\Release\src\runtime\modules\system\bz2_module.cpp.obj
[19/117] Building CXX object CMakeFiles\xlang3_system_runtime.dir\Release\src\runtime\modules\system\codecs_module.cpp.obj
[20/117] Building CXX object CMakeFiles\xlang3_system_runtime.dir\Release\src\runtime\modules\system\asyncio_task.cpp.obj
[21/117] Building CXX object CMakeFiles\xlang3_system_runtime.dir\Release\src\runtime\modules\system\multibytecodec_module.cpp.obj
[22/117] Building CXX object CMakeFiles\xlang3_system_runtime.dir\Release\src\runtime\modules\system\ast_module.cpp.obj
[23/117] Building CXX object CMakeFiles\xlang3_system_runtime.dir\Release\src\runtime\modules\system\imp_module.cpp.obj
[24/117] Building CXX object CMakeFiles\xlang3_system_runtime.dir\Release\src\runtime\modules\system\gc_module.cpp.obj
[25/117] Building CXX object CMakeFiles\xlang3_system_runtime.dir\Release\src\runtime\modules\system\array_module.cpp.obj
[26/117] Building CXX object CMakeFiles\xlang3_system_runtime.dir\Release\src\runtime\modules\system\multiprocessing_module.cpp.obj
[27/117] Building CXX object CMakeFiles\xlang3_system_runtime.dir\Release\src\runtime\modules\system\lsprof_module.cpp.obj
[28/117] Building CXX object CMakeFiles\xlang3_system_runtime.dir\Release\src\runtime\modules\system\operator_module.cpp.obj
[29/117] Building CXX object CMakeFiles\xlang3_system_runtime.dir\Release\src\runtime\modules\system\io_module.cpp.obj
[30/117] Building CXX object CMakeFiles\xlang3_system_runtime.dir\Release\src\runtime\modules\system\importlib_module.cpp.obj
[31/117] Building CXX object CMakeFiles\xlang3_system_runtime.dir\Release\src\runtime\modules\system\json_module.cpp.obj
[32/117] Building CXX object CMakeFiles\xlang3_system_runtime.dir\Release\src\runtime\modules\system\itertools_module.cpp.obj
[33/117] Building CXX object CMakeFiles\xlang3_system_runtime.dir\Release\src\runtime\modules\system\interpreters_module.cpp.obj
[34/117] Building CXX object CMakeFiles\xlang3_system_runtime.dir\Release\src\runtime\modules\system\queue_module.cpp.obj
[35/117] Building CXX object CMakeFiles\xlang3_system_runtime.dir\Release\src\runtime\modules\system\random_module.cpp.obj
[36/117] Building CXX object CMakeFiles\xlang3_system_runtime.dir\Release\src\runtime\modules\system\pickle_module.cpp.obj
[37/117] Building CXX object CMakeFiles\xlang3_system_runtime.dir\Release\src\runtime\modules\system\marshal_module.cpp.obj
[38/117] Building CXX object CMakeFiles\xlang3_system_runtime.dir\Release\src\runtime\modules\system\overlapped_module.cpp.obj
[39/117] Building CXX object CMakeFiles\xlang3_system_runtime.dir\Release\src\runtime\modules\system\pyexpat_module.cpp.obj
[40/117] Building CXX object CMakeFiles\xlang3_system_runtime.dir\Release\src\runtime\modules\system\sha2_module.cpp.obj
[41/117] Building CXX object CMakeFiles\xlang3_system_runtime.dir\Release\src\runtime\modules\system\signal_module.cpp.obj
[42/117] Building CXX object CMakeFiles\xlang3_system_runtime.dir\Release\src\runtime\modules\system\os_module.cpp.obj
[43/117] Building CXX object CMakeFiles\xlang3_system_runtime.dir\Release\src\runtime\modules\system\struct_module.cpp.obj
[44/117] Building CXX object CMakeFiles\xlang3_system_runtime.dir\Release\src\runtime\modules\system\socket_select_module.cpp.obj
[45/117] Building CXX object CMakeFiles\xlang3_system_runtime.dir\Release\src\runtime\modules\system\tokenize_module.cpp.obj
[46/117] Building CXX object CMakeFiles\xlang3_system_runtime.dir\Release\src\runtime\modules\system\typing_module.cpp.obj
[47/117] Building CXX object CMakeFiles\xlang3_system_runtime.dir\Release\src\runtime\modules\system\unicodedata_module.cpp.obj
[48/117] Building CXX object CMakeFiles\xlang3_system_runtime.dir\Release\src\runtime\modules\system\zlib_module.cpp.obj
[49/117] Building CXX object CMakeFiles\xlang3_system_runtime.dir\Release\src\runtime\modules\system\zipimport_module.cpp.obj
[50/117] Building CXX object CMakeFiles\xlang3_system_runtime.dir\Release\src\runtime\modules\system\winapi_module.cpp.obj
[51/117] Building CXX object CMakeFiles\xlang3_system_runtime.dir\Release\src\runtime\modules\system\sre_module.cpp.obj
[52/117] Building CXX object CMakeFiles\xlang3_system_runtime.dir\Release\src\runtime\modules\system\time_module.cpp.obj
[53/117] Building CXX object CMakeFiles\xlang3_system_runtime.dir\Release\src\runtime\modules\system\weakref_module.cpp.obj
[54/117] Building CXX object CMakeFiles\xlang3_system_runtime.dir\Release\src\runtime\modules\system\sys_module.cpp.obj
[55/117] Building CXX object CMakeFiles\xlang3_system_runtime.dir\Release\src\runtime\modules\system\winreg_module.cpp.obj
[56/117] Building CXX object CMakeFiles\xlang3_runtime.dir\Release\src\serialize\ipc_value_marshal.cpp.obj
[57/117] Building CXX object CMakeFiles\xlang3_runtime.dir\Release\src\builtins\math_module.cpp.obj
[58/117] Building CXX object modules\ctypes\CMakeFiles\xlang3_ctypes_ffi.dir\Release\ctypes_ffi.cpp.obj
[59/117] Building CXX object CMakeFiles\xlang3_runtime.dir\Release\src\runtime\expression.cpp.obj
[60/117] Building CXX object CMakeFiles\xlang3_runtime.dir\Release\src\builtins\io_builtins.cpp.obj
[61/117] Building CXX object CMakeFiles\xlang3_runtime.dir\Release\src\runtime\exceptions.cpp.obj
[62/117] Building CXX object CMakeFiles\xlang3_runtime.dir\Release\src\builtins\sequence_builtins.cpp.obj
[63/117] Building CXX object CMakeFiles\xlang3_runtime.dir\Release\src\builtins\exception_builtins.cpp.obj
[64/117] Building CXX object CMakeFiles\xlang3_runtime.dir\Release\src\runtime\attribute.cpp.obj
[65/117] Building CXX object CMakeFiles\xlang3_runtime.dir\Release\src\runtime\bigint.cpp.obj
[66/117] Building CXX object CMakeFiles\xlang3_runtime.dir\Release\src\runtime\methods\list_methods.cpp.obj
[67/117] Building CXX object CMakeFiles\xlang3_runtime.dir\Release\src\ipc\ipc_runtime.cpp.obj
[68/117] Building CXX object CMakeFiles\xlang3_runtime.dir\Release\src\runtime\generator.cpp.obj
[69/117] Building CXX object CMakeFiles\xlang3_runtime.dir\Release\src\runtime\methods\tuple_methods.cpp.obj
[70/117] Building CXX object CMakeFiles\xlang3_runtime.dir\Release\src\runtime\methods\iterator_methods.cpp.obj
[71/117] Building CXX object CMakeFiles\xlang3_runtime.dir\Release\src\runtime\methods\int_methods.cpp.obj
[72/117] Building CXX object CMakeFiles\xlang3_runtime.dir\Release\src\runtime\methods\set_methods.cpp.obj
[73/117] Building CXX object CMakeFiles\xlang3_runtime.dir\Release\src\runtime\methods\dict_methods.cpp.obj
[74/117] Building CXX object CMakeFiles\xlang3_runtime.dir\Release\src\runtime\set_object.cpp.obj
[75/117] Building CXX object CMakeFiles\xlang3_runtime.dir\Release\src\runtime\value_hash.cpp.obj
[76/117] Building CXX object CMakeFiles\xlang3_runtime.dir\Release\src\runtime\methods\property_methods.cpp.obj
[77/117] Building CXX object CMakeFiles\xlang3_runtime.dir\Release\src\runtime\mapping.cpp.obj
[78/117] Building CXX object CMakeFiles\xlang3_runtime.dir\Release\src\executor\xlang_vm\xlang_vm_attr.cpp.obj
[79/117] Building CXX object CMakeFiles\xlang3_runtime.dir\Release\src\runtime\functional_iterators.cpp.obj
[80/117] Building CXX object CMakeFiles\xlang3_runtime.dir\Release\src\tensor\tensor_storage.cpp.obj
[81/117] Building CXX object CMakeFiles\xlang3_runtime.dir\Release\src\tensor\tensor_serialization.cpp.obj
[82/117] Building CXX object CMakeFiles\xlang3_runtime.dir\Release\src\runtime\methods\file_methods.cpp.obj
[83/117] Building CXX object CMakeFiles\xlang3_runtime.dir\Release\src\runtime\module_object.cpp.obj
[84/117] Building CXX object CMakeFiles\xlang3_runtime.dir\Release\src\tensor\tensor_api.cpp.obj
[85/117] Building CXX object CMakeFiles\xlang3_runtime.dir\Release\src\runtime\methods\string_methods.cpp.obj
[86/117] Building CXX object CMakeFiles\xlang3_runtime.dir\Release\src\api\c_api.cpp.obj
[87/117] Building CXX object CMakeFiles\xlang3_runtime.dir\Release\src\api\protocol_api.cpp.obj
[88/117] Linking CXX static library modules\ctypes\Release\xlang3_ctypes_ffi.lib
[89/117] Linking CXX static library Release\xlang3_task_runtime.lib
[90/117] Linking CXX static library Release\xlang3_thread_runtime.lib
[91/117] Building CXX object CMakeFiles\xlang3_runtime.dir\Release\src\runtime\sequence.cpp.obj
[92/117] Building CXX object CMakeFiles\xlang3_runtime.dir\Release\src\serialize\value_graph_lifetime.cpp.obj
[93/117] Building CXX object CMakeFiles\xlang3_runtime.dir\Release\src\runtime\methods\bytes_methods.cpp.obj
[94/117] Building CXX object CMakeFiles\xlang3_runtime.dir\Release\src\runtime\value.cpp.obj
[95/117] Building CXX object CMakeFiles\xlang3_runtime.dir\Release\src\tensor\tensor_module.cpp.obj
[96/117] Linking CXX static library Release\xlang3_system_runtime.lib
[97/117] Building CXX object CMakeFiles\xlang3_runtime.dir\Release\src\serialize\value_graph_reader.cpp.obj
[98/117] Building CXX object CMakeFiles\xlang3_runtime.dir\Release\src\import\native_package_loader.cpp.obj
[99/117] Building CXX object CMakeFiles\xlang3_runtime.dir\Release\src\builtins\object_type_builtins.cpp.obj
[100/117] Building CXX object CMakeFiles\xlang3_runtime.dir\Release\src\serialize\value_graph_writer.cpp.obj
[101/117] Building CXX object CMakeFiles\xlang3_runtime.dir\Release\src\import\import_loader.cpp.obj
[102/117] Building CXX object CMakeFiles\xlang3_runtime.dir\Release\src\debug\dap_session.cpp.obj
[103/117] Building CXX object CMakeFiles\xlang3_runtime.dir\Release\src\runtime\runtime.cpp.obj
[104/117] Building CXX object CMakeFiles\xlang3_runtime.dir\Release\src\executor\xlang_vm\xlang_interpreter.cpp.obj
[105/117] Building CXX object CMakeFiles\xlang3_runtime_value_tests.dir\Release\tests\cpp\runtime_value_tests.cpp.obj
[106/117] Building CXX object CMakeFiles\xlang3.dir\Release\src\xlang3.cpp.obj
[107/117] Building CXX object CMakeFiles\xlang3_runtime.dir\Release\src\runtime\object_model.cpp.obj
[108/117] Building CXX object CMakeFiles\xlang3_runtime.dir\Release\src\builtins\functional_builtins.cpp.obj
[109/117] Building CXX object CMakeFiles\xlang3_interpreter_tests.dir\Release\tests\cpp\interpreter_tests.cpp.obj
[110/117] Building CXX object CMakeFiles\xlang3_runtime.dir\Release\src\executor\xlang_vm\xlang_vm_loop.cpp.obj
[111/117] Linking CXX shared library Release\xlang3_runtime.dll
[112/117] Linking CXX executable Release\xlang3_sdk_stream_call_tests.exe
[113/117] Linking CXX executable Release\xlang3_runtime_value_tests.exe
[114/117] Linking CXX executable Release\xlang3_graph_process_tests.exe
[115/117] Linking CXX executable Release\xlang3_interpreter_tests.exe
[116/117] Linking CXX executable Release\xlang3.exe
