EVENT ('before', 'call', 'settrace', 106, 0, 'C:\\Python\\Python314\\Lib\\threading.py')
EVENT ('after', 'call', 'settrace', 106, 1, False)
EVENT ('before', 'return', 'settrace', 106, 1, 'C:\\Python\\Python314\\Lib\\threading.py')
EVENT ('after', 'return', 'settrace', 106, 0, False)
EVENT ('before', 'call', 'fibonacci', 35, 0, 'D:\\CantorAI\\xlang3\\scratch\\performance\\coverage-trace-events-untimed-child-20261009.py')
EVENT ('after', 'call', 'fibonacci', 35, 1, False)
EVENT ('before', 'line', 'fibonacci', 35, 1, 'D:\\CantorAI\\xlang3\\scratch\\performance\\coverage-trace-events-untimed-child-20261009.py')
EVENT ('after', 'line', 'fibonacci', 35, 1, False)
EVENT ('before', 'line', 'fibonacci', 37, 1, 'D:\\CantorAI\\xlang3\\scratch\\performance\\coverage-trace-events-untimed-child-20261009.py')
EVENT ('after', 'line', 'fibonacci', 37, 1, False)
EVENT ('before', 'call', 'fibonacci', 35, 1, 'D:\\CantorAI\\xlang3\\scratch\\performance\\coverage-trace-events-untimed-child-20261009.py')
EVENT ('after', 'call', 'fibonacci', 35, 2, False)
EVENT ('before', 'line', 'fibonacci', 35, 2, 'D:\\CantorAI\\xlang3\\scratch\\performance\\coverage-trace-events-untimed-child-20261009.py')
EVENT ('after', 'line', 'fibonacci', 35, 2, False)
EVENT ('before', 'line', 'fibonacci', 37, 2, 'D:\\CantorAI\\xlang3\\scratch\\performance\\coverage-trace-events-untimed-child-20261009.py')
EVENT ('after', 'line', 'fibonacci', 37, 2, False)
EVENT ('before', 'call', 'fibonacci', 35, 2, 'D:\\CantorAI\\xlang3\\scratch\\performance\\coverage-trace-events-untimed-child-20261009.py')
EVENT ('after', 'call', 'fibonacci', 35, 3, False)
EVENT ('before', 'line', 'fibonacci', 35, 3, 'D:\\CantorAI\\xlang3\\scratch\\performance\\coverage-trace-events-untimed-child-20261009.py')
EVENT ('after', 'line', 'fibonacci', 35, 3, False)
EVENT ('before', 'line', 'fibonacci', 36, 3, 'D:\\CantorAI\\xlang3\\scratch\\performance\\coverage-trace-events-untimed-child-20261009.py')
EVENT ('after', 'line', 'fibonacci', 36, 3, False)
EVENT ('before', 'return', 'fibonacci', 36, 3, 'D:\\CantorAI\\xlang3\\scratch\\performance\\coverage-trace-events-untimed-child-20261009.py')
EVENT ('after', 'return', 'fibonacci', 36, 2, False)
EVENT ('before', 'call', 'fibonacci', 35, 2, 'D:\\CantorAI\\xlang3\\scratch\\performance\\coverage-trace-events-untimed-child-20261009.py')
EVENT ('after', 'call', 'fibonacci', 35, 3, False)
EVENT ('before', 'line', 'fibonacci', 35, 3, 'D:\\CantorAI\\xlang3\\scratch\\performance\\coverage-trace-events-untimed-child-20261009.py')
EVENT ('after', 'line', 'fibonacci', 35, 3, False)
EVENT ('before', 'line', 'fibonacci', 36, 3, 'D:\\CantorAI\\xlang3\\scratch\\performance\\coverage-trace-events-untimed-child-20261009.py')
EVENT ('after', 'line', 'fibonacci', 36, 3, False)
EVENT ('before', 'return', 'fibonacci', 36, 3, 'D:\\CantorAI\\xlang3\\scratch\\performance\\coverage-trace-events-untimed-child-20261009.py')
EVENT ('after', 'return', 'fibonacci', 36, 2, False)
EVENT ('before', 'return', 'fibonacci', 37, 2, 'D:\\CantorAI\\xlang3\\scratch\\performance\\coverage-trace-events-untimed-child-20261009.py')
EVENT ('after', 'return', 'fibonacci', 37, 1, False)
EVENT ('before', 'call', 'fibonacci', 35, 1, 'D:\\CantorAI\\xlang3\\scratch\\performance\\coverage-trace-events-untimed-child-20261009.py')
EVENT ('after', 'call', 'fibonacci', 35, 2, False)
EVENT ('before', 'line', 'fibonacci', 35, 2, 'D:\\CantorAI\\xlang3\\scratch\\performance\\coverage-trace-events-untimed-child-20261009.py')
EVENT ('after', 'line', 'fibonacci', 35, 2, False)
EVENT ('before', 'line', 'fibonacci', 36, 2, 'D:\\CantorAI\\xlang3\\scratch\\performance\\coverage-trace-events-untimed-child-20261009.py')
EVENT ('after', 'line', 'fibonacci', 36, 2, False)
EVENT ('before', 'return', 'fibonacci', 36, 2, 'D:\\CantorAI\\xlang3\\scratch\\performance\\coverage-trace-events-untimed-child-20261009.py')
EVENT ('after', 'return', 'fibonacci', 36, 1, False)
EVENT ('before', 'return', 'fibonacci', 37, 1, 'D:\\CantorAI\\xlang3\\scratch\\performance\\coverage-trace-events-untimed-child-20261009.py')
EVENT ('after', 'return', 'fibonacci', 37, 0, False)
EVENT ('before', 'call', 'stop', 654, 0, 'D:\\CantorAI\\xlang3\\venv\\cpython3.14-a6792301b742-compat-31b33d68c68a\\Lib\\site-packages\\coverage\\control.py')
EVENT ('after', 'call', 'stop', 654, 1, False)
EVENT ('before', 'call', 'stop', 352, 1, 'D:\\CantorAI\\xlang3\\venv\\cpython3.14-a6792301b742-compat-31b33d68c68a\\Lib\\site-packages\\coverage\\collector.py')
EVENT ('after', 'call', 'stop', 352, 2, False)
EVENT ('before', 'call', 'pause', 371, 2, 'D:\\CantorAI\\xlang3\\venv\\cpython3.14-a6792301b742-compat-31b33d68c68a\\Lib\\site-packages\\coverage\\collector.py')
EVENT ('after', 'call', 'pause', 371, 3, False)
EVENT ('before', 'call', 'ident', 1162, 3, 'C:\\Python\\Python314\\Lib\\threading.py')
EVENT ('after', 'call', 'ident', 1162, 2, True)
EVENT ('before', 'return', 'pause', 378, 2, 'D:\\CantorAI\\xlang3\\venv\\cpython3.14-a6792301b742-compat-31b33d68c68a\\Lib\\site-packages\\coverage\\collector.py')
EVENT ('after', 'return', 'pause', 378, 1, False)
EVENT ('before', 'return', 'stop', 366, 1, 'D:\\CantorAI\\xlang3\\venv\\cpython3.14-a6792301b742-compat-31b33d68c68a\\Lib\\site-packages\\coverage\\collector.py')
EVENT ('after', 'return', 'stop', 366, 0, False)
EVENT ('before', 'return', 'stop', 660, 0, 'D:\\CantorAI\\xlang3\\venv\\cpython3.14-a6792301b742-compat-31b33d68c68a\\Lib\\site-packages\\coverage\\control.py')
EVENT ('error', 'return', 'stop', 660, 0, 'IndexError', "IndexError('pop from empty list')")
