PASS 2 TRACE_DISABLED True
RECORD_COUNT 52
EVENT ('before', 'call', 'settrace', 99, 0, 'C:\\Python\\Python314\\Lib\\threading.py')
EVENT ('after', 'call', 'settrace', 99, 1, False)
EVENT ('before', 'return', 'settrace', 106, 1, 'C:\\Python\\Python314\\Lib\\threading.py')
EVENT ('after', 'return', 'settrace', 106, 0, False)
EVENT ('before', 'call', 'fibonacci', 34, 0, 'D:\\CantorAI\\xlang3\\scratch\\performance\\coverage-trace-events-untimed-child-20261009.py')
EVENT ('after', 'call', 'fibonacci', 34, 1, False)
EVENT ('before', 'line', 'fibonacci', 35, 1, 'D:\\CantorAI\\xlang3\\scratch\\performance\\coverage-trace-events-untimed-child-20261009.py')
EVENT ('after', 'line', 'fibonacci', 35, 1, False)
EVENT ('before', 'line', 'fibonacci', 37, 1, 'D:\\CantorAI\\xlang3\\scratch\\performance\\coverage-trace-events-untimed-child-20261009.py')
EVENT ('after', 'line', 'fibonacci', 37, 1, False)
EVENT ('before', 'call', 'fibonacci', 34, 1, 'D:\\CantorAI\\xlang3\\scratch\\performance\\coverage-trace-events-untimed-child-20261009.py')
EVENT ('after', 'call', 'fibonacci', 34, 2, False)
EVENT ('before', 'line', 'fibonacci', 35, 2, 'D:\\CantorAI\\xlang3\\scratch\\performance\\coverage-trace-events-untimed-child-20261009.py')
EVENT ('after', 'line', 'fibonacci', 35, 2, False)
EVENT ('before', 'line', 'fibonacci', 37, 2, 'D:\\CantorAI\\xlang3\\scratch\\performance\\coverage-trace-events-untimed-child-20261009.py')
EVENT ('after', 'line', 'fibonacci', 37, 2, False)
EVENT ('before', 'call', 'fibonacci', 34, 2, 'D:\\CantorAI\\xlang3\\scratch\\performance\\coverage-trace-events-untimed-child-20261009.py')
EVENT ('after', 'call', 'fibonacci', 34, 3, False)
EVENT ('before', 'line', 'fibonacci', 35, 3, 'D:\\CantorAI\\xlang3\\scratch\\performance\\coverage-trace-events-untimed-child-20261009.py')
EVENT ('after', 'line', 'fibonacci', 35, 3, False)
EVENT ('before', 'line', 'fibonacci', 36, 3, 'D:\\CantorAI\\xlang3\\scratch\\performance\\coverage-trace-events-untimed-child-20261009.py')
EVENT ('after', 'line', 'fibonacci', 36, 3, False)
EVENT ('before', 'return', 'fibonacci', 36, 3, 'D:\\CantorAI\\xlang3\\scratch\\performance\\coverage-trace-events-untimed-child-20261009.py')
EVENT ('after', 'return', 'fibonacci', 36, 2, False)
EVENT ('before', 'call', 'fibonacci', 34, 2, 'D:\\CantorAI\\xlang3\\scratch\\performance\\coverage-trace-events-untimed-child-20261009.py')
EVENT ('after', 'call', 'fibonacci', 34, 3, False)
EVENT ('before', 'line', 'fibonacci', 35, 3, 'D:\\CantorAI\\xlang3\\scratch\\performance\\coverage-trace-events-untimed-child-20261009.py')
EVENT ('after', 'line', 'fibonacci', 35, 3, False)
EVENT ('before', 'line', 'fibonacci', 36, 3, 'D:\\CantorAI\\xlang3\\scratch\\performance\\coverage-trace-events-untimed-child-20261009.py')
EVENT ('after', 'line', 'fibonacci', 36, 3, False)
EVENT ('before', 'return', 'fibonacci', 36, 3, 'D:\\CantorAI\\xlang3\\scratch\\performance\\coverage-trace-events-untimed-child-20261009.py')
EVENT ('after', 'return', 'fibonacci', 36, 2, False)
EVENT ('before', 'return', 'fibonacci', 37, 2, 'D:\\CantorAI\\xlang3\\scratch\\performance\\coverage-trace-events-untimed-child-20261009.py')
EVENT ('after', 'return', 'fibonacci', 37, 1, False)
EVENT ('before', 'call', 'fibonacci', 34, 1, 'D:\\CantorAI\\xlang3\\scratch\\performance\\coverage-trace-events-untimed-child-20261009.py')
EVENT ('after', 'call', 'fibonacci', 34, 2, False)
EVENT ('before', 'line', 'fibonacci', 35, 2, 'D:\\CantorAI\\xlang3\\scratch\\performance\\coverage-trace-events-untimed-child-20261009.py')
EVENT ('after', 'line', 'fibonacci', 35, 2, False)
EVENT ('before', 'line', 'fibonacci', 36, 2, 'D:\\CantorAI\\xlang3\\scratch\\performance\\coverage-trace-events-untimed-child-20261009.py')
EVENT ('after', 'line', 'fibonacci', 36, 2, False)
EVENT ('before', 'return', 'fibonacci', 36, 2, 'D:\\CantorAI\\xlang3\\scratch\\performance\\coverage-trace-events-untimed-child-20261009.py')
EVENT ('after', 'return', 'fibonacci', 36, 1, False)
EVENT ('before', 'return', 'fibonacci', 37, 1, 'D:\\CantorAI\\xlang3\\scratch\\performance\\coverage-trace-events-untimed-child-20261009.py')
EVENT ('after', 'return', 'fibonacci', 37, 0, False)
EVENT ('before', 'call', 'stop', 652, 0, 'D:\\CantorAI/xlang3/venv/cpython3.14-a6792301b742-compat-31b33d68c68a/Lib/site-packages\\coverage\\control.py')
EVENT ('after', 'call', 'stop', 652, 1, False)
EVENT ('before', 'call', 'stop', 350, 1, 'D:\\CantorAI/xlang3/venv/cpython3.14-a6792301b742-compat-31b33d68c68a/Lib/site-packages\\coverage\\collector.py')
EVENT ('after', 'call', 'stop', 350, 2, False)
EVENT ('before', 'call', 'pause', 369, 2, 'D:\\CantorAI/xlang3/venv/cpython3.14-a6792301b742-compat-31b33d68c68a/Lib/site-packages\\coverage\\collector.py')
EVENT ('after', 'call', 'pause', 369, 3, False)
EVENT ('before', 'call', 'ident', 1153, 3, 'C:\\Python\\Python314\\Lib\\threading.py')
EVENT ('after', 'call', 'ident', 1153, 2, True)
