WARNING: unable to increase process priority
.WARNING: unable to increase process priority
.WARNING: unable to increase process priority
.WARNING: unable to increase process priority
.WARNING: unable to increase process priority
.WARNING: unable to increase process priority
.WARNING: unable to increase process priority
.WARNING: unable to increase process priority
.WARNING: unable to increase process priority
.WARNING: unable to increase process priority
.WARNING: unable to increase process priority
.
WARNING: the benchmark result may be unstable
* the standard deviation (751 us) is 15% of the mean (5.03 ms)

Try to rerun the benchmark with more runs, values and/or loops.
Run 'python.exe -m pyperf system tune' command to reduce the system jitter.
Use pyperf stats, pyperf dump and pyperf hist to analyze results.
Use --quiet option to hide these warnings.

deepcopy: Mean +- std dev: 5.03 ms +- 0.75 ms
WARNING: unable to increase process priority
.WARNING: unable to increase process priority
.WARNING: unable to increase process priority
.WARNING: unable to increase process priority
.WARNING: unable to increase process priority
.WARNING: unable to increase process priority
.WARNING: unable to increase process priority
.WARNING: unable to increase process priority
.WARNING: unable to increase process priority
.WARNING: unable to increase process priority
.WARNING: unable to increase process priority
.
deepcopy_reduce: Mean +- std dev: 43.4 us +- 0.4 us
WARNING: unable to increase process priority
.WARNING: unable to increase process priority
.WARNING: unable to increase process priority
.WARNING: unable to increase process priority
.WARNING: unable to increase process priority
.WARNING: unable to increase process priority
.WARNING: unable to increase process priority
.WARNING: unable to increase process priority
.WARNING: unable to increase process priority
.WARNING: unable to increase process priority
.WARNING: unable to increase process priority
.
WARNING: the benchmark result may be unstable
* Not enough samples to get a stable result (95% certainly of less than 1% variation)

Try to rerun the benchmark with more runs, values and/or loops.
Run 'python.exe -m pyperf system tune' command to reduce the system jitter.
Use pyperf stats, pyperf dump and pyperf hist to analyze results.
Use --quiet option to hide these warnings.

deepcopy_memo: Mean +- std dev: 567 us +- 5 us
