[0/2] Re-checking globbed directories...
[1/34] Linking CXX static library Release\xlang3_task_runtime.lib
[2/34] Linking CXX static library Release\xlang3_thread_runtime.lib
[3/34] Linking CXX static library Release\xlang3_system_runtime.lib
[4/34] Building CXX object CMakeFiles\xlang3_runtime_static.dir\Release\src\runtime\runtime.cpp.obj
[5/34] Building CXX object CMakeFiles\xlang3_runtime.dir\Release\src\runtime\runtime.cpp.obj
[6/34] Building CXX object CMakeFiles\xlang3_interpreter_tests.dir\Release\tests\cpp\interpreter_tests.cpp.obj
[7/34] Building CXX object CMakeFiles\xlang3_runtime.dir\Release\src\executor\xlang_vm\xlang_vm_loop.cpp.obj
[8/34] Building CXX object CMakeFiles\xlang3_runtime_static.dir\Release\src\executor\xlang_vm\xlang_vm_loop.cpp.obj
[9/34] Linking CXX static library Release\xlang3_runtime_static.lib
[10/34] Linking CXX shared library Release\xlang3_runtime.dll
[11/23] Linking CXX executable Release\xlang3_smoke.exe
[12/23] Linking CXX executable Release\xlang3_runtime_value_tests.exe
[13/23] Linking CXX executable Release\xlang3_memory_tests.exe
[14/23] Linking CXX executable Release\xlang3_parser_tests.exe
[15/23] Linking CXX executable Release\xlang3_vfs_tests.exe
[16/23] Linking CXX executable Release\xlang3_debug_session_tests.exe
[17/23] Linking CXX executable Release\xlang3_module_slot_tests.exe
[18/23] Linking CXX executable Release\xlang3.exe
[19/23] Linking CXX executable Release\xlang3_task_tests.exe
[20/23] Linking CXX executable Release\xlang3_interpreter_tests.exe
[21/23] Linking CXX executable Release\xlang3_dap_session_tests.exe
[22/23] Linking CXX executable Release\xlang3_ir_codec_tests.exe
