Python benchmark suite 1.14.0


==================================================
( 1/2) creating venv for benchmark (deltablue)

(trying common venv first)

==================================================
( 2/2) creating venv for benchmark (unpickle_pure_python)

(trying common venv first)

[1/2] deltablue...
...........
WARNING: the benchmark result may be unstable
* the standard deviation (4.92 ms) is 12% of the mean (41.9 ms)

Try to rerun the benchmark with more runs, values and/or loops.
Run 'xlang3.exe -m pyperf system tune' command to reduce the system jitter.
Use pyperf stats, pyperf dump and pyperf hist to analyze results.
Use --quiet option to hide these warnings.

deltablue: Mean +- std dev: 41.9 ms +- 4.9 ms
[2/2] unpickle_pure_python...
...........
WARNING: the benchmark result may be unstable
* Not enough samples to get a stable result (95% certainly of less than 1% variation)

Try to rerun the benchmark with more runs, values and/or loops.
Run 'xlang3.exe -m pyperf system tune' command to reduce the system jitter.
Use pyperf stats, pyperf dump and pyperf hist to analyze results.
Use --quiet option to hide these warnings.

unpickle_pure_python: Mean +- std dev: 3.29 ms +- 0.05 ms

Performance version: 1.14.0

### deltablue ###
Mean +- std dev: 41.9 ms +- 4.9 ms

### unpickle_pure_python ###
Mean +- std dev: 3.29 ms +- 0.05 ms

