[0/2] Re-checking globbed directories...
[1/246] Building CXX object CMakeFiles\xlang3_system_runtime.dir\Release\src\runtime\modules\system\locale_module.cpp.obj
[2/246] Building CXX object CMakeFiles\xlang3_system_runtime.dir\Release\src\runtime\modules\system\bisect_module.cpp.obj
[3/246] Building CXX object CMakeFiles\xlang3_system_runtime.dir\Release\src\runtime\modules\system\abc_module.cpp.obj
[4/246] Building CXX object CMakeFiles\xlang3_system_runtime.dir\Release\src\runtime\modules\system\decimal_module.cpp.obj
[5/246] Building CXX object CMakeFiles\xlang3_task_runtime.dir\Release\src\runtime\modules\task\task_module.cpp.obj
[6/246] Building CXX object CMakeFiles\xlang3_system_runtime.dir\Release\src\runtime\modules\system\binascii_module.cpp.obj
[7/246] Building CXX object CMakeFiles\xlang3_thread_runtime.dir\Release\src\runtime\modules\thread\thread_module.cpp.obj
[8/246] Building CXX object CMakeFiles\xlang3_system_runtime.dir\Release\src\runtime\modules\system\heapq_module.cpp.obj
[9/246] Building CXX object CMakeFiles\xlang3_task_runtime.dir\Release\src\runtime\modules\task\task_objects.cpp.obj
[10/246] Building CXX object CMakeFiles\xlang3_system_runtime.dir\Release\src\runtime\modules\system\atexit_module.cpp.obj
[11/246] Building CXX object CMakeFiles\xlang3_system_runtime.dir\Release\src\runtime\modules\system\cmath_module.cpp.obj
[12/246] Building CXX object CMakeFiles\xlang3_system_runtime.dir\Release\src\runtime\modules\system\asyncio_module.cpp.obj
[13/246] Building CXX object CMakeFiles\xlang3_system_runtime.dir\Release\src\runtime\modules\system\asyncio_future.cpp.obj
[14/246] Building CXX object CMakeFiles\xlang3_system_runtime.dir\Release\src\runtime\modules\system\asyncio_task.cpp.obj
[15/246] Building CXX object CMakeFiles\xlang3_thread_runtime.dir\Release\src\runtime\modules\thread\thread_objects.cpp.obj
[16/246] Building CXX object CMakeFiles\xlang3_system_runtime.dir\Release\src\runtime\modules\system\csv_module.cpp.obj
[17/246] Building CXX object CMakeFiles\xlang3_system_runtime.dir\Release\src\runtime\modules\system\contextvars_module.cpp.obj
[18/246] Building CXX object CMakeFiles\xlang3_system_runtime.dir\Release\src\runtime\modules\system\collections_module.cpp.obj
[19/246] Building CXX object CMakeFiles\xlang3_system_runtime.dir\Release\src\runtime\modules\system\multibytecodec_module.cpp.obj
[20/246] Building CXX object CMakeFiles\xlang3_system_runtime.dir\Release\src\runtime\modules\system\bz2_module.cpp.obj
[21/246] Building CXX object CMakeFiles\xlang3_system_runtime.dir\Release\src\runtime\modules\system\ast_module.cpp.obj
[22/246] Building CXX object CMakeFiles\xlang3_system_runtime.dir\Release\src\runtime\modules\system\codecs_module.cpp.obj
[23/246] Building CXX object CMakeFiles\xlang3_system_runtime.dir\Release\src\runtime\modules\system\faulthandler_module.cpp.obj
[24/246] Building CXX object CMakeFiles\xlang3_system_runtime.dir\Release\src\runtime\modules\system\functools_module.cpp.obj
[25/246] Building CXX object CMakeFiles\xlang3_system_runtime.dir\Release\src\runtime\modules\system\array_module.cpp.obj
[26/246] Building CXX object CMakeFiles\xlang3_system_runtime.dir\Release\src\runtime\modules\system\errno_module.cpp.obj
[27/246] Building CXX object CMakeFiles\xlang3_system_runtime.dir\Release\src\runtime\modules\system\itertools_module.cpp.obj
[28/246] Building CXX object CMakeFiles\xlang3_system_runtime.dir\Release\src\runtime\modules\system\imp_module.cpp.obj
[29/246] Building CXX object CMakeFiles\xlang3_system_runtime.dir\Release\src\runtime\modules\system\ctypes_module.cpp.obj
[30/246] Building CXX object CMakeFiles\xlang3_system_runtime.dir\Release\src\runtime\modules\system\gc_module.cpp.obj
[31/246] Building CXX object CMakeFiles\xlang3_system_runtime.dir\Release\src\runtime\modules\system\json_module.cpp.obj
[32/246] Building CXX object CMakeFiles\xlang3_system_runtime.dir\Release\src\runtime\modules\system\opcode_module.cpp.obj
[33/246] Building CXX object CMakeFiles\xlang3_system_runtime.dir\Release\src\runtime\modules\system\marshal_module.cpp.obj
[34/246] Building CXX object CMakeFiles\xlang3_system_runtime.dir\Release\src\runtime\modules\system\lsprof_module.cpp.obj
[35/246] Building CXX object CMakeFiles\xlang3_system_runtime.dir\Release\src\runtime\modules\system\operator_module.cpp.obj
[36/246] Building CXX object CMakeFiles\xlang3_system_runtime.dir\Release\src\runtime\modules\system\multiprocessing_module.cpp.obj
[37/246] Building CXX object CMakeFiles\xlang3_system_runtime.dir\Release\src\runtime\modules\system\importlib_module.cpp.obj
[38/246] Building CXX object CMakeFiles\xlang3_system_runtime.dir\Release\src\runtime\modules\system\io_module.cpp.obj
[39/246] Building CXX object CMakeFiles\xlang3_system_runtime.dir\Release\src\runtime\modules\system\interpreters_module.cpp.obj
[40/246] Building CXX object CMakeFiles\xlang3_system_runtime.dir\Release\src\runtime\modules\system\msvcrt_module.cpp.obj
[41/246] Building CXX object CMakeFiles\xlang3_system_runtime.dir\Release\src\runtime\modules\system\overlapped_module.cpp.obj
[42/246] Building CXX object CMakeFiles\xlang3_system_runtime.dir\Release\src\runtime\modules\system\queue_module.cpp.obj
[43/246] Building CXX object CMakeFiles\xlang3_system_runtime.dir\Release\src\runtime\modules\system\pickle_module.cpp.obj
[44/246] Building CXX object CMakeFiles\xlang3_system_runtime.dir\Release\src\runtime\modules\system\os_module.cpp.obj
[45/246] Building CXX object CMakeFiles\xlang3_system_runtime.dir\Release\src\runtime\modules\system\stat_module.cpp.obj
[46/246] Building CXX object CMakeFiles\xlang3_system_runtime.dir\Release\src\runtime\modules\system\pyexpat_module.cpp.obj
[47/246] Building CXX object CMakeFiles\xlang3_system_runtime.dir\Release\src\runtime\modules\system\sha2_module.cpp.obj
[48/246] Building CXX object CMakeFiles\xlang3_system_runtime.dir\Release\src\runtime\modules\system\string_module.cpp.obj
[49/246] Building CXX object CMakeFiles\xlang3_system_runtime.dir\Release\src\runtime\modules\system\sysconfig_native_module.cpp.obj
[50/246] Building CXX object CMakeFiles\xlang3_system_runtime.dir\Release\src\runtime\modules\system\random_module.cpp.obj
[51/246] Building CXX object CMakeFiles\xlang3_system_runtime.dir\Release\src\runtime\modules\system\unicodedata_module.cpp.obj
[52/246] Building CXX object CMakeFiles\xlang3_system_runtime.dir\Release\src\runtime\modules\system\typing_module.cpp.obj
[53/246] Building CXX object CMakeFiles\xlang3_system_runtime.dir\Release\src\runtime\modules\system\struct_module.cpp.obj
[54/246] Building CXX object CMakeFiles\xlang3_system_runtime.dir\Release\src\runtime\modules\system\warnings_module.cpp.obj
[55/246] Building CXX object CMakeFiles\xlang3_system_runtime.dir\Release\src\runtime\modules\system\tokenize_module.cpp.obj
[56/246] Building CXX object CMakeFiles\xlang3_system_runtime.dir\Release\src\runtime\modules\system\socket_select_module.cpp.obj
[57/246] Building CXX object CMakeFiles\xlang3_system_runtime.dir\Release\src\runtime\modules\system\signal_module.cpp.obj
[58/246] Building CXX object CMakeFiles\xlang3_system_runtime.dir\Release\src\runtime\modules\system\sre_module.cpp.obj
[59/246] Building CXX object CMakeFiles\xlang3_system_runtime.dir\Release\src\runtime\modules\system\posix_process_module.cpp.obj
[60/246] Building CXX object CMakeFiles\xlang3_system_runtime.dir\Release\src\runtime\modules\system\time_module.cpp.obj
[61/246] Building CXX object CMakeFiles\xlang3_system_runtime.dir\Release\src\runtime\modules\system\weakref_module.cpp.obj
[62/246] Building CXX object CMakeFiles\xlang3_runtime.dir\Release\src\builtins\builtins.cpp.obj
[63/246] Building CXX object CMakeFiles\xlang3_system_runtime.dir\Release\src\runtime\modules\system\zlib_module.cpp.obj
[64/246] Building CXX object CMakeFiles\xlang3_runtime.dir\Release\src\builtins\builtin_modules.cpp.obj
[65/246] Building CXX object CMakeFiles\xlang3_system_runtime.dir\Release\src\runtime\modules\system\winapi_module.cpp.obj
[66/246] Building CXX object CMakeFiles\xlang3_system_runtime.dir\Release\src\runtime\modules\system\sys_module.cpp.obj
[67/246] Building CXX object CMakeFiles\xlang3_system_runtime.dir\Release\src\runtime\modules\system\zipimport_module.cpp.obj
[68/246] Building CXX object CMakeFiles\xlang3_system_runtime.dir\Release\src\runtime\modules\system\winreg_module.cpp.obj
[69/246] Building CXX object CMakeFiles\xlang3_runtime.dir\Release\src\ipc\shared_memory_transport.cpp.obj
[70/246] Building CXX object CMakeFiles\xlang3_runtime.dir\Release\src\builtins\raw_block_builtins.cpp.obj
[71/246] Building CXX object CMakeFiles\xlang3_runtime.dir\Release\src\runtime\c_api_bridge.cpp.obj
[72/246] Building CXX object CMakeFiles\xlang3_runtime.dir\Release\src\serialize\ipc_value_marshal.cpp.obj
[73/246] Building CXX object CMakeFiles\xlang3_runtime.dir\Release\src\builtins\math_module.cpp.obj
[74/246] Building CXX object CMakeFiles\xlang3_runtime.dir\Release\src\builtins\sequence_builtins.cpp.obj
[75/246] Building CXX object CMakeFiles\xlang3_runtime.dir\Release\src\builtins\exception_builtins.cpp.obj
[76/246] Building CXX object CMakeFiles\xlang3_runtime.dir\Release\src\runtime\attribute.cpp.obj
[77/246] Building CXX object CMakeFiles\xlang3_runtime.dir\Release\src\builtins\io_builtins.cpp.obj
[78/246] Building CXX object CMakeFiles\xlang3_runtime.dir\Release\src\runtime\expression.cpp.obj
[79/246] Building CXX object CMakeFiles\xlang3_runtime.dir\Release\src\runtime\exceptions.cpp.obj
[80/246] Building CXX object CMakeFiles\xlang3_runtime.dir\Release\src\ipc\ipc_runtime.cpp.obj
[81/246] Building CXX object CMakeFiles\xlang3_runtime.dir\Release\src\runtime\perf_counters.cpp.obj
[82/246] Building CXX object modules\ctypes\CMakeFiles\xlang3_ctypes_ffi.dir\Release\ctypes_ffi.cpp.obj
[83/246] Building CXX object CMakeFiles\xlang3_runtime.dir\Release\src\runtime\methods\list_methods.cpp.obj
[84/246] Building CXX object CMakeFiles\xlang3_runtime.dir\Release\src\runtime\methods\tuple_methods.cpp.obj
[85/246] Building CXX object CMakeFiles\xlang3_runtime.dir\Release\src\runtime\methods\set_methods.cpp.obj
[86/246] Building CXX object CMakeFiles\xlang3_runtime.dir\Release\src\runtime\methods\dict_methods.cpp.obj
[87/246] Building CXX object CMakeFiles\xlang3_runtime.dir\Release\src\runtime\bigint.cpp.obj
[88/246] Building CXX object CMakeFiles\xlang3_runtime.dir\Release\src\runtime\methods\int_methods.cpp.obj
[89/246] Building CXX object CMakeFiles\xlang3_runtime.dir\Release\src\runtime\methods\iterator_methods.cpp.obj
[90/246] Building CXX object CMakeFiles\xlang3_runtime.dir\Release\src\runtime\generator.cpp.obj
[91/246] Building CXX object CMakeFiles\xlang3_runtime.dir\Release\src\runtime\methods\property_methods.cpp.obj
[92/246] Building CXX object CMakeFiles\xlang3_runtime.dir\Release\src\runtime\value_hash.cpp.obj
[93/246] Building CXX object CMakeFiles\xlang3_runtime.dir\Release\src\runtime\unicode_names.cpp.obj
[94/246] Building CXX object CMakeFiles\xlang3_runtime.dir\Release\src\runtime\module_slots.cpp.obj
[95/246] Building CXX object CMakeFiles\xlang3_runtime.dir\Release\src\rpc\object_table.cpp.obj
[96/246] Building CXX object CMakeFiles\xlang3_runtime.dir\Release\src\runtime\set_object.cpp.obj
[97/246] Building CXX object CMakeFiles\xlang3_runtime.dir\Release\src\runtime\methods\file_methods.cpp.obj
[98/246] Building CXX object CMakeFiles\xlang3_runtime.dir\Release\src\runtime\functional_iterators.cpp.obj
[99/246] Building CXX object CMakeFiles\xlang3_runtime.dir\Release\src\executor\xlang_vm\xlang_vm_attr.cpp.obj
[100/246] Building CXX object CMakeFiles\xlang3_runtime.dir\Release\src\ir\codec.cpp.obj
[101/246] Building CXX object CMakeFiles\xlang3_runtime.dir\Release\src\runtime\methods\string_methods.cpp.obj
[102/246] Building CXX object CMakeFiles\xlang3_runtime.dir\Release\src\runtime\module_object.cpp.obj
[103/246] Building CXX object CMakeFiles\xlang3_runtime.dir\Release\src\runtime\methods\bytes_methods.cpp.obj
[104/246] Building CXX object CMakeFiles\xlang3_runtime.dir\Release\src\debug\debug_session.cpp.obj
[105/246] Building CXX object CMakeFiles\xlang3_runtime.dir\Release\src\ir\dump.cpp.obj
[106/246] Building CXX object CMakeFiles\xlang3_runtime.dir\Release\src\runtime\mapping.cpp.obj
[107/246] Building CXX object CMakeFiles\xlang3_runtime.dir\Release\src\runtime\value.cpp.obj
[108/246] Building CXX object CMakeFiles\xlang3_runtime.dir\Release\src\runtime\sequence.cpp.obj
[109/246] Building CXX object CMakeFiles\xlang3_runtime.dir\Release\src\ipc\shared_memory_transport_win32.cpp.obj
[110/246] Building CXX object CMakeFiles\xlang3_runtime.dir\Release\src\api\buffer_api.cpp.obj
[111/246] Building CXX object CMakeFiles\xlang3_runtime.dir\Release\src\tensor\tensor_storage.cpp.obj
[112/246] Building CXX object CMakeFiles\xlang3_runtime.dir\Release\src\tensor\tensor_serialization.cpp.obj
[113/246] Building CXX object CMakeFiles\xlang3_runtime.dir\Release\src\api\stream_api.cpp.obj
[114/246] Building CXX object CMakeFiles\xlang3_runtime.dir\Release\src\api\ipc_api.cpp.obj
[115/246] Building CXX object CMakeFiles\xlang3_runtime.dir\Release\src\parser\lexer.cpp.obj
[116/246] Building CXX object CMakeFiles\xlang3_runtime.dir\Release\src\api\native_serialization_api.cpp.obj
[117/246] Building CXX object CMakeFiles\xlang3_runtime.dir\Release\src\tensor\tensor_api.cpp.obj
[118/246] Building CXX object CMakeFiles\xlang3_runtime.dir\Release\src\api\protocol_api.cpp.obj
[119/246] Building CXX object CMakeFiles\xlang3_runtime.dir\Release\src\api\c_api.cpp.obj
[120/246] Building CXX object CMakeFiles\xlang3_runtime.dir\Release\src\tensor\tensor_graph.cpp.obj
[121/246] Linking CXX static library Release\xlang3_thread_runtime.lib
[122/246] Linking CXX static library modules\ctypes\Release\xlang3_ctypes_ffi.lib
[123/246] Building CXX object CMakeFiles\xlang3_runtime.dir\Release\src\executor\xlang_vm\xlang_interpreter.cpp.obj
[124/246] Linking CXX static library Release\xlang3_task_runtime.lib
[125/246] Building CXX object CMakeFiles\xlang3_runtime.dir\Release\src\serialize\value_graph_lifetime.cpp.obj
[126/246] Building CXX object CMakeFiles\xlang3_runtime.dir\Release\src\builtins\object_type_builtins.cpp.obj
[127/246] Building CXX object CMakeFiles\xlang3_runtime.dir\Release\src\tensor\tensor_cpu.cpp.obj
[128/246] Building CXX object CMakeFiles\xlang3_runtime.dir\Release\src\tensor\tensor_module.cpp.obj
[129/246] Building CXX object CMakeFiles\xlang3_runtime_static.dir\Release\src\builtins\builtins.cpp.obj
[130/246] Building CXX object CMakeFiles\xlang3_runtime_static.dir\Release\src\builtins\builtin_modules.cpp.obj
[131/246] Building CXX object CMakeFiles\xlang3_runtime.dir\Release\src\serialize\value_graph_writer.cpp.obj
[132/246] Building CXX object CMakeFiles\xlang3_runtime.dir\Release\src\serialize\value_graph_reader.cpp.obj
[133/246] Building CXX object CMakeFiles\xlang3_runtime.dir\Release\src\import\native_package_loader.cpp.obj
[134/246] Building CXX object CMakeFiles\xlang3_runtime_static.dir\Release\src\ipc\shared_memory_transport.cpp.obj
[135/246] Building CXX object CMakeFiles\xlang3_runtime_static.dir\Release\src\builtins\raw_block_builtins.cpp.obj
[136/246] Building CXX object CMakeFiles\xlang3_runtime_static.dir\Release\src\runtime\c_api_bridge.cpp.obj
[137/246] Building CXX object CMakeFiles\xlang3_runtime.dir\Release\src\runtime\runtime.cpp.obj
[138/246] Building CXX object CMakeFiles\xlang3_runtime_static.dir\Release\src\serialize\ipc_value_marshal.cpp.obj
[139/246] Linking CXX static library Release\xlang3_system_runtime.lib
[140/246] Building CXX object CMakeFiles\xlang3_runtime.dir\Release\src\import\import_loader.cpp.obj
[141/246] Building CXX object CMakeFiles\xlang3_runtime.dir\Release\src\debug\dap_session.cpp.obj
[142/246] Building CXX object CMakeFiles\xlang3_runtime_static.dir\Release\src\builtins\sequence_builtins.cpp.obj
[143/246] Building CXX object CMakeFiles\xlang3_runtime_static.dir\Release\src\builtins\math_module.cpp.obj
[144/246] Building CXX object CMakeFiles\xlang3_runtime_static.dir\Release\src\runtime\exceptions.cpp.obj
[145/246] Building CXX object CMakeFiles\xlang3_runtime_static.dir\Release\src\runtime\attribute.cpp.obj
[146/246] Building CXX object CMakeFiles\xlang3_runtime_static.dir\Release\src\runtime\expression.cpp.obj
[147/246] Building CXX object CMakeFiles\xlang3_runtime_static.dir\Release\src\builtins\io_builtins.cpp.obj
[148/246] Building CXX object CMakeFiles\xlang3_runtime_static.dir\Release\src\ipc\ipc_runtime.cpp.obj
[149/246] Building CXX object CMakeFiles\xlang3_runtime_static.dir\Release\src\runtime\methods\list_methods.cpp.obj
[150/246] Building CXX object CMakeFiles\xlang3_runtime_static.dir\Release\src\runtime\methods\int_methods.cpp.obj
[151/246] Building CXX object CMakeFiles\xlang3_runtime_static.dir\Release\src\builtins\exception_builtins.cpp.obj
[152/246] Building CXX object CMakeFiles\xlang3_runtime_static.dir\Release\src\runtime\generator.cpp.obj
[153/246] Building CXX object CMakeFiles\xlang3_runtime_static.dir\Release\src\runtime\methods\tuple_methods.cpp.obj
[154/246] Building CXX object CMakeFiles\xlang3_runtime_static.dir\Release\src\runtime\methods\dict_methods.cpp.obj
[155/246] Building CXX object CMakeFiles\xlang3_runtime_static.dir\Release\src\runtime\bigint.cpp.obj
[156/246] Building CXX object CMakeFiles\xlang3_runtime_static.dir\Release\src\runtime\perf_counters.cpp.obj
[157/246] Building CXX object CMakeFiles\xlang3_runtime_static.dir\Release\src\runtime\methods\set_methods.cpp.obj
[158/246] Building CXX object CMakeFiles\xlang3_runtime_static.dir\Release\src\runtime\methods\iterator_methods.cpp.obj
[159/246] Building CXX object CMakeFiles\xlang3_runtime_static.dir\Release\src\runtime\methods\property_methods.cpp.obj
[160/246] Building CXX object CMakeFiles\xlang3_runtime_static.dir\Release\src\runtime\methods\file_methods.cpp.obj
[161/246] Building CXX object CMakeFiles\xlang3_runtime_static.dir\Release\src\runtime\unicode_names.cpp.obj
[162/246] Building CXX object CMakeFiles\xlang3_runtime_static.dir\Release\src\runtime\functional_iterators.cpp.obj
[163/246] Building CXX object CMakeFiles\xlang3_runtime_static.dir\Release\src\runtime\module_slots.cpp.obj
[164/246] Building CXX object CMakeFiles\xlang3_runtime.dir\Release\src\builtins\functional_builtins.cpp.obj
[165/246] Building CXX object CMakeFiles\xlang3_runtime_static.dir\Release\src\runtime\value_hash.cpp.obj
[166/246] Building CXX object CMakeFiles\xlang3_runtime.dir\Release\src\runtime\object_model.cpp.obj
[167/246] Building CXX object CMakeFiles\xlang3_runtime_static.dir\Release\src\runtime\set_object.cpp.obj
[168/246] Building CXX object CMakeFiles\xlang3_runtime_static.dir\Release\src\runtime\methods\string_methods.cpp.obj
[169/246] Building CXX object CMakeFiles\xlang3_runtime_static.dir\Release\src\rpc\object_table.cpp.obj
[170/246] Building CXX object CMakeFiles\xlang3_runtime_static.dir\Release\src\runtime\methods\bytes_methods.cpp.obj
[171/246] Building CXX object CMakeFiles\xlang3_runtime_static.dir\Release\src\builtins\object_type_builtins.cpp.obj
[172/246] Building CXX object CMakeFiles\xlang3_runtime_static.dir\Release\src\runtime\mapping.cpp.obj
[173/246] Building CXX object CMakeFiles\xlang3_runtime_static.dir\Release\src\runtime\module_object.cpp.obj
[174/246] Building CXX object CMakeFiles\xlang3_runtime.dir\Release\src\sema\lower.cpp.obj
[175/246] Building CXX object CMakeFiles\xlang3_runtime_static.dir\Release\src\executor\xlang_vm\xlang_vm_attr.cpp.obj
[176/246] Building CXX object CMakeFiles\xlang3_runtime_static.dir\Release\src\runtime\value.cpp.obj
[177/246] Building CXX object CMakeFiles\xlang3_runtime_static.dir\Release\src\ir\codec.cpp.obj
[178/246] Building CXX object CMakeFiles\xlang3_runtime_static.dir\Release\src\debug\debug_session.cpp.obj
[179/246] Building CXX object CMakeFiles\xlang3_runtime_static.dir\Release\src\ir\dump.cpp.obj
[180/246] Building CXX object CMakeFiles\xlang3_runtime_static.dir\Release\src\ipc\shared_memory_transport_win32.cpp.obj
[181/246] Building CXX object CMakeFiles\xlang3_runtime_static.dir\Release\src\runtime\sequence.cpp.obj
[182/246] Building CXX object CMakeFiles\xlang3_runtime_static.dir\Release\src\parser\lexer.cpp.obj
[183/246] Building CXX object CMakeFiles\xlang3_runtime_static.dir\Release\src\api\buffer_api.cpp.obj
[184/246] Building CXX object CMakeFiles\xlang3_runtime_static.dir\Release\src\api\stream_api.cpp.obj
[185/246] Building CXX object CMakeFiles\xlang3_runtime_static.dir\Release\src\api\ipc_api.cpp.obj
[186/246] Building CXX object CMakeFiles\xlang3_runtime_static.dir\Release\src\tensor\tensor_storage.cpp.obj
[187/246] Building CXX object CMakeFiles\xlang3_runtime_static.dir\Release\src\api\native_serialization_api.cpp.obj
[188/246] Building CXX object CMakeFiles\xlang3_runtime_static.dir\Release\src\tensor\tensor_serialization.cpp.obj
[189/246] Building CXX object CMakeFiles\xlang3_runtime_static.dir\Release\src\api\protocol_api.cpp.obj
[190/246] Building CXX object CMakeFiles\xlang3_runtime_static.dir\Release\src\tensor\tensor_api.cpp.obj
[191/246] Building CXX object CMakeFiles\xlang3_runtime_static.dir\Release\src\api\c_api.cpp.obj
[192/246] Building CXX object CMakeFiles\xlang3_runtime_static.dir\Release\src\tensor\tensor_graph.cpp.obj
[193/246] Building CXX object CMakeFiles\xlang3_runtime_static.dir\Release\src\serialize\value_graph_lifetime.cpp.obj
[194/246] Building CXX object CMakeFiles\xlang3_runtime_static.dir\Release\src\tensor\tensor_cpu.cpp.obj
[195/246] Building CXX object CMakeFiles\xlang3_abi_ownership.dir\Release\tests\cpp\abi_ownership_tests.cpp.obj
[196/246] Building CXX object CMakeFiles\xlang3_smoke.dir\Release\tests\smoke.cpp.obj
[197/246] Building CXX object CMakeFiles\xlang3_runtime_static.dir\Release\src\executor\xlang_vm\xlang_interpreter.cpp.obj
[198/246] Building CXX object CMakeFiles\xlang3_memory_tests.dir\Release\tests\cpp\memory_tests.cpp.obj
[199/246] Building CXX object CMakeFiles\xlang3_runtime_static.dir\Release\src\tensor\tensor_module.cpp.obj
[200/246] Building CXX object CMakeFiles\xlang3_runtime_static.dir\Release\src\runtime\runtime.cpp.obj
[201/246] Building CXX object CMakeFiles\xlang3_vfs_tests.dir\Release\tests\cpp\vfs_tests.cpp.obj
[202/246] Building CXX object CMakeFiles\xlang3_runtime_static.dir\Release\src\serialize\value_graph_reader.cpp.obj
[203/246] Building CXX object CMakeFiles\xlang3_runtime_static.dir\Release\src\serialize\value_graph_writer.cpp.obj
[204/246] Building CXX object CMakeFiles\xlang3_debug_session_tests.dir\Release\tests\cpp\debug_session_tests.cpp.obj
[205/246] Building CXX object CMakeFiles\xlang3_parser_tests.dir\Release\tests\cpp\parser_tests.cpp.obj
[206/246] Building CXX object CMakeFiles\xlang3_module_slot_tests.dir\Release\tests\cpp\module_slot_tests.cpp.obj
[207/246] Building CXX object CMakeFiles\xlang3_runtime_static.dir\Release\src\debug\dap_session.cpp.obj
[208/246] Building CXX object CMakeFiles\xlang3_task_tests.dir\Release\tests\cpp\task_tests.cpp.obj
[209/246] Building CXX object CMakeFiles\xlang3_ir_codec_tests.dir\Release\tests\cpp\ir_codec_tests.cpp.obj
[210/246] Building CXX object CMakeFiles\xlang3_runtime_static.dir\Release\src\import\native_package_loader.cpp.obj
[211/246] Building CXX object CMakeFiles\xlang3_runtime_static.dir\Release\src\import\import_loader.cpp.obj
[212/246] Building CXX object CMakeFiles\xlang3_runtime_static.dir\Release\src\builtins\functional_builtins.cpp.obj
[213/246] Building CXX object CMakeFiles\xlang3.dir\Release\src\xlang3.cpp.obj
[214/246] Building CXX object CMakeFiles\xlang3_runtime_value_tests.dir\Release\tests\cpp\runtime_value_tests.cpp.obj
[215/246] Building CXX object CMakeFiles\xlang3_dap_session_tests.dir\Release\tests\cpp\dap_session_tests.cpp.obj
[216/246] Building CXX object CMakeFiles\xlang3_runtime_static.dir\Release\src\runtime\object_model.cpp.obj
[217/246] Building CXX object CMakeFiles\xlang3_runtime.dir\Release\src\executor\xlang_vm\xlang_vm_loop.cpp.obj
[218/246] Building CXX object CMakeFiles\xlang3_runtime_static.dir\Release\src\sema\lower.cpp.obj
[219/246] Building CXX object CMakeFiles\xlang3_interpreter_tests.dir\Release\tests\cpp\interpreter_tests.cpp.obj
[220/246] Building CXX object CMakeFiles\xlang3_runtime_static.dir\Release\src\executor\xlang_vm\xlang_vm_loop.cpp.obj
[221/246] Linking CXX static library Release\xlang3_runtime_static.lib
[222/246] Linking CXX shared library Release\xlang3_runtime.dll
[223/236] Linking CXX executable Release\xlang3_smoke.exe
[224/236] Linking CXX executable Release\xlang3_abi_ownership.exe
[225/236] Linking CXX executable Release\xlang3_runtime_value_tests.exe
[226/236] Linking CXX executable Release\xlang3_memory_tests.exe
[227/236] Linking CXX executable Release\xlang3_vfs_tests.exe
[228/236] Linking CXX executable Release\xlang3_parser_tests.exe
[229/236] Linking CXX executable Release\xlang3_debug_session_tests.exe
[230/236] Linking CXX executable Release\xlang3.exe
[231/236] Linking CXX executable Release\xlang3_module_slot_tests.exe
[232/236] Linking CXX executable Release\xlang3_interpreter_tests.exe
[233/236] Linking CXX executable Release\xlang3_dap_session_tests.exe
[234/236] Linking CXX executable Release\xlang3_ir_codec_tests.exe
[235/236] Linking CXX executable Release\xlang3_task_tests.exe
