XLANG3_GC_PHASE collect specialized 1516300 0
XLANG3_GC_PHASE plain lock 400 0
XLANG3_GC_PHASE plain snapshot 48500 3270
XLANG3_GC_PHASE plain nodes 225300 2036
XLANG3_GC_PHASE plain owning_edges 825800 0
XLANG3_GC_PHASE plain unsafe_propagation 7600 0
XLANG3_GC_PHASE plain root_counts 12100 971
XLANG3_GC_PHASE plain reachability 8000 0
XLANG3_GC_PHASE plain retirement_count 600 0
XLANG3_GC_PHASE plain retirement 800 0
XLANG3_GC_PHASE plain graph_teardown 50700 0
XLANG3_GC_PHASE plain snapshot_release 20000 0
XLANG3_GC_PHASE collect plain_total 1243000 0
XLANG3_GC_PHASE collect specialized 1360300 0
XLANG3_GC_PHASE plain lock 200 0
XLANG3_GC_PHASE plain snapshot 30300 3270
XLANG3_GC_PHASE plain nodes 82900 2036
XLANG3_GC_PHASE plain owning_edges 643200 0
XLANG3_GC_PHASE plain unsafe_propagation 4600 0
XLANG3_GC_PHASE plain root_counts 6400 971
XLANG3_GC_PHASE plain reachability 7300 0
XLANG3_GC_PHASE plain retirement_count 600 0
XLANG3_GC_PHASE plain retirement 700 0
XLANG3_GC_PHASE plain graph_teardown 59100 0
XLANG3_GC_PHASE plain snapshot_release 17900 0
XLANG3_GC_PHASE collect plain_total 957200 0
XLANG3_GC_PHASE collect specialized 1306300 0
XLANG3_GC_PHASE plain lock 100 0
XLANG3_GC_PHASE plain snapshot 28200 3270
XLANG3_GC_PHASE plain nodes 78500 2036
XLANG3_GC_PHASE plain owning_edges 649900 0
XLANG3_GC_PHASE plain unsafe_propagation 4200 0
XLANG3_GC_PHASE plain root_counts 5800 971
XLANG3_GC_PHASE plain reachability 11400 0
XLANG3_GC_PHASE plain retirement_count 600 0
XLANG3_GC_PHASE plain retirement 600 0
XLANG3_GC_PHASE plain graph_teardown 53100 0
XLANG3_GC_PHASE plain snapshot_release 18500 0
XLANG3_GC_PHASE collect plain_total 3512700 0
XLANG3_GC_PHASE collect specialized 1283200 0
XLANG3_GC_PHASE plain lock 200 0
XLANG3_GC_PHASE plain snapshot 30300 3270
XLANG3_GC_PHASE plain nodes 80400 2036
XLANG3_GC_PHASE plain owning_edges 684600 0
XLANG3_GC_PHASE plain unsafe_propagation 4600 0
XLANG3_GC_PHASE plain root_counts 6000 971
XLANG3_GC_PHASE plain reachability 8300 0
XLANG3_GC_PHASE plain retirement_count 600 0
XLANG3_GC_PHASE plain retirement 600 0
XLANG3_GC_PHASE plain graph_teardown 53000 0
XLANG3_GC_PHASE plain snapshot_release 16600 0
XLANG3_GC_PHASE collect plain_total 909900 0
