XLANG3_GC_PHASE collect specialized 1442100 0
XLANG3_GC_PHASE plain lock 400 0
XLANG3_GC_PHASE plain snapshot 55500 3270
XLANG3_GC_PHASE plain nodes 176900 2036
XLANG3_GC_PHASE plain owning_edges 1002100 0
XLANG3_GC_PHASE plain unsafe_propagation 11000 0
XLANG3_GC_PHASE plain root_counts 11400 971
XLANG3_GC_PHASE plain reachability 9300 0
XLANG3_GC_PHASE plain retirement_count 600 0
XLANG3_GC_PHASE plain retirement 800 0
XLANG3_GC_PHASE plain graph_teardown 49700 0
XLANG3_GC_PHASE plain snapshot_release 21200 0
XLANG3_GC_PHASE collect plain_total 1374900 0
XLANG3_GC_PHASE collect specialized 1592500 0
XLANG3_GC_PHASE plain lock 400 0
XLANG3_GC_PHASE plain snapshot 38400 3270
XLANG3_GC_PHASE plain nodes 91800 2036
XLANG3_GC_PHASE plain owning_edges 1500400 0
XLANG3_GC_PHASE plain unsafe_propagation 14400 0
XLANG3_GC_PHASE plain root_counts 17900 971
XLANG3_GC_PHASE plain reachability 11700 0
XLANG3_GC_PHASE plain retirement_count 1200 0
XLANG3_GC_PHASE plain retirement 1600 0
XLANG3_GC_PHASE plain graph_teardown 86100 0
XLANG3_GC_PHASE plain snapshot_release 46000 0
XLANG3_GC_PHASE collect plain_total 1953400 0
XLANG3_GC_PHASE collect specialized 2089800 0
XLANG3_GC_PHASE plain lock 400 0
XLANG3_GC_PHASE plain snapshot 69500 3270
XLANG3_GC_PHASE plain nodes 136300 2036
XLANG3_GC_PHASE plain owning_edges 1021900 0
XLANG3_GC_PHASE plain unsafe_propagation 8400 0
XLANG3_GC_PHASE plain root_counts 11000 971
XLANG3_GC_PHASE plain reachability 9700 0
XLANG3_GC_PHASE plain retirement_count 700 0
XLANG3_GC_PHASE plain retirement 1000 0
XLANG3_GC_PHASE plain graph_teardown 53600 0
XLANG3_GC_PHASE plain snapshot_release 24000 0
XLANG3_GC_PHASE collect plain_total 1543500 0
XLANG3_GC_PHASE collect specialized 1353100 0
XLANG3_GC_PHASE plain lock 200 0
XLANG3_GC_PHASE plain snapshot 36500 3270
XLANG3_GC_PHASE plain nodes 86600 2036
XLANG3_GC_PHASE plain owning_edges 1032800 0
XLANG3_GC_PHASE plain unsafe_propagation 7600 0
XLANG3_GC_PHASE plain root_counts 8600 971
XLANG3_GC_PHASE plain reachability 13900 0
XLANG3_GC_PHASE plain retirement_count 1800 0
XLANG3_GC_PHASE plain retirement 900 0
XLANG3_GC_PHASE plain graph_teardown 65600 0
XLANG3_GC_PHASE plain snapshot_release 27600 0
XLANG3_GC_PHASE collect plain_total 3852800 0
