XLANG3_GC_PHASE collect specialized 1630000 0
XLANG3_GC_PHASE plain lock 300 0
XLANG3_GC_PHASE plain snapshot 52200 3270
XLANG3_GC_PHASE plain nodes 172600 2036
XLANG3_GC_PHASE plain owning_edges 1062800 0
XLANG3_GC_PHASE plain unsafe_propagation 9200 0
XLANG3_GC_PHASE plain root_counts 11500 971
XLANG3_GC_PHASE plain reachability 8200 0
XLANG3_GC_PHASE plain retirement_count 700 0
XLANG3_GC_PHASE plain retirement 1300 0
XLANG3_GC_PHASE plain graph_teardown 53500 0
XLANG3_GC_PHASE plain snapshot_release 20300 0
XLANG3_GC_PHASE collect plain_total 1426900 0
XLANG3_GC_PHASE collect specialized 1392900 0
XLANG3_GC_PHASE plain lock 200 0
XLANG3_GC_PHASE plain snapshot 31400 3270
XLANG3_GC_PHASE plain nodes 90900 2036
XLANG3_GC_PHASE plain owning_edges 1145200 0
XLANG3_GC_PHASE plain unsafe_propagation 7600 0
XLANG3_GC_PHASE plain root_counts 8700 971
XLANG3_GC_PHASE plain reachability 10800 0
XLANG3_GC_PHASE plain retirement_count 600 0
XLANG3_GC_PHASE plain retirement 800 0
XLANG3_GC_PHASE plain graph_teardown 59200 0
XLANG3_GC_PHASE plain snapshot_release 20900 0
XLANG3_GC_PHASE collect plain_total 1541000 0
XLANG3_GC_PHASE collect specialized 1444000 0
XLANG3_GC_PHASE plain lock 300 0
XLANG3_GC_PHASE plain snapshot 31500 3270
XLANG3_GC_PHASE plain nodes 81300 2036
XLANG3_GC_PHASE plain owning_edges 918500 0
XLANG3_GC_PHASE plain unsafe_propagation 5100 0
XLANG3_GC_PHASE plain root_counts 7300 971
XLANG3_GC_PHASE plain reachability 7200 0
XLANG3_GC_PHASE plain retirement_count 1400 0
XLANG3_GC_PHASE plain retirement 700 0
XLANG3_GC_PHASE plain graph_teardown 49700 0
XLANG3_GC_PHASE plain snapshot_release 18000 0
XLANG3_GC_PHASE collect plain_total 1200400 0
XLANG3_GC_PHASE collect specialized 1313400 0
XLANG3_GC_PHASE plain lock 200 0
XLANG3_GC_PHASE plain snapshot 27500 3270
XLANG3_GC_PHASE plain nodes 103600 2036
XLANG3_GC_PHASE plain owning_edges 1022900 0
XLANG3_GC_PHASE plain unsafe_propagation 5100 0
XLANG3_GC_PHASE plain root_counts 5900 971
XLANG3_GC_PHASE plain reachability 9300 0
XLANG3_GC_PHASE plain retirement_count 600 0
XLANG3_GC_PHASE plain retirement 700 0
XLANG3_GC_PHASE plain graph_teardown 51500 0
XLANG3_GC_PHASE plain snapshot_release 16600 0
XLANG3_GC_PHASE collect plain_total 3554400 0
