XLANG3_GC_PHASE collect specialized 1478000 0
XLANG3_GC_PHASE plain lock 500 0
XLANG3_GC_PHASE plain snapshot 48200 3270
XLANG3_GC_PHASE plain nodes 159000 2036
XLANG3_GC_PHASE plain owning_edges 678300 0
XLANG3_GC_PHASE plain unsafe_propagation 6300 0
XLANG3_GC_PHASE plain root_counts 6700 971
XLANG3_GC_PHASE plain reachability 8000 0
XLANG3_GC_PHASE plain retirement_count 600 0
XLANG3_GC_PHASE plain retirement 800 0
XLANG3_GC_PHASE plain graph_teardown 47300 0
XLANG3_GC_PHASE plain snapshot_release 17000 0
XLANG3_GC_PHASE collect plain_total 1002600 0
XLANG3_GC_PHASE collect specialized 1279000 0
XLANG3_GC_PHASE plain lock 200 0
XLANG3_GC_PHASE plain snapshot 27600 3270
XLANG3_GC_PHASE plain nodes 78900 2036
XLANG3_GC_PHASE plain owning_edges 606400 0
XLANG3_GC_PHASE plain unsafe_propagation 4900 0
XLANG3_GC_PHASE plain root_counts 7500 971
XLANG3_GC_PHASE plain reachability 8000 0
XLANG3_GC_PHASE plain retirement_count 600 0
XLANG3_GC_PHASE plain retirement 700 0
XLANG3_GC_PHASE plain graph_teardown 48300 0
XLANG3_GC_PHASE plain snapshot_release 20200 0
XLANG3_GC_PHASE collect plain_total 971500 0
XLANG3_GC_PHASE collect specialized 1297100 0
XLANG3_GC_PHASE plain lock 200 0
XLANG3_GC_PHASE plain snapshot 29100 3270
XLANG3_GC_PHASE plain nodes 78400 2036
XLANG3_GC_PHASE plain owning_edges 555000 0
XLANG3_GC_PHASE plain unsafe_propagation 5100 0
XLANG3_GC_PHASE plain root_counts 5800 971
XLANG3_GC_PHASE plain reachability 7000 0
XLANG3_GC_PHASE plain retirement_count 600 0
XLANG3_GC_PHASE plain retirement 600 0
XLANG3_GC_PHASE plain graph_teardown 56200 0
XLANG3_GC_PHASE plain snapshot_release 20800 0
XLANG3_GC_PHASE collect plain_total 3374300 0
XLANG3_GC_PHASE collect specialized 1340300 0
XLANG3_GC_PHASE plain lock 100 0
XLANG3_GC_PHASE plain snapshot 30200 3270
XLANG3_GC_PHASE plain nodes 84000 2036
XLANG3_GC_PHASE plain owning_edges 624800 0
XLANG3_GC_PHASE plain unsafe_propagation 4300 0
XLANG3_GC_PHASE plain root_counts 5900 971
XLANG3_GC_PHASE plain reachability 7200 0
XLANG3_GC_PHASE plain retirement_count 600 0
XLANG3_GC_PHASE plain retirement 600 0
XLANG3_GC_PHASE plain graph_teardown 49300 0
XLANG3_GC_PHASE plain snapshot_release 16400 0
XLANG3_GC_PHASE collect plain_total 848800 0
