XLANG3_GC_PHASE collect specialized 1476500 0
XLANG3_GC_PHASE plain lock 300 0
XLANG3_GC_PHASE plain snapshot 32600 2540
XLANG3_GC_PHASE plain nodes 105100 1093
XLANG3_GC_PHASE plain owning_edges 114200 0
XLANG3_GC_PHASE plain unsafe_propagation 3800 0
XLANG3_GC_PHASE plain root_counts 3400 1026
XLANG3_GC_PHASE plain reachability 2200 0
XLANG3_GC_PHASE plain retirement_count 400 0
XLANG3_GC_PHASE plain retirement 600 0
XLANG3_GC_PHASE plain graph_teardown 17700 0
XLANG3_GC_PHASE plain snapshot_release 13500 0
XLANG3_GC_PHASE collect plain_total 322700 0
XLANG3_GC_PHASE collect specialized 1296200 0
XLANG3_GC_PHASE plain lock 100 0
XLANG3_GC_PHASE plain snapshot 26700 2542
XLANG3_GC_PHASE plain nodes 51400 1095
XLANG3_GC_PHASE plain owning_edges 87200 0
XLANG3_GC_PHASE plain unsafe_propagation 3300 0
XLANG3_GC_PHASE plain root_counts 3200 1027
XLANG3_GC_PHASE plain reachability 2200 0
XLANG3_GC_PHASE plain retirement_count 400 1
XLANG3_GC_PHASE plain retirement 1100 1
XLANG3_GC_PHASE plain graph_teardown 17100 0
XLANG3_GC_PHASE plain snapshot_release 16000 0
XLANG3_GC_PHASE collect plain_total 304700 1
XLANG3_GC_PHASE collect specialized 1163800 0
XLANG3_GC_PHASE plain lock 200 0
XLANG3_GC_PHASE plain snapshot 27600 2540
XLANG3_GC_PHASE plain nodes 46800 1093
XLANG3_GC_PHASE plain owning_edges 97000 0
XLANG3_GC_PHASE plain unsafe_propagation 3600 0
XLANG3_GC_PHASE plain root_counts 3300 1026
XLANG3_GC_PHASE plain reachability 2900 0
XLANG3_GC_PHASE plain retirement_count 400 0
XLANG3_GC_PHASE plain retirement 600 0
XLANG3_GC_PHASE plain graph_teardown 17100 0
XLANG3_GC_PHASE plain snapshot_release 17900 0
XLANG3_GC_PHASE collect plain_total 292200 0
XLANG3_GC_PHASE collect specialized 1121900 0
XLANG3_GC_PHASE plain lock 100 0
XLANG3_GC_PHASE plain snapshot 27300 2542
XLANG3_GC_PHASE plain nodes 43800 1095
XLANG3_GC_PHASE plain owning_edges 77000 0
XLANG3_GC_PHASE plain unsafe_propagation 3500 0
XLANG3_GC_PHASE plain root_counts 3100 1027
XLANG3_GC_PHASE plain reachability 2500 0
XLANG3_GC_PHASE plain retirement_count 900 1
XLANG3_GC_PHASE plain retirement 1600 1
XLANG3_GC_PHASE plain graph_teardown 18800 0
XLANG3_GC_PHASE plain snapshot_release 27700 0
XLANG3_GC_PHASE collect plain_total 357500 1
XLANG3_GC_PHASE collect specialized 1806600 0
XLANG3_GC_PHASE plain lock 100 0
XLANG3_GC_PHASE plain snapshot 28700 2540
XLANG3_GC_PHASE plain nodes 58400 1093
XLANG3_GC_PHASE plain owning_edges 103500 0
XLANG3_GC_PHASE plain unsafe_propagation 4600 0
XLANG3_GC_PHASE plain root_counts 3800 1026
XLANG3_GC_PHASE plain reachability 2400 0
XLANG3_GC_PHASE plain retirement_count 500 0
XLANG3_GC_PHASE plain retirement 600 0
XLANG3_GC_PHASE plain graph_teardown 20400 0
XLANG3_GC_PHASE plain snapshot_release 16500 0
XLANG3_GC_PHASE collect plain_total 270100 0
XLANG3_GC_PHASE collect specialized 1423800 0
XLANG3_GC_PHASE plain lock 100 0
XLANG3_GC_PHASE plain snapshot 25800 2542
XLANG3_GC_PHASE plain nodes 52100 1095
XLANG3_GC_PHASE plain owning_edges 87700 0
XLANG3_GC_PHASE plain unsafe_propagation 3600 0
XLANG3_GC_PHASE plain root_counts 3400 1027
XLANG3_GC_PHASE plain reachability 2000 0
XLANG3_GC_PHASE plain retirement_count 400 1
XLANG3_GC_PHASE plain retirement 1300 1
XLANG3_GC_PHASE plain graph_teardown 18400 0
XLANG3_GC_PHASE plain snapshot_release 14000 0
XLANG3_GC_PHASE collect plain_total 233600 1
XLANG3_GC_PHASE collect specialized 1236200 0
XLANG3_GC_PHASE plain lock 200 0
XLANG3_GC_PHASE plain snapshot 23900 2540
XLANG3_GC_PHASE plain nodes 48100 1093
XLANG3_GC_PHASE plain owning_edges 81200 0
XLANG3_GC_PHASE plain unsafe_propagation 3100 0
XLANG3_GC_PHASE plain root_counts 3000 1026
XLANG3_GC_PHASE plain reachability 1900 0
XLANG3_GC_PHASE plain retirement_count 400 0
XLANG3_GC_PHASE plain retirement 400 0
XLANG3_GC_PHASE plain graph_teardown 16600 0
XLANG3_GC_PHASE plain snapshot_release 15800 0
XLANG3_GC_PHASE collect plain_total 218900 0
XLANG3_GC_PHASE collect specialized 1183900 0
XLANG3_GC_PHASE plain lock 100 0
XLANG3_GC_PHASE plain snapshot 22200 2543
XLANG3_GC_PHASE plain nodes 46100 1096
XLANG3_GC_PHASE plain owning_edges 77900 0
XLANG3_GC_PHASE plain unsafe_propagation 3300 0
XLANG3_GC_PHASE plain root_counts 3000 1027
XLANG3_GC_PHASE plain reachability 1800 0
XLANG3_GC_PHASE plain retirement_count 900 2
XLANG3_GC_PHASE plain retirement 1200 2
XLANG3_GC_PHASE plain graph_teardown 16400 0
XLANG3_GC_PHASE plain snapshot_release 14400 0
XLANG3_GC_PHASE collect plain_total 232700 2
XLANG3_GC_PHASE collect specialized 1141600 0
XLANG3_GC_PHASE plain lock 100 0
XLANG3_GC_PHASE plain snapshot 21400 2540
XLANG3_GC_PHASE plain nodes 62400 1093
XLANG3_GC_PHASE plain owning_edges 80700 0
XLANG3_GC_PHASE plain unsafe_propagation 2800 0
XLANG3_GC_PHASE plain root_counts 2800 1026
XLANG3_GC_PHASE plain reachability 1600 0
XLANG3_GC_PHASE plain retirement_count 400 0
XLANG3_GC_PHASE plain retirement 400 0
XLANG3_GC_PHASE plain graph_teardown 15500 0
XLANG3_GC_PHASE plain snapshot_release 15100 0
XLANG3_GC_PHASE collect plain_total 224600 0
XLANG3_GC_PHASE collect specialized 1130800 0
XLANG3_GC_PHASE plain lock 100 0
XLANG3_GC_PHASE plain snapshot 26000 2546
XLANG3_GC_PHASE plain nodes 44800 1099
XLANG3_GC_PHASE plain owning_edges 76000 0
XLANG3_GC_PHASE plain unsafe_propagation 3100 0
XLANG3_GC_PHASE plain root_counts 2900 1027
XLANG3_GC_PHASE plain reachability 2300 0
XLANG3_GC_PHASE plain retirement_count 500 5
XLANG3_GC_PHASE plain retirement 8200 5
XLANG3_GC_PHASE plain graph_teardown 15700 0
XLANG3_GC_PHASE plain snapshot_release 15300 0
XLANG3_GC_PHASE collect plain_total 216800 5
XLANG3_GC_PHASE collect specialized 1161100 0
XLANG3_GC_PHASE plain lock 100 0
XLANG3_GC_PHASE plain snapshot 21700 2540
XLANG3_GC_PHASE plain nodes 46800 1093
XLANG3_GC_PHASE plain owning_edges 79700 0
XLANG3_GC_PHASE plain unsafe_propagation 3200 0
XLANG3_GC_PHASE plain root_counts 2900 1026
XLANG3_GC_PHASE plain reachability 2000 0
XLANG3_GC_PHASE plain retirement_count 400 0
XLANG3_GC_PHASE plain retirement 400 0
XLANG3_GC_PHASE plain graph_teardown 15300 0
XLANG3_GC_PHASE plain snapshot_release 11800 0
XLANG3_GC_PHASE collect plain_total 205500 0
XLANG3_GC_PHASE collect specialized 1093700 0
XLANG3_GC_PHASE plain lock 100 0
XLANG3_GC_PHASE plain snapshot 20700 2542
XLANG3_GC_PHASE plain nodes 45500 1095
XLANG3_GC_PHASE plain owning_edges 74900 0
XLANG3_GC_PHASE plain unsafe_propagation 2800 0
XLANG3_GC_PHASE plain root_counts 2700 1027
XLANG3_GC_PHASE plain reachability 2000 0
XLANG3_GC_PHASE plain retirement_count 500 1
XLANG3_GC_PHASE plain retirement 1300 1
XLANG3_GC_PHASE plain graph_teardown 15000 0
XLANG3_GC_PHASE plain snapshot_release 11700 0
XLANG3_GC_PHASE collect plain_total 197900 1
XLANG3_GC_PHASE collect specialized 1118100 0
XLANG3_GC_PHASE plain lock 100 0
XLANG3_GC_PHASE plain snapshot 21800 2540
XLANG3_GC_PHASE plain nodes 42900 1093
XLANG3_GC_PHASE plain owning_edges 71400 0
XLANG3_GC_PHASE plain unsafe_propagation 2800 0
XLANG3_GC_PHASE plain root_counts 2600 1025
XLANG3_GC_PHASE plain reachability 1800 0
XLANG3_GC_PHASE plain retirement_count 300 0
XLANG3_GC_PHASE plain retirement 300 0
XLANG3_GC_PHASE plain graph_teardown 15400 0
XLANG3_GC_PHASE plain snapshot_release 12700 0
XLANG3_GC_PHASE collect plain_total 192700 0
XLANG3_GC_PHASE collect specialized 1116000 0
XLANG3_GC_PHASE plain lock 100 0
XLANG3_GC_PHASE plain snapshot 23800 2546
XLANG3_GC_PHASE plain nodes 43700 1097
XLANG3_GC_PHASE plain owning_edges 73800 0
XLANG3_GC_PHASE plain unsafe_propagation 2800 0
XLANG3_GC_PHASE plain root_counts 2600 1028
XLANG3_GC_PHASE plain reachability 1800 0
XLANG3_GC_PHASE plain retirement_count 400 0
XLANG3_GC_PHASE plain retirement 400 0
XLANG3_GC_PHASE plain graph_teardown 15300 0
XLANG3_GC_PHASE plain snapshot_release 16400 0
XLANG3_GC_PHASE collect plain_total 201200 0
XLANG3_GC_PHASE collect specialized 1245000 0
XLANG3_GC_PHASE plain lock 100 0
XLANG3_GC_PHASE plain snapshot 22700 2583
XLANG3_GC_PHASE plain nodes 79100 1121
XLANG3_GC_PHASE plain owning_edges 91300 0
XLANG3_GC_PHASE plain unsafe_propagation 4400 0
XLANG3_GC_PHASE plain root_counts 3100 1052
XLANG3_GC_PHASE plain reachability 2700 0
XLANG3_GC_PHASE plain retirement_count 400 0
XLANG3_GC_PHASE plain retirement 500 0
XLANG3_GC_PHASE plain graph_teardown 16500 0
XLANG3_GC_PHASE plain snapshot_release 12600 0
XLANG3_GC_PHASE collect plain_total 261100 0
XLANG3_GC_PHASE collect specialized 1168300 0
XLANG3_GC_PHASE plain lock 100 0
XLANG3_GC_PHASE plain snapshot 22900 2582
XLANG3_GC_PHASE plain nodes 47600 1120
XLANG3_GC_PHASE plain owning_edges 85500 0
XLANG3_GC_PHASE plain unsafe_propagation 3500 0
XLANG3_GC_PHASE plain root_counts 2900 1050
XLANG3_GC_PHASE plain reachability 2000 0
XLANG3_GC_PHASE plain retirement_count 400 0
XLANG3_GC_PHASE plain retirement 500 0
XLANG3_GC_PHASE plain graph_teardown 17100 0
XLANG3_GC_PHASE plain snapshot_release 13500 0
XLANG3_GC_PHASE collect plain_total 219800 0
