XLANG3_GC_PHASE collect specialized 1483800 0
XLANG3_GC_PHASE plain lock 500 0
XLANG3_GC_PHASE plain snapshot 62400 3270
XLANG3_GC_PHASE plain nodes 165600 2036
XLANG3_GC_PHASE plain owning_edges 812900 0
XLANG3_GC_PHASE plain unsafe_propagation 9400 0
XLANG3_GC_PHASE plain root_counts 11500 971
XLANG3_GC_PHASE plain reachability 10900 0
XLANG3_GC_PHASE plain retirement_count 700 0
XLANG3_GC_PHASE plain retirement 800 0
XLANG3_GC_PHASE plain graph_teardown 55000 0
XLANG3_GC_PHASE plain snapshot_release 21100 0
XLANG3_GC_PHASE collect plain_total 1184000 0
XLANG3_GC_PHASE collect specialized 1326500 0
XLANG3_GC_PHASE plain lock 100 0
XLANG3_GC_PHASE plain snapshot 44900 3270
XLANG3_GC_PHASE plain nodes 119300 2036
XLANG3_GC_PHASE plain owning_edges 793100 0
XLANG3_GC_PHASE plain unsafe_propagation 6100 0
XLANG3_GC_PHASE plain root_counts 7400 971
XLANG3_GC_PHASE plain reachability 9800 0
XLANG3_GC_PHASE plain retirement_count 600 0
XLANG3_GC_PHASE plain retirement 700 0
XLANG3_GC_PHASE plain graph_teardown 49200 0
XLANG3_GC_PHASE plain snapshot_release 18000 0
XLANG3_GC_PHASE collect plain_total 1231300 0
XLANG3_GC_PHASE collect specialized 1334100 0
XLANG3_GC_PHASE plain lock 100 0
XLANG3_GC_PHASE plain snapshot 30900 3270
XLANG3_GC_PHASE plain nodes 75000 2036
XLANG3_GC_PHASE plain owning_edges 535600 0
XLANG3_GC_PHASE plain unsafe_propagation 5000 0
XLANG3_GC_PHASE plain root_counts 6300 971
XLANG3_GC_PHASE plain reachability 8500 0
XLANG3_GC_PHASE plain retirement_count 600 0
XLANG3_GC_PHASE plain retirement 800 0
XLANG3_GC_PHASE plain graph_teardown 50400 0
XLANG3_GC_PHASE plain snapshot_release 16700 0
XLANG3_GC_PHASE collect plain_total 798000 0
XLANG3_GC_PHASE collect specialized 1305000 0
XLANG3_GC_PHASE plain lock 200 0
XLANG3_GC_PHASE plain snapshot 26500 3270
XLANG3_GC_PHASE plain nodes 80200 2036
XLANG3_GC_PHASE plain owning_edges 507100 0
XLANG3_GC_PHASE plain unsafe_propagation 4900 0
XLANG3_GC_PHASE plain root_counts 5500 971
XLANG3_GC_PHASE plain reachability 6800 0
XLANG3_GC_PHASE plain retirement_count 700 0
XLANG3_GC_PHASE plain retirement 700 0
XLANG3_GC_PHASE plain graph_teardown 47400 0
XLANG3_GC_PHASE plain snapshot_release 15200 0
XLANG3_GC_PHASE collect plain_total 2916600 0
