XLANG3_GC_PHASE collect specialized 1519900 0
XLANG3_GC_PHASE plain lock 300 0
XLANG3_GC_PHASE plain snapshot 50600 3270
XLANG3_GC_PHASE plain nodes 160600 2036
XLANG3_GC_PHASE plain owning_edges 693900 0
XLANG3_GC_PHASE plain unsafe_propagation 9100 0
XLANG3_GC_PHASE plain root_counts 10400 971
XLANG3_GC_PHASE plain reachability 8100 0
XLANG3_GC_PHASE plain retirement_count 600 0
XLANG3_GC_PHASE plain retirement 800 0
XLANG3_GC_PHASE plain graph_teardown 57800 0
XLANG3_GC_PHASE plain snapshot_release 19300 0
XLANG3_GC_PHASE collect plain_total 1042700 0
XLANG3_GC_PHASE collect specialized 1298400 0
XLANG3_GC_PHASE plain lock 200 0
XLANG3_GC_PHASE plain snapshot 27500 3270
XLANG3_GC_PHASE plain nodes 72800 2036
XLANG3_GC_PHASE plain owning_edges 631500 0
XLANG3_GC_PHASE plain unsafe_propagation 4100 0
XLANG3_GC_PHASE plain root_counts 6100 971
XLANG3_GC_PHASE plain reachability 6700 0
XLANG3_GC_PHASE plain retirement_count 500 0
XLANG3_GC_PHASE plain retirement 600 0
XLANG3_GC_PHASE plain graph_teardown 48000 0
XLANG3_GC_PHASE plain snapshot_release 15900 0
XLANG3_GC_PHASE collect plain_total 913100 0
XLANG3_GC_PHASE collect specialized 1233700 0
XLANG3_GC_PHASE plain lock 100 0
XLANG3_GC_PHASE plain snapshot 25900 3270
XLANG3_GC_PHASE plain nodes 70400 2036
XLANG3_GC_PHASE plain owning_edges 493500 0
XLANG3_GC_PHASE plain unsafe_propagation 4100 0
XLANG3_GC_PHASE plain root_counts 5600 971
XLANG3_GC_PHASE plain reachability 6500 0
XLANG3_GC_PHASE plain retirement_count 500 0
XLANG3_GC_PHASE plain retirement 600 0
XLANG3_GC_PHASE plain graph_teardown 55800 0
XLANG3_GC_PHASE plain snapshot_release 20700 0
XLANG3_GC_PHASE collect plain_total 3216700 0
XLANG3_GC_PHASE collect specialized 1317800 0
XLANG3_GC_PHASE plain lock 200 0
XLANG3_GC_PHASE plain snapshot 27900 3270
XLANG3_GC_PHASE plain nodes 75300 2036
XLANG3_GC_PHASE plain owning_edges 579400 0
XLANG3_GC_PHASE plain unsafe_propagation 4900 0
XLANG3_GC_PHASE plain root_counts 6600 971
XLANG3_GC_PHASE plain reachability 6700 0
XLANG3_GC_PHASE plain retirement_count 600 0
XLANG3_GC_PHASE plain retirement 600 0
XLANG3_GC_PHASE plain graph_teardown 49100 0
XLANG3_GC_PHASE plain snapshot_release 16300 0
XLANG3_GC_PHASE collect plain_total 793900 0
