XLANG3_GC_PHASE collect specialized 2297200 0
XLANG3_GC_PHASE plain lock 700 0
XLANG3_GC_PHASE plain snapshot 98400 3270
XLANG3_GC_PHASE plain nodes 314400 2036
XLANG3_GC_PHASE plain owning_edges 1711000 0
XLANG3_GC_PHASE plain unsafe_propagation 18200 0
XLANG3_GC_PHASE plain root_counts 25000 971
XLANG3_GC_PHASE plain reachability 14900 0
XLANG3_GC_PHASE plain retirement_count 1000 0
XLANG3_GC_PHASE plain retirement 1300 0
XLANG3_GC_PHASE plain graph_teardown 97000 0
XLANG3_GC_PHASE plain snapshot_release 52600 0
XLANG3_GC_PHASE collect plain_total 2408400 0
XLANG3_GC_PHASE collect specialized 1971800 0
XLANG3_GC_PHASE plain lock 700 0
XLANG3_GC_PHASE plain snapshot 50800 3270
XLANG3_GC_PHASE plain nodes 120300 2036
XLANG3_GC_PHASE plain owning_edges 1152000 0
XLANG3_GC_PHASE plain unsafe_propagation 10200 0
XLANG3_GC_PHASE plain root_counts 21300 971
XLANG3_GC_PHASE plain reachability 12500 0
XLANG3_GC_PHASE plain retirement_count 1000 0
XLANG3_GC_PHASE plain retirement 1500 0
XLANG3_GC_PHASE plain graph_teardown 94600 0
XLANG3_GC_PHASE plain snapshot_release 32100 0
XLANG3_GC_PHASE collect plain_total 1705600 0
XLANG3_GC_PHASE collect specialized 1802200 0
XLANG3_GC_PHASE plain lock 400 0
XLANG3_GC_PHASE plain snapshot 49800 3270
XLANG3_GC_PHASE plain nodes 101000 2036
XLANG3_GC_PHASE plain owning_edges 1073300 0
XLANG3_GC_PHASE plain unsafe_propagation 7800 0
XLANG3_GC_PHASE plain root_counts 15100 971
XLANG3_GC_PHASE plain reachability 15200 0
XLANG3_GC_PHASE plain retirement_count 1600 0
XLANG3_GC_PHASE plain retirement 1100 0
XLANG3_GC_PHASE plain graph_teardown 87100 0
XLANG3_GC_PHASE plain snapshot_release 53300 0
XLANG3_GC_PHASE collect plain_total 1803700 0
XLANG3_GC_PHASE collect specialized 2516300 0
XLANG3_GC_PHASE plain lock 600 0
XLANG3_GC_PHASE plain snapshot 49300 3270
XLANG3_GC_PHASE plain nodes 159800 2036
XLANG3_GC_PHASE plain owning_edges 1213700 0
XLANG3_GC_PHASE plain unsafe_propagation 7700 0
XLANG3_GC_PHASE plain root_counts 11400 971
XLANG3_GC_PHASE plain reachability 10200 0
XLANG3_GC_PHASE plain retirement_count 700 0
XLANG3_GC_PHASE plain retirement 1500 0
XLANG3_GC_PHASE plain graph_teardown 58400 0
XLANG3_GC_PHASE plain snapshot_release 25200 0
XLANG3_GC_PHASE collect plain_total 1589100 0
