XLANG3_GC_PHASE collect specialized 1425100 0
XLANG3_GC_PHASE plain lock 200 0
XLANG3_GC_PHASE plain snapshot 60900 3270
XLANG3_GC_PHASE plain nodes 185000 2036
XLANG3_GC_PHASE plain owning_edges 847900 0
XLANG3_GC_PHASE plain unsafe_propagation 9000 0
XLANG3_GC_PHASE plain root_counts 12500 971
XLANG3_GC_PHASE plain reachability 10000 0
XLANG3_GC_PHASE plain retirement_count 700 0
XLANG3_GC_PHASE plain retirement 900 0
XLANG3_GC_PHASE plain graph_teardown 50900 0
XLANG3_GC_PHASE plain snapshot_release 21300 0
XLANG3_GC_PHASE collect plain_total 1233200 0
XLANG3_GC_PHASE collect specialized 1294600 0
XLANG3_GC_PHASE plain lock 200 0
XLANG3_GC_PHASE plain snapshot 28400 3270
XLANG3_GC_PHASE plain nodes 78100 2036
XLANG3_GC_PHASE plain owning_edges 673700 0
XLANG3_GC_PHASE plain unsafe_propagation 5800 0
XLANG3_GC_PHASE plain root_counts 6700 971
XLANG3_GC_PHASE plain reachability 7800 0
XLANG3_GC_PHASE plain retirement_count 9400 0
XLANG3_GC_PHASE plain retirement 1200 0
XLANG3_GC_PHASE plain graph_teardown 57000 0
XLANG3_GC_PHASE plain snapshot_release 21300 0
XLANG3_GC_PHASE collect plain_total 1070200 0
XLANG3_GC_PHASE collect specialized 1208800 0
XLANG3_GC_PHASE plain lock 200 0
XLANG3_GC_PHASE plain snapshot 30900 3270
XLANG3_GC_PHASE plain nodes 77100 2036
XLANG3_GC_PHASE plain owning_edges 573100 0
XLANG3_GC_PHASE plain unsafe_propagation 4400 0
XLANG3_GC_PHASE plain root_counts 6000 971
XLANG3_GC_PHASE plain reachability 7200 0
XLANG3_GC_PHASE plain retirement_count 600 0
XLANG3_GC_PHASE plain retirement 700 0
XLANG3_GC_PHASE plain graph_teardown 47300 0
XLANG3_GC_PHASE plain snapshot_release 17100 0
XLANG3_GC_PHASE collect plain_total 928500 0
XLANG3_GC_PHASE collect specialized 1191100 0
XLANG3_GC_PHASE plain lock 200 0
XLANG3_GC_PHASE plain snapshot 27300 3270
XLANG3_GC_PHASE plain nodes 90700 2036
XLANG3_GC_PHASE plain owning_edges 644400 0
XLANG3_GC_PHASE plain unsafe_propagation 5800 0
XLANG3_GC_PHASE plain root_counts 6200 971
XLANG3_GC_PHASE plain reachability 8700 0
XLANG3_GC_PHASE plain retirement_count 600 0
XLANG3_GC_PHASE plain retirement 800 0
XLANG3_GC_PHASE plain graph_teardown 48100 0
XLANG3_GC_PHASE plain snapshot_release 16000 0
XLANG3_GC_PHASE collect plain_total 3219400 0
