XLANG3_GC_PHASE collect specialized 1705000 0
XLANG3_GC_PHASE plain lock 400 0
XLANG3_GC_PHASE plain snapshot 60700 3270
XLANG3_GC_PHASE plain nodes 156700 2036
XLANG3_GC_PHASE plain owning_edges 962700 0
XLANG3_GC_PHASE plain unsafe_propagation 9200 0
XLANG3_GC_PHASE plain root_counts 8300 971
XLANG3_GC_PHASE plain reachability 8300 0
XLANG3_GC_PHASE plain retirement_count 800 0
XLANG3_GC_PHASE plain retirement 700 0
XLANG3_GC_PHASE plain graph_teardown 49900 0
XLANG3_GC_PHASE plain snapshot_release 19000 0
XLANG3_GC_PHASE collect plain_total 1309800 0
XLANG3_GC_PHASE collect specialized 1310900 0
XLANG3_GC_PHASE plain lock 100 0
XLANG3_GC_PHASE plain snapshot 28800 3270
XLANG3_GC_PHASE plain nodes 78700 2036
XLANG3_GC_PHASE plain owning_edges 898900 0
XLANG3_GC_PHASE plain unsafe_propagation 4600 0
XLANG3_GC_PHASE plain root_counts 5800 971
XLANG3_GC_PHASE plain reachability 7100 0
XLANG3_GC_PHASE plain retirement_count 800 0
XLANG3_GC_PHASE plain retirement 700 0
XLANG3_GC_PHASE plain graph_teardown 47600 0
XLANG3_GC_PHASE plain snapshot_release 16200 0
XLANG3_GC_PHASE collect plain_total 1180200 0
XLANG3_GC_PHASE collect specialized 1236200 0
XLANG3_GC_PHASE plain lock 100 0
XLANG3_GC_PHASE plain snapshot 27300 3270
XLANG3_GC_PHASE plain nodes 76100 2036
XLANG3_GC_PHASE plain owning_edges 896800 0
XLANG3_GC_PHASE plain unsafe_propagation 4700 0
XLANG3_GC_PHASE plain root_counts 5900 971
XLANG3_GC_PHASE plain reachability 6900 0
XLANG3_GC_PHASE plain retirement_count 1000 0
XLANG3_GC_PHASE plain retirement 800 0
XLANG3_GC_PHASE plain graph_teardown 46400 0
XLANG3_GC_PHASE plain snapshot_release 16400 0
XLANG3_GC_PHASE collect plain_total 1182200 0
XLANG3_GC_PHASE collect specialized 1241400 0
XLANG3_GC_PHASE plain lock 100 0
XLANG3_GC_PHASE plain snapshot 27000 3270
XLANG3_GC_PHASE plain nodes 88800 2036
XLANG3_GC_PHASE plain owning_edges 890500 0
XLANG3_GC_PHASE plain unsafe_propagation 5200 0
XLANG3_GC_PHASE plain root_counts 7500 971
XLANG3_GC_PHASE plain reachability 7100 0
XLANG3_GC_PHASE plain retirement_count 800 0
XLANG3_GC_PHASE plain retirement 2100 0
XLANG3_GC_PHASE plain graph_teardown 49900 0
XLANG3_GC_PHASE plain snapshot_release 22600 0
XLANG3_GC_PHASE collect plain_total 1290000 0
