XLANG3_GC_PHASE collect specialized 1358500 0
XLANG3_GC_PHASE plain lock 200 0
XLANG3_GC_PHASE plain snapshot 34800 2540
XLANG3_GC_PHASE plain nodes 99200 1093
XLANG3_GC_PHASE plain owning_edges 136800 0
XLANG3_GC_PHASE plain unsafe_propagation 3500 0
XLANG3_GC_PHASE plain root_counts 3300 1026
XLANG3_GC_PHASE plain reachability 2300 0
XLANG3_GC_PHASE plain retirement_count 400 0
XLANG3_GC_PHASE plain retirement 500 0
XLANG3_GC_PHASE plain graph_teardown 16500 0
XLANG3_GC_PHASE plain snapshot_release 12600 0
XLANG3_GC_PHASE collect plain_total 337000 0
XLANG3_GC_PHASE collect specialized 1204800 0
XLANG3_GC_PHASE plain lock 100 0
XLANG3_GC_PHASE plain snapshot 25900 2542
XLANG3_GC_PHASE plain nodes 49900 1095
XLANG3_GC_PHASE plain owning_edges 102300 0
XLANG3_GC_PHASE plain unsafe_propagation 3200 0
XLANG3_GC_PHASE plain root_counts 3400 1027
XLANG3_GC_PHASE plain reachability 1900 0
XLANG3_GC_PHASE plain retirement_count 400 1
XLANG3_GC_PHASE plain retirement 1000 1
XLANG3_GC_PHASE plain graph_teardown 24900 0
XLANG3_GC_PHASE plain snapshot_release 12500 0
XLANG3_GC_PHASE collect plain_total 306500 1
XLANG3_GC_PHASE collect specialized 1181900 0
XLANG3_GC_PHASE plain lock 100 0
XLANG3_GC_PHASE plain snapshot 24900 2540
XLANG3_GC_PHASE plain nodes 65500 1093
XLANG3_GC_PHASE plain owning_edges 116400 0
XLANG3_GC_PHASE plain unsafe_propagation 4600 0
XLANG3_GC_PHASE plain root_counts 3600 1026
XLANG3_GC_PHASE plain reachability 2100 0
XLANG3_GC_PHASE plain retirement_count 400 0
XLANG3_GC_PHASE plain retirement 400 0
XLANG3_GC_PHASE plain graph_teardown 21500 0
XLANG3_GC_PHASE plain snapshot_release 16800 0
XLANG3_GC_PHASE collect plain_total 2705800 0
XLANG3_GC_PHASE collect specialized 1159800 0
XLANG3_GC_PHASE plain lock 100 0
XLANG3_GC_PHASE plain snapshot 22900 2542
XLANG3_GC_PHASE plain nodes 53200 1095
XLANG3_GC_PHASE plain owning_edges 101200 0
XLANG3_GC_PHASE plain unsafe_propagation 3600 0
XLANG3_GC_PHASE plain root_counts 3200 1027
XLANG3_GC_PHASE plain reachability 2400 0
XLANG3_GC_PHASE plain retirement_count 400 1
XLANG3_GC_PHASE plain retirement 1100 1
XLANG3_GC_PHASE plain graph_teardown 16000 0
XLANG3_GC_PHASE plain snapshot_release 12000 0
XLANG3_GC_PHASE collect plain_total 237900 1
XLANG3_GC_PHASE collect specialized 1191000 0
XLANG3_GC_PHASE plain lock 400 0
XLANG3_GC_PHASE plain snapshot 23600 2540
XLANG3_GC_PHASE plain nodes 51000 1093
XLANG3_GC_PHASE plain owning_edges 108800 0
XLANG3_GC_PHASE plain unsafe_propagation 3500 0
XLANG3_GC_PHASE plain root_counts 3200 1026
XLANG3_GC_PHASE plain reachability 2200 0
XLANG3_GC_PHASE plain retirement_count 400 0
XLANG3_GC_PHASE plain retirement 600 0
XLANG3_GC_PHASE plain graph_teardown 16000 0
XLANG3_GC_PHASE plain snapshot_release 12100 0
XLANG3_GC_PHASE collect plain_total 273100 0
XLANG3_GC_PHASE collect specialized 1259000 0
XLANG3_GC_PHASE plain lock 200 0
XLANG3_GC_PHASE plain snapshot 24700 2542
XLANG3_GC_PHASE plain nodes 50400 1095
XLANG3_GC_PHASE plain owning_edges 101100 0
XLANG3_GC_PHASE plain unsafe_propagation 3300 0
XLANG3_GC_PHASE plain root_counts 3200 1027
XLANG3_GC_PHASE plain reachability 2100 0
XLANG3_GC_PHASE plain retirement_count 400 1
XLANG3_GC_PHASE plain retirement 1600 1
XLANG3_GC_PHASE plain graph_teardown 15600 0
XLANG3_GC_PHASE plain snapshot_release 11600 0
XLANG3_GC_PHASE collect plain_total 260800 1
XLANG3_GC_PHASE collect specialized 1143400 0
XLANG3_GC_PHASE plain lock 100 0
XLANG3_GC_PHASE plain snapshot 23300 2540
XLANG3_GC_PHASE plain nodes 45300 1093
XLANG3_GC_PHASE plain owning_edges 120700 0
XLANG3_GC_PHASE plain unsafe_propagation 3200 0
XLANG3_GC_PHASE plain root_counts 3100 1026
XLANG3_GC_PHASE plain reachability 1900 0
XLANG3_GC_PHASE plain retirement_count 300 0
XLANG3_GC_PHASE plain retirement 400 0
XLANG3_GC_PHASE plain graph_teardown 15800 0
XLANG3_GC_PHASE plain snapshot_release 11600 0
XLANG3_GC_PHASE collect plain_total 248100 0
XLANG3_GC_PHASE collect specialized 1109400 0
XLANG3_GC_PHASE plain lock 100 0
XLANG3_GC_PHASE plain snapshot 22800 2543
XLANG3_GC_PHASE plain nodes 43700 1096
XLANG3_GC_PHASE plain owning_edges 90700 0
XLANG3_GC_PHASE plain unsafe_propagation 3500 0
XLANG3_GC_PHASE plain root_counts 3400 1027
XLANG3_GC_PHASE plain reachability 2100 0
XLANG3_GC_PHASE plain retirement_count 300 2
XLANG3_GC_PHASE plain retirement 1200 2
XLANG3_GC_PHASE plain graph_teardown 16300 0
XLANG3_GC_PHASE plain snapshot_release 11900 0
XLANG3_GC_PHASE collect plain_total 254900 2
XLANG3_GC_PHASE collect specialized 1103000 0
XLANG3_GC_PHASE plain lock 100 0
XLANG3_GC_PHASE plain snapshot 22700 2540
XLANG3_GC_PHASE plain nodes 44300 1093
XLANG3_GC_PHASE plain owning_edges 105100 0
XLANG3_GC_PHASE plain unsafe_propagation 3300 0
XLANG3_GC_PHASE plain root_counts 3000 1026
XLANG3_GC_PHASE plain reachability 1800 0
XLANG3_GC_PHASE plain retirement_count 400 0
XLANG3_GC_PHASE plain retirement 400 0
XLANG3_GC_PHASE plain graph_teardown 20700 0
XLANG3_GC_PHASE plain snapshot_release 11500 0
XLANG3_GC_PHASE collect plain_total 235600 0
XLANG3_GC_PHASE collect specialized 1914400 0
XLANG3_GC_PHASE plain lock 200 0
XLANG3_GC_PHASE plain snapshot 30600 2546
XLANG3_GC_PHASE plain nodes 56200 1099
XLANG3_GC_PHASE plain owning_edges 115200 0
XLANG3_GC_PHASE plain unsafe_propagation 4300 0
XLANG3_GC_PHASE plain root_counts 3600 1027
XLANG3_GC_PHASE plain reachability 2300 0
XLANG3_GC_PHASE plain retirement_count 500 5
XLANG3_GC_PHASE plain retirement 4100 5
XLANG3_GC_PHASE plain graph_teardown 17500 0
XLANG3_GC_PHASE plain snapshot_release 13700 0
XLANG3_GC_PHASE collect plain_total 272800 5
XLANG3_GC_PHASE collect specialized 1200600 0
XLANG3_GC_PHASE plain lock 300 0
XLANG3_GC_PHASE plain snapshot 25600 2540
XLANG3_GC_PHASE plain nodes 50900 1093
XLANG3_GC_PHASE plain owning_edges 108200 0
XLANG3_GC_PHASE plain unsafe_propagation 3800 0
XLANG3_GC_PHASE plain root_counts 3600 1026
XLANG3_GC_PHASE plain reachability 2200 0
XLANG3_GC_PHASE plain retirement_count 300 0
XLANG3_GC_PHASE plain retirement 700 0
XLANG3_GC_PHASE plain graph_teardown 17000 0
XLANG3_GC_PHASE plain snapshot_release 11700 0
XLANG3_GC_PHASE collect plain_total 247300 0
XLANG3_GC_PHASE collect specialized 1150500 0
XLANG3_GC_PHASE plain lock 100 0
XLANG3_GC_PHASE plain snapshot 23300 2542
XLANG3_GC_PHASE plain nodes 43400 1095
XLANG3_GC_PHASE plain owning_edges 89600 0
XLANG3_GC_PHASE plain unsafe_propagation 3000 0
XLANG3_GC_PHASE plain root_counts 3000 1027
XLANG3_GC_PHASE plain reachability 1800 0
XLANG3_GC_PHASE plain retirement_count 500 1
XLANG3_GC_PHASE plain retirement 1400 1
XLANG3_GC_PHASE plain graph_teardown 15200 0
XLANG3_GC_PHASE plain snapshot_release 11500 0
XLANG3_GC_PHASE collect plain_total 213600 1
XLANG3_GC_PHASE collect specialized 1135400 0
XLANG3_GC_PHASE plain lock 100 0
XLANG3_GC_PHASE plain snapshot 22000 2540
XLANG3_GC_PHASE plain nodes 42400 1093
XLANG3_GC_PHASE plain owning_edges 92200 0
XLANG3_GC_PHASE plain unsafe_propagation 3100 0
XLANG3_GC_PHASE plain root_counts 2900 1025
XLANG3_GC_PHASE plain reachability 1900 0
XLANG3_GC_PHASE plain retirement_count 300 0
XLANG3_GC_PHASE plain retirement 400 0
XLANG3_GC_PHASE plain graph_teardown 15500 0
XLANG3_GC_PHASE plain snapshot_release 11700 0
XLANG3_GC_PHASE collect plain_total 216500 0
XLANG3_GC_PHASE collect specialized 1109300 0
XLANG3_GC_PHASE plain lock 100 0
XLANG3_GC_PHASE plain snapshot 23300 2546
XLANG3_GC_PHASE plain nodes 48100 1097
XLANG3_GC_PHASE plain owning_edges 93200 0
XLANG3_GC_PHASE plain unsafe_propagation 3000 0
XLANG3_GC_PHASE plain root_counts 3000 1028
XLANG3_GC_PHASE plain reachability 1900 0
XLANG3_GC_PHASE plain retirement_count 300 0
XLANG3_GC_PHASE plain retirement 400 0
XLANG3_GC_PHASE plain graph_teardown 15300 0
XLANG3_GC_PHASE plain snapshot_release 11600 0
XLANG3_GC_PHASE collect plain_total 223200 0
XLANG3_GC_PHASE collect specialized 1200000 0
XLANG3_GC_PHASE plain lock 100 0
XLANG3_GC_PHASE plain snapshot 27700 2583
XLANG3_GC_PHASE plain nodes 103200 1121
XLANG3_GC_PHASE plain owning_edges 125900 0
XLANG3_GC_PHASE plain unsafe_propagation 4300 0
XLANG3_GC_PHASE plain root_counts 3500 1052
XLANG3_GC_PHASE plain reachability 2800 0
XLANG3_GC_PHASE plain retirement_count 400 0
XLANG3_GC_PHASE plain retirement 500 0
XLANG3_GC_PHASE plain graph_teardown 17500 0
XLANG3_GC_PHASE plain snapshot_release 12400 0
XLANG3_GC_PHASE collect plain_total 329700 0
XLANG3_GC_PHASE collect specialized 1153900 0
XLANG3_GC_PHASE plain lock 100 0
XLANG3_GC_PHASE plain snapshot 25200 2582
XLANG3_GC_PHASE plain nodes 56100 1120
XLANG3_GC_PHASE plain owning_edges 101400 0
XLANG3_GC_PHASE plain unsafe_propagation 3800 0
XLANG3_GC_PHASE plain root_counts 3300 1050
XLANG3_GC_PHASE plain reachability 2400 0
XLANG3_GC_PHASE plain retirement_count 300 0
XLANG3_GC_PHASE plain retirement 400 0
XLANG3_GC_PHASE plain graph_teardown 16900 0
XLANG3_GC_PHASE plain snapshot_release 12000 0
XLANG3_GC_PHASE collect plain_total 245800 0
