[0/2] Re-checking globbed directories...
[1/220] Building CXX object CMakeFiles\xlang3_thread_runtime.dir\Release\src\runtime\modules\thread\thread_module.cpp.obj
[2/220] Building CXX object CMakeFiles\xlang3_system_runtime.dir\Release\src\runtime\modules\system\decimal_module.cpp.obj
[3/220] Building CXX object CMakeFiles\xlang3_system_runtime.dir\Release\src\runtime\modules\system\contextvars_module.cpp.obj
[4/220] Building CXX object CMakeFiles\xlang3_task_runtime.dir\Release\src\runtime\modules\task\task_objects.cpp.obj
[5/220] Building CXX object CMakeFiles\xlang3_task_runtime.dir\Release\src\runtime\modules\task\task_module.cpp.obj
[6/220] Building CXX object CMakeFiles\xlang3_system_runtime.dir\Release\src\runtime\modules\system\locale_module.cpp.obj
[7/220] Building CXX object CMakeFiles\xlang3_system_runtime.dir\Release\src\runtime\modules\system\atexit_module.cpp.obj
[8/220] Building CXX object CMakeFiles\xlang3_system_runtime.dir\Release\src\runtime\modules\system\cmath_module.cpp.obj
[9/220] Building CXX object CMakeFiles\xlang3_system_runtime.dir\Release\src\runtime\modules\system\bisect_module.cpp.obj
[10/220] Building CXX object CMakeFiles\xlang3_system_runtime.dir\Release\src\runtime\modules\system\abc_module.cpp.obj
[11/220] Building CXX object CMakeFiles\xlang3_system_runtime.dir\Release\src\runtime\modules\system\binascii_module.cpp.obj
[12/220] Building CXX object CMakeFiles\xlang3_system_runtime.dir\Release\src\runtime\modules\system\heapq_module.cpp.obj
[13/220] Building CXX object CMakeFiles\xlang3_system_runtime.dir\Release\src\runtime\modules\system\csv_module.cpp.obj
[14/220] Building CXX object CMakeFiles\xlang3_system_runtime.dir\Release\src\runtime\modules\system\asyncio_task.cpp.obj
[15/220] Building CXX object CMakeFiles\xlang3_system_runtime.dir\Release\src\runtime\modules\system\asyncio_future.cpp.obj
[16/220] Building CXX object CMakeFiles\xlang3_system_runtime.dir\Release\src\runtime\modules\system\collections_module.cpp.obj
[17/220] Building CXX object CMakeFiles\xlang3_system_runtime.dir\Release\src\runtime\modules\system\asyncio_module.cpp.obj
[18/220] Building CXX object CMakeFiles\xlang3_system_runtime.dir\Release\src\runtime\modules\system\bz2_module.cpp.obj
[19/220] Building CXX object CMakeFiles\xlang3_system_runtime.dir\Release\src\runtime\modules\system\multibytecodec_module.cpp.obj
[20/220] Building CXX object CMakeFiles\xlang3_thread_runtime.dir\Release\src\runtime\modules\thread\thread_objects.cpp.obj
[21/220] Building CXX object CMakeFiles\xlang3_system_runtime.dir\Release\src\runtime\modules\system\ast_module.cpp.obj
[22/220] Building CXX object CMakeFiles\xlang3_system_runtime.dir\Release\src\runtime\modules\system\codecs_module.cpp.obj
[23/220] Building CXX object CMakeFiles\xlang3_system_runtime.dir\Release\src\runtime\modules\system\faulthandler_module.cpp.obj
[24/220] Building CXX object CMakeFiles\xlang3_system_runtime.dir\Release\src\runtime\modules\system\opcode_module.cpp.obj
[25/220] Building CXX object CMakeFiles\xlang3_system_runtime.dir\Release\src\runtime\modules\system\multiprocessing_module.cpp.obj
[26/220] Building CXX object CMakeFiles\xlang3_system_runtime.dir\Release\src\runtime\modules\system\errno_module.cpp.obj
[27/220] Building CXX object CMakeFiles\xlang3_system_runtime.dir\Release\src\runtime\modules\system\gc_module.cpp.obj
[28/220] Building CXX object CMakeFiles\xlang3_system_runtime.dir\Release\src\runtime\modules\system\itertools_module.cpp.obj
[29/220] Building CXX object CMakeFiles\xlang3_system_runtime.dir\Release\src\runtime\modules\system\functools_module.cpp.obj
[30/220] Building CXX object CMakeFiles\xlang3_system_runtime.dir\Release\src\runtime\modules\system\operator_module.cpp.obj
[31/220] Building CXX object CMakeFiles\xlang3_system_runtime.dir\Release\src\runtime\modules\system\imp_module.cpp.obj
[32/220] Building CXX object CMakeFiles\xlang3_system_runtime.dir\Release\src\runtime\modules\system\json_module.cpp.obj
[33/220] Building CXX object CMakeFiles\xlang3_system_runtime.dir\Release\src\runtime\modules\system\importlib_module.cpp.obj
[34/220] Building CXX object CMakeFiles\xlang3_system_runtime.dir\Release\src\runtime\modules\system\array_module.cpp.obj
[35/220] Building CXX object CMakeFiles\xlang3_system_runtime.dir\Release\src\runtime\modules\system\lsprof_module.cpp.obj
[36/220] Building CXX object CMakeFiles\xlang3_system_runtime.dir\Release\src\runtime\modules\system\io_module.cpp.obj
[37/220] Building CXX object CMakeFiles\xlang3_system_runtime.dir\Release\src\runtime\modules\system\ctypes_module.cpp.obj
[38/220] Building CXX object CMakeFiles\xlang3_system_runtime.dir\Release\src\runtime\modules\system\pickle_module.cpp.obj
[39/220] Building CXX object CMakeFiles\xlang3_system_runtime.dir\Release\src\runtime\modules\system\pyexpat_module.cpp.obj
[40/220] Building CXX object CMakeFiles\xlang3_system_runtime.dir\Release\src\runtime\modules\system\msvcrt_module.cpp.obj
[41/220] Building CXX object CMakeFiles\xlang3_system_runtime.dir\Release\src\runtime\modules\system\interpreters_module.cpp.obj
[42/220] Building CXX object CMakeFiles\xlang3_system_runtime.dir\Release\src\runtime\modules\system\overlapped_module.cpp.obj
[43/220] Building CXX object CMakeFiles\xlang3_system_runtime.dir\Release\src\runtime\modules\system\marshal_module.cpp.obj
[44/220] Building CXX object CMakeFiles\xlang3_system_runtime.dir\Release\src\runtime\modules\system\os_module.cpp.obj
[45/220] Building CXX object CMakeFiles\xlang3_system_runtime.dir\Release\src\runtime\modules\system\random_module.cpp.obj
[46/220] Building CXX object CMakeFiles\xlang3_system_runtime.dir\Release\src\runtime\modules\system\sha2_module.cpp.obj
[47/220] Building CXX object CMakeFiles\xlang3_system_runtime.dir\Release\src\runtime\modules\system\queue_module.cpp.obj
[48/220] Building CXX object CMakeFiles\xlang3_system_runtime.dir\Release\src\runtime\modules\system\stat_module.cpp.obj
[49/220] Building CXX object CMakeFiles\xlang3_system_runtime.dir\Release\src\runtime\modules\system\string_module.cpp.obj
[50/220] Building CXX object CMakeFiles\xlang3_system_runtime.dir\Release\src\runtime\modules\system\sysconfig_native_module.cpp.obj
[51/220] Building CXX object CMakeFiles\xlang3_system_runtime.dir\Release\src\runtime\modules\system\warnings_module.cpp.obj
[52/220] Building CXX object CMakeFiles\xlang3_system_runtime.dir\Release\src\runtime\modules\system\posix_process_module.cpp.obj
[53/220] Building CXX object CMakeFiles\xlang3_system_runtime.dir\Release\src\runtime\modules\system\struct_module.cpp.obj
[54/220] Building CXX object CMakeFiles\xlang3_system_runtime.dir\Release\src\runtime\modules\system\tokenize_module.cpp.obj
[55/220] Building CXX object CMakeFiles\xlang3_system_runtime.dir\Release\src\runtime\modules\system\typing_module.cpp.obj
[56/220] Building CXX object CMakeFiles\xlang3_system_runtime.dir\Release\src\runtime\modules\system\signal_module.cpp.obj
[57/220] Building CXX object CMakeFiles\xlang3_system_runtime.dir\Release\src\runtime\modules\system\unicodedata_module.cpp.obj
[58/220] Building CXX object CMakeFiles\xlang3_system_runtime.dir\Release\src\runtime\modules\system\zlib_module.cpp.obj
[59/220] Building CXX object CMakeFiles\xlang3_system_runtime.dir\Release\src\runtime\modules\system\winapi_module.cpp.obj
[60/220] Building CXX object CMakeFiles\xlang3_system_runtime.dir\Release\src\runtime\modules\system\socket_select_module.cpp.obj
[61/220] Building CXX object CMakeFiles\xlang3_system_runtime.dir\Release\src\runtime\modules\system\winreg_module.cpp.obj
[62/220] Building CXX object CMakeFiles\xlang3_system_runtime.dir\Release\src\runtime\modules\system\sre_module.cpp.obj
[63/220] Building CXX object CMakeFiles\xlang3_system_runtime.dir\Release\src\runtime\modules\system\time_module.cpp.obj
[64/220] Building CXX object CMakeFiles\xlang3_system_runtime.dir\Release\src\runtime\modules\system\weakref_module.cpp.obj
[65/220] Building CXX object CMakeFiles\xlang3_system_runtime.dir\Release\src\runtime\modules\system\sys_module.cpp.obj
[66/220] Building CXX object CMakeFiles\xlang3_system_runtime.dir\Release\src\runtime\modules\system\zipimport_module.cpp.obj
[67/220] Building CXX object CMakeFiles\xlang3_runtime.dir\Release\src\builtins\raw_block_builtins.cpp.obj
[68/220] Building CXX object CMakeFiles\xlang3_runtime.dir\Release\src\builtins\builtin_modules.cpp.obj
[69/220] Building CXX object CMakeFiles\xlang3_runtime.dir\Release\src\builtins\builtins.cpp.obj
[70/220] Building CXX object CMakeFiles\xlang3_runtime.dir\Release\src\builtins\sequence_builtins.cpp.obj
[71/220] Building CXX object CMakeFiles\xlang3_runtime.dir\Release\src\builtins\math_module.cpp.obj
[72/220] Building CXX object CMakeFiles\xlang3_runtime.dir\Release\src\runtime\methods\tuple_methods.cpp.obj
[73/220] Building CXX object CMakeFiles\xlang3_runtime.dir\Release\src\builtins\exception_builtins.cpp.obj
[74/220] Building CXX object CMakeFiles\xlang3_runtime.dir\Release\src\runtime\attribute.cpp.obj
[75/220] Building CXX object CMakeFiles\xlang3_runtime.dir\Release\src\ipc\ipc_runtime.cpp.obj
[76/220] Building CXX object CMakeFiles\xlang3_runtime.dir\Release\src\runtime\methods\set_methods.cpp.obj
[77/220] Building CXX object modules\ctypes\CMakeFiles\xlang3_ctypes_ffi.dir\Release\ctypes_ffi.cpp.obj
[78/220] Building CXX object CMakeFiles\xlang3_runtime.dir\Release\src\runtime\methods\int_methods.cpp.obj
[79/220] Building CXX object CMakeFiles\xlang3_runtime.dir\Release\src\runtime\exceptions.cpp.obj
[80/220] Building CXX object CMakeFiles\xlang3_runtime.dir\Release\src\builtins\io_builtins.cpp.obj
[81/220] Building CXX object CMakeFiles\xlang3_runtime.dir\Release\src\runtime\methods\list_methods.cpp.obj
[82/220] Building CXX object CMakeFiles\xlang3_runtime.dir\Release\src\runtime\methods\iterator_methods.cpp.obj
[83/220] Building CXX object CMakeFiles\xlang3_runtime.dir\Release\src\runtime\methods\dict_methods.cpp.obj
[84/220] Building CXX object CMakeFiles\xlang3_runtime.dir\Release\src\runtime\methods\property_methods.cpp.obj
[85/220] Building CXX object CMakeFiles\xlang3_runtime.dir\Release\src\runtime\generator.cpp.obj
[86/220] Building CXX object CMakeFiles\xlang3_runtime.dir\Release\src\runtime\value_hash.cpp.obj
[87/220] Building CXX object CMakeFiles\xlang3_runtime.dir\Release\src\runtime\unicode_names.cpp.obj
[88/220] Building CXX object CMakeFiles\xlang3_runtime.dir\Release\src\runtime\set_object.cpp.obj
[89/220] Building CXX object CMakeFiles\xlang3_runtime.dir\Release\src\runtime\functional_iterators.cpp.obj
[90/220] Building CXX object CMakeFiles\xlang3_runtime.dir\Release\src\runtime\mapping.cpp.obj
[91/220] Building CXX object CMakeFiles\xlang3_runtime.dir\Release\src\executor\xlang_vm\xlang_vm_attr.cpp.obj
[92/220] Building CXX object CMakeFiles\xlang3_runtime.dir\Release\src\api\buffer_api.cpp.obj
[93/220] Building CXX object CMakeFiles\xlang3_runtime.dir\Release\src\runtime\methods\file_methods.cpp.obj
[94/220] Building CXX object CMakeFiles\xlang3_runtime.dir\Release\src\debug\debug_session.cpp.obj
[95/220] Building CXX object CMakeFiles\xlang3_runtime.dir\Release\src\runtime\module_object.cpp.obj
[96/220] Building CXX object CMakeFiles\xlang3_runtime.dir\Release\src\runtime\methods\bytes_methods.cpp.obj
[97/220] Building CXX object CMakeFiles\xlang3_runtime.dir\Release\src\runtime\methods\string_methods.cpp.obj
[98/220] Building CXX object CMakeFiles\xlang3_runtime.dir\Release\src\tensor\tensor_storage.cpp.obj
[99/220] Building CXX object CMakeFiles\xlang3_runtime.dir\Release\src\runtime\value.cpp.obj
[100/220] Building CXX object CMakeFiles\xlang3_runtime.dir\Release\src\api\c_api.cpp.obj
[101/220] Building CXX object CMakeFiles\xlang3_runtime.dir\Release\src\tensor\tensor_serialization.cpp.obj
[102/220] Building CXX object CMakeFiles\xlang3_runtime.dir\Release\src\runtime\sequence.cpp.obj
[103/220] Building CXX object CMakeFiles\xlang3_runtime.dir\Release\src\api\stream_api.cpp.obj
[104/220] Building CXX object CMakeFiles\xlang3_runtime.dir\Release\src\api\ipc_api.cpp.obj
[105/220] Building CXX object CMakeFiles\xlang3_runtime.dir\Release\src\api\protocol_api.cpp.obj
[106/220] Building CXX object CMakeFiles\xlang3_runtime.dir\Release\src\api\native_serialization_api.cpp.obj
[107/220] Building CXX object CMakeFiles\xlang3_runtime.dir\Release\src\tensor\tensor_api.cpp.obj
[108/220] Linking CXX static library Release\xlang3_task_runtime.lib
[109/220] Building CXX object CMakeFiles\xlang3_runtime.dir\Release\src\parser\lexer.cpp.obj
[110/220] Linking CXX static library modules\ctypes\Release\xlang3_ctypes_ffi.lib
[111/220] Linking CXX static library Release\xlang3_thread_runtime.lib
[112/220] Building CXX object CMakeFiles\xlang3_runtime.dir\Release\src\serialize\value_graph_lifetime.cpp.obj
[113/220] Building CXX object CMakeFiles\xlang3_runtime.dir\Release\src\builtins\object_type_builtins.cpp.obj
[114/220] Building CXX object CMakeFiles\xlang3_runtime.dir\Release\src\tensor\tensor_graph.cpp.obj
[115/220] Building CXX object CMakeFiles\xlang3_runtime_static.dir\Release\src\builtins\builtins.cpp.obj
[116/220] Building CXX object CMakeFiles\xlang3_runtime.dir\Release\src\tensor\tensor_cpu.cpp.obj
[117/220] Building CXX object CMakeFiles\xlang3_runtime_static.dir\Release\src\builtins\builtin_modules.cpp.obj
[118/220] Building CXX object CMakeFiles\xlang3_runtime_static.dir\Release\src\builtins\raw_block_builtins.cpp.obj
[119/220] Linking CXX static library Release\xlang3_system_runtime.lib
[120/220] Building CXX object CMakeFiles\xlang3_runtime.dir\Release\src\debug\dap_session.cpp.obj
[121/220] Building CXX object CMakeFiles\xlang3_runtime.dir\Release\src\tensor\tensor_module.cpp.obj
[122/220] Building CXX object CMakeFiles\xlang3_runtime.dir\Release\src\serialize\value_graph_writer.cpp.obj
[123/220] Building CXX object CMakeFiles\xlang3_runtime.dir\Release\src\import\native_package_loader.cpp.obj
[124/220] Building CXX object CMakeFiles\xlang3_runtime.dir\Release\src\serialize\value_graph_reader.cpp.obj
[125/220] Building CXX object CMakeFiles\xlang3_runtime_static.dir\Release\src\builtins\sequence_builtins.cpp.obj
[126/220] Building CXX object CMakeFiles\xlang3_runtime_static.dir\Release\src\runtime\exceptions.cpp.obj
[127/220] Building CXX object CMakeFiles\xlang3_runtime_static.dir\Release\src\runtime\attribute.cpp.obj
[128/220] Building CXX object CMakeFiles\xlang3_runtime.dir\Release\src\import\import_loader.cpp.obj
[129/220] Building CXX object CMakeFiles\xlang3_runtime.dir\Release\src\executor\xlang_vm\xlang_interpreter.cpp.obj
[130/220] Building CXX object CMakeFiles\xlang3_runtime_static.dir\Release\src\builtins\io_builtins.cpp.obj
[131/220] Building CXX object CMakeFiles\xlang3_runtime_static.dir\Release\src\builtins\math_module.cpp.obj
[132/220] Building CXX object CMakeFiles\xlang3_runtime_static.dir\Release\src\runtime\methods\list_methods.cpp.obj
[133/220] Building CXX object CMakeFiles\xlang3_runtime.dir\Release\src\runtime\runtime.cpp.obj
[134/220] Building CXX object CMakeFiles\xlang3_runtime_static.dir\Release\src\runtime\generator.cpp.obj
[135/220] Building CXX object CMakeFiles\xlang3_runtime_static.dir\Release\src\ipc\ipc_runtime.cpp.obj
[136/220] Building CXX object CMakeFiles\xlang3_runtime_static.dir\Release\src\runtime\methods\dict_methods.cpp.obj
[137/220] Building CXX object CMakeFiles\xlang3_runtime_static.dir\Release\src\runtime\methods\int_methods.cpp.obj
[138/220] Building CXX object CMakeFiles\xlang3_runtime_static.dir\Release\src\runtime\methods\tuple_methods.cpp.obj
[139/220] Building CXX object CMakeFiles\xlang3_runtime_static.dir\Release\src\builtins\exception_builtins.cpp.obj
[140/220] Building CXX object CMakeFiles\xlang3_runtime_static.dir\Release\src\runtime\methods\set_methods.cpp.obj
[141/220] Building CXX object CMakeFiles\xlang3_runtime_static.dir\Release\src\runtime\methods\iterator_methods.cpp.obj
[142/220] Building CXX object CMakeFiles\xlang3_runtime_static.dir\Release\src\runtime\functional_iterators.cpp.obj
[143/220] Building CXX object CMakeFiles\xlang3_runtime_static.dir\Release\src\runtime\value_hash.cpp.obj
[144/220] Building CXX object CMakeFiles\xlang3_runtime_static.dir\Release\src\runtime\methods\property_methods.cpp.obj
[145/220] Building CXX object CMakeFiles\xlang3_runtime_static.dir\Release\src\runtime\set_object.cpp.obj
[146/220] Building CXX object CMakeFiles\xlang3_runtime_static.dir\Release\src\runtime\unicode_names.cpp.obj
[147/220] Building CXX object CMakeFiles\xlang3_runtime_static.dir\Release\src\runtime\methods\file_methods.cpp.obj
[148/220] Building CXX object CMakeFiles\xlang3_runtime_static.dir\Release\src\executor\xlang_vm\xlang_vm_attr.cpp.obj
[149/220] Building CXX object CMakeFiles\xlang3_runtime_static.dir\Release\src\api\buffer_api.cpp.obj
[150/220] Building CXX object CMakeFiles\xlang3_runtime_static.dir\Release\src\debug\debug_session.cpp.obj
[151/220] Building CXX object CMakeFiles\xlang3_runtime_static.dir\Release\src\runtime\methods\bytes_methods.cpp.obj
[152/220] Building CXX object CMakeFiles\xlang3_runtime_static.dir\Release\src\runtime\mapping.cpp.obj
[153/220] Building CXX object CMakeFiles\xlang3_runtime_static.dir\Release\src\runtime\module_object.cpp.obj
[154/220] Building CXX object CMakeFiles\xlang3_runtime_static.dir\Release\src\runtime\methods\string_methods.cpp.obj
[155/220] Building CXX object CMakeFiles\xlang3_runtime_static.dir\Release\src\builtins\object_type_builtins.cpp.obj
[156/220] Building CXX object CMakeFiles\xlang3_runtime_static.dir\Release\src\api\c_api.cpp.obj
[157/220] Building CXX object CMakeFiles\xlang3_runtime.dir\Release\src\builtins\functional_builtins.cpp.obj
[158/220] Building CXX object CMakeFiles\xlang3_runtime_static.dir\Release\src\tensor\tensor_storage.cpp.obj
[159/220] Building CXX object CMakeFiles\xlang3_runtime_static.dir\Release\src\runtime\sequence.cpp.obj
[160/220] Building CXX object CMakeFiles\xlang3_runtime_static.dir\Release\src\tensor\tensor_serialization.cpp.obj
[161/220] Building CXX object CMakeFiles\xlang3_runtime_static.dir\Release\src\api\stream_api.cpp.obj
[162/220] Building CXX object CMakeFiles\xlang3_runtime_static.dir\Release\src\tensor\tensor_api.cpp.obj
[163/220] Building CXX object CMakeFiles\xlang3_runtime_static.dir\Release\src\api\native_serialization_api.cpp.obj
[164/220] Building CXX object CMakeFiles\xlang3_runtime_static.dir\Release\src\api\ipc_api.cpp.obj
[165/220] Building CXX object CMakeFiles\xlang3_runtime_static.dir\Release\src\api\protocol_api.cpp.obj
[166/220] Building CXX object CMakeFiles\xlang3_runtime_static.dir\Release\src\runtime\value.cpp.obj
[167/220] Building CXX object CMakeFiles\xlang3_runtime_static.dir\Release\src\tensor\tensor_graph.cpp.obj
[168/220] Building CXX object CMakeFiles\xlang3_runtime_static.dir\Release\src\tensor\tensor_cpu.cpp.obj
[169/220] Building CXX object CMakeFiles\xlang3_runtime.dir\Release\src\runtime\object_model.cpp.obj
[170/220] Building CXX object CMakeFiles\xlang3_runtime_static.dir\Release\src\parser\lexer.cpp.obj
[171/220] Building CXX object CMakeFiles\xlang3_runtime_static.dir\Release\src\tensor\tensor_module.cpp.obj
[172/220] Building CXX object CMakeFiles\xlang3_runtime_static.dir\Release\src\serialize\value_graph_lifetime.cpp.obj
[173/220] Building CXX object CMakeFiles\xlang3_runtime_static.dir\Release\src\debug\dap_session.cpp.obj
[174/220] Building CXX object CMakeFiles\xlang3_smoke.dir\Release\tests\smoke.cpp.obj
[175/220] Building CXX object CMakeFiles\xlang3_runtime_static.dir\Release\src\executor\xlang_vm\xlang_interpreter.cpp.obj
[176/220] Building CXX object CMakeFiles\xlang3_debug_session_tests.dir\Release\tests\cpp\debug_session_tests.cpp.obj
[177/220] Building CXX object CMakeFiles\xlang3_memory_tests.dir\Release\tests\cpp\memory_tests.cpp.obj
[178/220] Building CXX object CMakeFiles\xlang3_vfs_tests.dir\Release\tests\cpp\vfs_tests.cpp.obj
[179/220] Building CXX object CMakeFiles\xlang3_parser_tests.dir\Release\tests\cpp\parser_tests.cpp.obj
[180/220] Building CXX object CMakeFiles\xlang3_task_tests.dir\Release\tests\cpp\task_tests.cpp.obj
[181/220] Building CXX object CMakeFiles\xlang3_runtime_static.dir\Release\src\runtime\runtime.cpp.obj
[182/220] Building CXX object CMakeFiles\xlang3_runtime_static.dir\Release\src\serialize\value_graph_reader.cpp.obj
[183/220] Building CXX object CMakeFiles\xlang3_module_slot_tests.dir\Release\tests\cpp\module_slot_tests.cpp.obj
[184/220] Building CXX object CMakeFiles\xlang3_runtime_static.dir\Release\src\serialize\value_graph_writer.cpp.obj
[185/220] Building CXX object CMakeFiles\xlang3_runtime_static.dir\Release\src\import\import_loader.cpp.obj
[186/220] Building CXX object CMakeFiles\xlang3_runtime_static.dir\Release\src\import\native_package_loader.cpp.obj
[187/220] Building CXX object CMakeFiles\xlang3.dir\Release\src\xlang3.cpp.obj
[188/220] Building CXX object CMakeFiles\xlang3_runtime_value_tests.dir\Release\tests\cpp\runtime_value_tests.cpp.obj
[189/220] Building CXX object CMakeFiles\xlang3_dap_session_tests.dir\Release\tests\cpp\dap_session_tests.cpp.obj
[190/220] Building CXX object CMakeFiles\xlang3_runtime_static.dir\Release\src\runtime\object_model.cpp.obj
[191/220] Building CXX object CMakeFiles\xlang3_runtime_static.dir\Release\src\builtins\functional_builtins.cpp.obj
[192/220] Building CXX object CMakeFiles\xlang3_interpreter_tests.dir\Release\tests\cpp\interpreter_tests.cpp.obj
[193/220] Building CXX object CMakeFiles\xlang3_runtime.dir\Release\src\executor\xlang_vm\xlang_vm_loop.cpp.obj
[194/220] Building CXX object CMakeFiles\xlang3_runtime_static.dir\Release\src\executor\xlang_vm\xlang_vm_loop.cpp.obj
[195/220] Linking CXX static library Release\xlang3_runtime_static.lib
[196/220] Linking CXX shared library Release\xlang3_runtime.dll
[197/220] Linking CXX executable Release\xlang3_smoke.exe
[198/220] Linking CXX executable Release\xlang3_cpp_ipc_client.exe
[199/220] Linking CXX executable Release\xlang3_abi_ownership.exe
[200/220] Linking CXX executable Release\xlang3_embedded_package_tests.exe
[201/220] Linking CXX executable Release\xlang3_sdk_stream_call_tests.exe
[202/220] Linking CXX executable Release\xlang3_static_runtime_shutdown.exe
[203/220] Linking CXX executable Release\xlang3_runtime_value_tests.exe
[204/220] Linking CXX executable Release\xlang3_graph_process_tests.exe
[205/220] Linking CXX executable Release\xlang3_ipc_capacity_tests.exe
[206/220] Linking CXX executable Release\xlang3_vfs_tests.exe
[207/220] Linking CXX executable Release\xlang3.exe
[208/220] Linking CXX executable Release\xlang3_tensor_cpu_tests.exe
[209/220] Linking CXX executable Release\xlang3_parser_tests.exe
[210/220] Linking CXX executable Release\xlang3_memory_tests.exe
[211/220] Linking CXX executable Release\xlang3_interpreter_tests.exe
FAILED: [code=4294967295] Release/xlang3_interpreter_tests.exe 
C:\WINDOWS\system32\cmd.exe /C "cd . && "C:\Program Files\Microsoft Visual Studio\18\Community\Common7\IDE\CommonExtensions\Microsoft\CMake\CMake\bin\cmake.exe" -E vs_link_exe --msvc-ver=1951 --intdir=CMakeFiles\xlang3_interpreter_tests.dir\Release --rc=C:\PROGRA~2\WI3CF2~1\10\bin\100261~1.0\x64\rc.exe --mt=C:\PROGRA~2\WI3CF2~1\10\bin\100261~1.0\x64\mt.exe --manifests  -- C:\PROGRA~1\MICROS~1\18\COMMUN~1\VC\Tools\MSVC\1451~1.362\bin\Hostx64\x64\link.exe /nologo CMakeFiles\xlang3_interpreter_tests.dir\Release\tests\cpp\interpreter_tests.cpp.obj  /out:Release\xlang3_interpreter_tests.exe /implib:Release\xlang3_interpreter_tests.lib /pdb:Release\xlang3_interpreter_tests.pdb /version:0.0 /machine:x64 /INCREMENTAL:NO /subsystem:console  Release\xlang3_runtime.lib  kernel32.lib user32.lib gdi32.lib winspool.lib shell32.lib ole32.lib oleaut32.lib uuid.lib comdlg32.lib advapi32.lib && cd ."
LINK: command "C:\PROGRA~1\MICROS~1\18\COMMUN~1\VC\Tools\MSVC\1451~1.362\bin\Hostx64\x64\link.exe /nologo CMakeFiles\xlang3_interpreter_tests.dir\Release\tests\cpp\interpreter_tests.cpp.obj /out:Release\xlang3_interpreter_tests.exe /implib:Release\xlang3_interpreter_tests.lib /pdb:Release\xlang3_interpreter_tests.pdb /version:0.0 /machine:x64 /INCREMENTAL:NO /subsystem:console Release\xlang3_runtime.lib kernel32.lib user32.lib gdi32.lib winspool.lib shell32.lib ole32.lib oleaut32.lib uuid.lib comdlg32.lib advapi32.lib /MANIFEST:EMBED,ID=1" failed (exit code 1120) with the following output:
interpreter_tests.cpp.obj : error LNK2019: unresolved external symbol "class std::vector<struct xlang3::Value,class std::allocator<struct xlang3::Value> > __cdecl xlang3::gc_snapshot_tracked_objects(void)" (?gc_snapshot_tracked_objects@xlang3@@YA?AV?$vector@UValue@xlang3@@V?$allocator@UValue@xlang3@@@std@@@std@@XZ) referenced in function "void __cdecl xlang3::test::check_generic_gc_cases(struct xlang3::test::CaseResult &)" (?check_generic_gc_cases@test@xlang3@@YAXAEAUCaseResult@12@@Z)
Release\xlang3_interpreter_tests.exe : fatal error LNK1120: 1 unresolved externals
[212/220] Linking CXX executable Release\xlang3_debug_session_tests.exe
[213/220] Linking CXX executable Release\xlang3_dap_session_tests.exe
[214/220] Linking CXX executable Release\xlang3_task_tests.exe
[215/220] Linking CXX executable Release\xlang3_ir_codec_tests.exe
[216/220] Linking CXX executable Release\xlang3_module_slot_tests.exe
[217/220] Linking CXX executable Release\xlang3_xlang1_compat_package_tests.exe
[218/220] Linking CXX executable Release\xlang3_native_package_real_tests.exe
[219/220] Linking CXX executable Release\xlang3_native_path_tests.exe
ninja: build stopped: subcommand failed.
