XLANG3_GC_PHASE collect specialized 1371100 0
XLANG3_GC_PHASE plain lock 400 0
XLANG3_GC_PHASE plain snapshot 47600 3270
XLANG3_GC_PHASE plain nodes 151000 2036
XLANG3_GC_PHASE plain owning_edges 952800 0
XLANG3_GC_PHASE plain unsafe_propagation 7100 0
XLANG3_GC_PHASE plain root_counts 10000 971
XLANG3_GC_PHASE plain reachability 7900 0
XLANG3_GC_PHASE plain retirement_count 1500 0
XLANG3_GC_PHASE plain retirement 1800 0
XLANG3_GC_PHASE plain graph_teardown 46800 0
XLANG3_GC_PHASE plain snapshot_release 26400 0
XLANG3_GC_PHASE collect plain_total 1284300 0
XLANG3_GC_PHASE collect specialized 1199900 0
XLANG3_GC_PHASE plain lock 100 0
XLANG3_GC_PHASE plain snapshot 29200 3270
XLANG3_GC_PHASE plain nodes 87800 2036
XLANG3_GC_PHASE plain owning_edges 907700 0
XLANG3_GC_PHASE plain unsafe_propagation 6500 0
XLANG3_GC_PHASE plain root_counts 8300 971
XLANG3_GC_PHASE plain reachability 7500 0
XLANG3_GC_PHASE plain retirement_count 1100 0
XLANG3_GC_PHASE plain retirement 700 0
XLANG3_GC_PHASE plain graph_teardown 44700 0
XLANG3_GC_PHASE plain snapshot_release 18200 0
XLANG3_GC_PHASE collect plain_total 1221100 0
XLANG3_GC_PHASE collect specialized 1166000 0
XLANG3_GC_PHASE plain lock 100 0
XLANG3_GC_PHASE plain snapshot 27500 3270
XLANG3_GC_PHASE plain nodes 73600 2036
XLANG3_GC_PHASE plain owning_edges 809800 0
XLANG3_GC_PHASE plain unsafe_propagation 4900 0
XLANG3_GC_PHASE plain root_counts 6300 971
XLANG3_GC_PHASE plain reachability 6700 0
XLANG3_GC_PHASE plain retirement_count 600 0
XLANG3_GC_PHASE plain retirement 700 0
XLANG3_GC_PHASE plain graph_teardown 46400 0
XLANG3_GC_PHASE plain snapshot_release 17100 0
XLANG3_GC_PHASE collect plain_total 1061400 0
XLANG3_GC_PHASE collect specialized 1132800 0
XLANG3_GC_PHASE plain lock 100 0
XLANG3_GC_PHASE plain snapshot 26600 3270
XLANG3_GC_PHASE plain nodes 86300 2036
XLANG3_GC_PHASE plain owning_edges 948600 0
XLANG3_GC_PHASE plain unsafe_propagation 5200 0
XLANG3_GC_PHASE plain root_counts 6400 971
XLANG3_GC_PHASE plain reachability 8800 0
XLANG3_GC_PHASE plain retirement_count 700 0
XLANG3_GC_PHASE plain retirement 700 0
XLANG3_GC_PHASE plain graph_teardown 47500 0
XLANG3_GC_PHASE plain snapshot_release 16400 0
XLANG3_GC_PHASE collect plain_total 3470400 0
