Benchmarks with tag 'asyncio':
==============================

+-----------------+----------------------------------------+--------------------------------------------+
| Benchmark       | iocp-official-cpython314-fast-20261001 | iocp-official-native-pending-fast-20261001 |
+=================+========================================+============================================+
| asyncio_tcp     | 824 ms                                 | 6.05 sec: 7.35x slower                     |
+-----------------+----------------------------------------+--------------------------------------------+
| asyncio_tcp_ssl | 4.33 sec                               | 13.0 sec: 2.99x slower                     |
+-----------------+----------------------------------------+--------------------------------------------+
| Geometric mean  | (ref)                                  | 4.69x slower                               |
+-----------------+----------------------------------------+--------------------------------------------+

All benchmarks:
===============

+-----------------+----------------------------------------+--------------------------------------------+
| Benchmark       | iocp-official-cpython314-fast-20261001 | iocp-official-native-pending-fast-20261001 |
+=================+========================================+============================================+
| asyncio_tcp     | 824 ms                                 | 6.05 sec: 7.35x slower                     |
+-----------------+----------------------------------------+--------------------------------------------+
| asyncio_tcp_ssl | 4.33 sec                               | 13.0 sec: 2.99x slower                     |
+-----------------+----------------------------------------+--------------------------------------------+
| Geometric mean  | (ref)                                  | 4.69x slower                               |
+-----------------+----------------------------------------+--------------------------------------------+
