[0/2] Re-checking globbed directories...
[1/140] Building CXX object CMakeFiles\xlang3_system_runtime.dir\Release\src\runtime\modules\system\asyncio_task.cpp.obj
[2/140] Building CXX object CMakeFiles\xlang3_system_runtime.dir\Release\src\runtime\modules\system\heapq_module.cpp.obj
[3/140] Building CXX object CMakeFiles\xlang3_system_runtime.dir\Release\src\runtime\modules\system\abc_module.cpp.obj
[4/140] Building CXX object CMakeFiles\xlang3_task_runtime.dir\Release\src\runtime\modules\task\task_module.cpp.obj
[5/140] Building CXX object CMakeFiles\xlang3_thread_runtime.dir\Release\src\runtime\modules\thread\thread_module.cpp.obj
[6/140] Building CXX object CMakeFiles\xlang3_system_runtime.dir\Release\src\runtime\modules\system\atexit_module.cpp.obj
[7/140] Building CXX object CMakeFiles\xlang3_system_runtime.dir\Release\src\runtime\modules\system\binascii_module.cpp.obj
[8/140] Building CXX object CMakeFiles\xlang3_system_runtime.dir\Release\src\runtime\modules\system\asyncio_future.cpp.obj
[9/140] Building CXX object CMakeFiles\xlang3_system_runtime.dir\Release\src\runtime\modules\system\cmath_module.cpp.obj
[10/140] Building CXX object CMakeFiles\xlang3_system_runtime.dir\Release\src\runtime\modules\system\bisect_module.cpp.obj
[11/140] Building CXX object CMakeFiles\xlang3_system_runtime.dir\Release\src\runtime\modules\system\locale_module.cpp.obj
[12/140] Building CXX object CMakeFiles\xlang3_system_runtime.dir\Release\src\runtime\modules\system\decimal_module.cpp.obj
[13/140] Building CXX object CMakeFiles\xlang3_system_runtime.dir\Release\src\runtime\modules\system\asyncio_module.cpp.obj
[14/140] Building CXX object CMakeFiles\xlang3_system_runtime.dir\Release\src\runtime\modules\system\csv_module.cpp.obj
[15/140] Building CXX object CMakeFiles\xlang3_system_runtime.dir\Release\src\runtime\modules\system\contextvars_module.cpp.obj
[16/140] Building CXX object CMakeFiles\xlang3_system_runtime.dir\Release\src\runtime\modules\system\ctypes_module.cpp.obj
[17/140] Building CXX object CMakeFiles\xlang3_system_runtime.dir\Release\src\runtime\modules\system\errno_module.cpp.obj
[18/140] Building CXX object CMakeFiles\xlang3_system_runtime.dir\Release\src\runtime\modules\system\collections_module.cpp.obj
[19/140] Building CXX object CMakeFiles\xlang3_system_runtime.dir\Release\src\runtime\modules\system\bz2_module.cpp.obj
[20/140] Building CXX object CMakeFiles\xlang3_system_runtime.dir\Release\src\runtime\modules\system\multibytecodec_module.cpp.obj
[21/140] Building CXX object CMakeFiles\xlang3_system_runtime.dir\Release\src\runtime\modules\system\ast_module.cpp.obj
[22/140] Building CXX object CMakeFiles\xlang3_system_runtime.dir\Release\src\runtime\modules\system\codecs_module.cpp.obj
[23/140] Building CXX object CMakeFiles\xlang3_system_runtime.dir\Release\src\runtime\modules\system\imp_module.cpp.obj
[24/140] Building CXX object CMakeFiles\xlang3_system_runtime.dir\Release\src\runtime\modules\system\faulthandler_module.cpp.obj
[25/140] Building CXX object CMakeFiles\xlang3_system_runtime.dir\Release\src\runtime\modules\system\multiprocessing_module.cpp.obj
[26/140] Building CXX object CMakeFiles\xlang3_system_runtime.dir\Release\src\runtime\modules\system\functools_module.cpp.obj
[27/140] Building CXX object CMakeFiles\xlang3_system_runtime.dir\Release\src\runtime\modules\system\opcode_module.cpp.obj
[28/140] Building CXX object CMakeFiles\xlang3_system_runtime.dir\Release\src\runtime\modules\system\operator_module.cpp.obj
[29/140] Building CXX object CMakeFiles\xlang3_system_runtime.dir\Release\src\runtime\modules\system\array_module.cpp.obj
[30/140] Building CXX object CMakeFiles\xlang3_system_runtime.dir\Release\src\runtime\modules\system\gc_module.cpp.obj
[31/140] Building CXX object CMakeFiles\xlang3_system_runtime.dir\Release\src\runtime\modules\system\lsprof_module.cpp.obj
[32/140] Building CXX object CMakeFiles\xlang3_system_runtime.dir\Release\src\runtime\modules\system\json_module.cpp.obj
[33/140] Building CXX object CMakeFiles\xlang3_system_runtime.dir\Release\src\runtime\modules\system\io_module.cpp.obj
[34/140] Building CXX object CMakeFiles\xlang3_system_runtime.dir\Release\src\runtime\modules\system\pickle_module.cpp.obj
[35/140] Building CXX object CMakeFiles\xlang3_system_runtime.dir\Release\src\runtime\modules\system\itertools_module.cpp.obj
[36/140] Building CXX object CMakeFiles\xlang3_system_runtime.dir\Release\src\runtime\modules\system\importlib_module.cpp.obj
[37/140] Building CXX object CMakeFiles\xlang3_system_runtime.dir\Release\src\runtime\modules\system\marshal_module.cpp.obj
[38/140] Building CXX object CMakeFiles\xlang3_system_runtime.dir\Release\src\runtime\modules\system\interpreters_module.cpp.obj
[39/140] Building CXX object CMakeFiles\xlang3_system_runtime.dir\Release\src\runtime\modules\system\overlapped_module.cpp.obj
[40/140] Building CXX object CMakeFiles\xlang3_system_runtime.dir\Release\src\runtime\modules\system\msvcrt_module.cpp.obj
[41/140] Building CXX object CMakeFiles\xlang3_system_runtime.dir\Release\src\runtime\modules\system\pyexpat_module.cpp.obj
[42/140] Building CXX object CMakeFiles\xlang3_system_runtime.dir\Release\src\runtime\modules\system\random_module.cpp.obj
[43/140] Building CXX object CMakeFiles\xlang3_system_runtime.dir\Release\src\runtime\modules\system\queue_module.cpp.obj
[44/140] Building CXX object CMakeFiles\xlang3_system_runtime.dir\Release\src\runtime\modules\system\os_module.cpp.obj
[45/140] Building CXX object CMakeFiles\xlang3_system_runtime.dir\Release\src\runtime\modules\system\sha2_module.cpp.obj
[46/140] Building CXX object CMakeFiles\xlang3_system_runtime.dir\Release\src\runtime\modules\system\string_module.cpp.obj
[47/140] Building CXX object CMakeFiles\xlang3_system_runtime.dir\Release\src\runtime\modules\system\stat_module.cpp.obj
[48/140] Building CXX object CMakeFiles\xlang3_system_runtime.dir\Release\src\runtime\modules\system\struct_module.cpp.obj
[49/140] Building CXX object CMakeFiles\xlang3_system_runtime.dir\Release\src\runtime\modules\system\unicodedata_module.cpp.obj
[50/140] Building CXX object CMakeFiles\xlang3_system_runtime.dir\Release\src\runtime\modules\system\sysconfig_native_module.cpp.obj
[51/140] Building CXX object CMakeFiles\xlang3_system_runtime.dir\Release\src\runtime\modules\system\posix_process_module.cpp.obj
[52/140] Building CXX object CMakeFiles\xlang3_system_runtime.dir\Release\src\runtime\modules\system\warnings_module.cpp.obj
[53/140] Building CXX object CMakeFiles\xlang3_runtime.dir\Release\src\builtins\builtins.cpp.obj
[54/140] Building CXX object CMakeFiles\xlang3_system_runtime.dir\Release\src\runtime\modules\system\typing_module.cpp.obj
[55/140] Building CXX object CMakeFiles\xlang3_system_runtime.dir\Release\src\runtime\modules\system\zlib_module.cpp.obj
[56/140] Building CXX object CMakeFiles\xlang3_system_runtime.dir\Release\src\runtime\modules\system\socket_select_module.cpp.obj
[57/140] Building CXX object CMakeFiles\xlang3_system_runtime.dir\Release\src\runtime\modules\system\winapi_module.cpp.obj
[58/140] Building CXX object CMakeFiles\xlang3_system_runtime.dir\Release\src\runtime\modules\system\zipimport_module.cpp.obj
[59/140] Building CXX object CMakeFiles\xlang3_system_runtime.dir\Release\src\runtime\modules\system\signal_module.cpp.obj
[60/140] Building CXX object CMakeFiles\xlang3_system_runtime.dir\Release\src\runtime\modules\system\winreg_module.cpp.obj
[61/140] Building CXX object CMakeFiles\xlang3_runtime.dir\Release\src\builtins\builtin_modules.cpp.obj
[62/140] Building CXX object CMakeFiles\xlang3_system_runtime.dir\Release\src\runtime\modules\system\sre_module.cpp.obj
[63/140] Building CXX object CMakeFiles\xlang3_system_runtime.dir\Release\src\runtime\modules\system\sys_module.cpp.obj
[64/140] Building CXX object CMakeFiles\xlang3_system_runtime.dir\Release\src\runtime\modules\system\time_module.cpp.obj
[65/140] Building CXX object CMakeFiles\xlang3_system_runtime.dir\Release\src\runtime\modules\system\weakref_module.cpp.obj
[66/140] Building CXX object CMakeFiles\xlang3_runtime.dir\Release\src\builtins\raw_block_builtins.cpp.obj
[67/140] Building CXX object CMakeFiles\xlang3_runtime.dir\Release\src\runtime\unicode_names.cpp.obj
[68/140] Building CXX object CMakeFiles\xlang3_runtime.dir\Release\src\builtins\sequence_builtins.cpp.obj
[69/140] Building CXX object CMakeFiles\xlang3_runtime.dir\Release\src\runtime\methods\set_methods.cpp.obj
[70/140] Building CXX object CMakeFiles\xlang3_runtime.dir\Release\src\builtins\exception_builtins.cpp.obj
[71/140] Linking CXX static library Release\xlang3_thread_runtime.lib
[72/140] Linking CXX static library Release\xlang3_task_runtime.lib
[73/140] Building CXX object CMakeFiles\xlang3_runtime.dir\Release\src\runtime\value_hash.cpp.obj
[74/140] Building CXX object CMakeFiles\xlang3_runtime.dir\Release\src\builtins\math_module.cpp.obj
[75/140] Building CXX object CMakeFiles\xlang3_runtime.dir\Release\src\runtime\generator.cpp.obj
[76/140] Building CXX object CMakeFiles\xlang3_runtime.dir\Release\src\builtins\io_builtins.cpp.obj
[77/140] Building CXX object CMakeFiles\xlang3_runtime_static.dir\Release\src\builtins\builtins.cpp.obj
[78/140] Building CXX object CMakeFiles\xlang3_runtime_static.dir\Release\src\builtins\builtin_modules.cpp.obj
[79/140] Building CXX object CMakeFiles\xlang3_runtime.dir\Release\src\runtime\functional_iterators.cpp.obj
[80/140] Building CXX object CMakeFiles\xlang3_runtime_static.dir\Release\src\builtins\raw_block_builtins.cpp.obj
[81/140] Linking CXX static library Release\xlang3_system_runtime.lib
[82/140] Building CXX object CMakeFiles\xlang3_runtime.dir\Release\src\runtime\methods\string_methods.cpp.obj
[83/140] Building CXX object CMakeFiles\xlang3_runtime_static.dir\Release\src\builtins\sequence_builtins.cpp.obj
[84/140] Building CXX object CMakeFiles\xlang3_runtime.dir\Release\src\parser\lexer.cpp.obj
[85/140] Building CXX object CMakeFiles\xlang3_runtime_static.dir\Release\src\runtime\methods\set_methods.cpp.obj
[86/140] Building CXX object CMakeFiles\xlang3_runtime.dir\Release\src\runtime\value.cpp.obj
[87/140] Building CXX object CMakeFiles\xlang3_runtime_static.dir\Release\src\builtins\math_module.cpp.obj
[88/140] Building CXX object CMakeFiles\xlang3_runtime_static.dir\Release\src\runtime\value_hash.cpp.obj
[89/140] Building CXX object CMakeFiles\xlang3_runtime.dir\Release\src\import\native_package_loader.cpp.obj
[90/140] Building CXX object CMakeFiles\xlang3_runtime_static.dir\Release\src\runtime\unicode_names.cpp.obj
[91/140] Building CXX object CMakeFiles\xlang3_runtime_static.dir\Release\src\runtime\generator.cpp.obj
[92/140] Building CXX object CMakeFiles\xlang3_runtime.dir\Release\src\import\import_loader.cpp.obj
[93/140] Building CXX object CMakeFiles\xlang3_runtime_static.dir\Release\src\builtins\io_builtins.cpp.obj
[94/140] Building CXX object CMakeFiles\xlang3_runtime.dir\Release\src\executor\xlang_vm\xlang_interpreter.cpp.obj
[95/140] Building CXX object CMakeFiles\xlang3_runtime_static.dir\Release\src\runtime\methods\string_methods.cpp.obj
[96/140] Building CXX object CMakeFiles\xlang3_runtime_static.dir\Release\src\builtins\exception_builtins.cpp.obj
[97/140] Building CXX object CMakeFiles\xlang3_runtime_static.dir\Release\src\runtime\functional_iterators.cpp.obj
[98/140] Building CXX object CMakeFiles\xlang3_runtime.dir\Release\src\builtins\object_type_builtins.cpp.obj
[99/140] Building CXX object CMakeFiles\xlang3_runtime_static.dir\Release\src\runtime\value.cpp.obj
[100/140] Building CXX object CMakeFiles\xlang3_runtime_static.dir\Release\src\parser\lexer.cpp.obj
[101/140] Building CXX object CMakeFiles\xlang3_runtime_static.dir\Release\src\import\native_package_loader.cpp.obj
[102/140] Building CXX object CMakeFiles\xlang3_runtime.dir\Release\src\runtime\runtime.cpp.obj
[103/140] Building CXX object CMakeFiles\xlang3_runtime_static.dir\Release\src\builtins\object_type_builtins.cpp.obj
[104/140] Building CXX object CMakeFiles\xlang3_runtime_static.dir\Release\src\import\import_loader.cpp.obj
[105/140] Building CXX object CMakeFiles\xlang3.dir\Release\src\xlang3.cpp.obj
[106/140] Building CXX object CMakeFiles\xlang3_runtime_static.dir\Release\src\runtime\runtime.cpp.obj
[107/140] Building CXX object CMakeFiles\xlang3_runtime_static.dir\Release\src\executor\xlang_vm\xlang_interpreter.cpp.obj
[108/140] Building CXX object CMakeFiles\xlang3_runtime.dir\Release\src\runtime\object_model.cpp.obj
[109/140] Building CXX object CMakeFiles\xlang3_runtime_static.dir\Release\src\runtime\object_model.cpp.obj
[110/140] Building CXX object CMakeFiles\xlang3_runtime.dir\Release\src\builtins\functional_builtins.cpp.obj
[111/140] Building CXX object CMakeFiles\xlang3_runtime_static.dir\Release\src\builtins\functional_builtins.cpp.obj
[112/140] Building CXX object CMakeFiles\xlang3_interpreter_tests.dir\Release\tests\cpp\interpreter_tests.cpp.obj
[113/140] Building CXX object CMakeFiles\xlang3_runtime.dir\Release\src\executor\xlang_vm\xlang_vm_loop.cpp.obj
[114/140] Building CXX object CMakeFiles\xlang3_runtime_static.dir\Release\src\executor\xlang_vm\xlang_vm_loop.cpp.obj
[115/140] Linking CXX static library Release\xlang3_runtime_static.lib
[116/140] Linking CXX shared library Release\xlang3_runtime.dll
[117/119] Linking CXX executable Release\xlang3_interpreter_tests.exe
[118/119] Linking CXX executable Release\xlang3.exe
