[0/2] Re-checking globbed directories...
[1/92] Building CXX object CMakeFiles\xlang3_system_runtime.dir\Release\src\runtime\modules\system\atexit_module.cpp.obj
[2/92] Building CXX object CMakeFiles\xlang3_system_runtime.dir\Release\src\runtime\modules\system\asyncio_task.cpp.obj
[3/92] Building CXX object CMakeFiles\xlang3_system_runtime.dir\Release\src\runtime\modules\system\asyncio_module.cpp.obj
[4/92] Building CXX object CMakeFiles\xlang3_thread_runtime.dir\Release\src\runtime\modules\thread\thread_objects.cpp.obj
[5/92] Building CXX object CMakeFiles\xlang3_system_runtime.dir\Release\src\runtime\modules\system\asyncio_future.cpp.obj
[6/92] Building CXX object CMakeFiles\xlang3_system_runtime.dir\Release\src\runtime\modules\system\marshal_module.cpp.obj
[7/92] Building CXX object CMakeFiles\xlang3_runtime.dir\Release\src\ir\codec.cpp.obj
[8/92] Building CXX object CMakeFiles\xlang3_system_runtime.dir\Release\src\runtime\modules\system\importlib_module.cpp.obj
[9/92] Building CXX object CMakeFiles\xlang3_task_runtime.dir\Release\src\runtime\modules\task\task_objects.cpp.obj
[10/92] Building CXX object CMakeFiles\xlang3_system_runtime.dir\Release\src\runtime\modules\system\zipimport_module.cpp.obj
[11/92] Building CXX object CMakeFiles\xlang3_runtime.dir\Release\src\runtime\generator.cpp.obj
[12/92] Building CXX object CMakeFiles\xlang3_system_runtime.dir\Release\src\runtime\modules\system\interpreters_module.cpp.obj
[13/92] Building CXX object CMakeFiles\xlang3_runtime.dir\Release\src\executor\xlang_vm\xlang_vm_attr.cpp.obj
[14/92] Building CXX object CMakeFiles\xlang3_system_runtime.dir\Release\src\runtime\modules\system\sys_module.cpp.obj
[15/92] Linking CXX static library Release\xlang3_task_runtime.lib
[16/92] Building CXX object CMakeFiles\xlang3_runtime.dir\Release\src\ir\dump.cpp.obj
[17/92] Linking CXX static library Release\xlang3_thread_runtime.lib
[18/92] Building CXX object CMakeFiles\xlang3_runtime.dir\Release\src\runtime\functional_iterators.cpp.obj
[19/92] Building CXX object CMakeFiles\xlang3_runtime.dir\Release\src\debug\debug_session.cpp.obj
[20/92] Building CXX object CMakeFiles\xlang3_runtime.dir\Release\src\runtime\value.cpp.obj
[21/92] Building CXX object CMakeFiles\xlang3_runtime.dir\Release\src\serialize\value_graph_lifetime.cpp.obj
[22/92] Linking CXX static library Release\xlang3_system_runtime.lib
[23/92] Building CXX object CMakeFiles\xlang3_runtime.dir\Release\src\api\c_api.cpp.obj
[24/92] Building CXX object CMakeFiles\xlang3_runtime_static.dir\Release\src\runtime\generator.cpp.obj
[25/92] Building CXX object CMakeFiles\xlang3_runtime_static.dir\Release\src\runtime\functional_iterators.cpp.obj
[26/92] Building CXX object CMakeFiles\xlang3_runtime.dir\Release\src\builtins\object_type_builtins.cpp.obj
[27/92] Building CXX object CMakeFiles\xlang3_runtime.dir\Release\src\executor\xlang_vm\xlang_interpreter.cpp.obj
[28/92] Building CXX object CMakeFiles\xlang3_runtime_static.dir\Release\src\executor\xlang_vm\xlang_vm_attr.cpp.obj
[29/92] Building CXX object CMakeFiles\xlang3_runtime.dir\Release\src\serialize\value_graph_writer.cpp.obj
[30/92] Building CXX object CMakeFiles\xlang3_runtime_static.dir\Release\src\ir\codec.cpp.obj
[31/92] Building CXX object CMakeFiles\xlang3_runtime_static.dir\Release\src\ir\dump.cpp.obj
[32/92] Building CXX object CMakeFiles\xlang3_runtime.dir\Release\src\serialize\value_graph_reader.cpp.obj
[33/92] Building CXX object CMakeFiles\xlang3_runtime_static.dir\Release\src\debug\debug_session.cpp.obj
[34/92] Building CXX object CMakeFiles\xlang3_runtime.dir\Release\src\import\import_loader.cpp.obj
[35/92] Building CXX object CMakeFiles\xlang3_runtime_static.dir\Release\src\api\c_api.cpp.obj
[36/92] Building CXX object CMakeFiles\xlang3_runtime_static.dir\Release\src\serialize\value_graph_lifetime.cpp.obj
[37/92] Building CXX object CMakeFiles\xlang3_runtime_static.dir\Release\src\runtime\value.cpp.obj
[38/92] Building CXX object CMakeFiles\xlang3_smoke.dir\Release\tests\smoke.cpp.obj
[39/92] Building CXX object CMakeFiles\xlang3_runtime_static.dir\Release\src\serialize\value_graph_reader.cpp.obj
[40/92] Building CXX object CMakeFiles\xlang3_runtime.dir\Release\src\builtins\functional_builtins.cpp.obj
[41/92] Building CXX object CMakeFiles\xlang3_runtime.dir\Release\src\debug\dap_session.cpp.obj
[42/92] Building CXX object CMakeFiles\xlang3_parser_tests.dir\Release\tests\cpp\parser_tests.cpp.obj
[43/92] Building CXX object CMakeFiles\xlang3_runtime.dir\Release\src\runtime\runtime.cpp.obj
[44/92] Building CXX object CMakeFiles\xlang3_memory_tests.dir\Release\tests\cpp\memory_tests.cpp.obj
[45/92] Building CXX object CMakeFiles\xlang3_runtime_static.dir\Release\src\runtime\runtime.cpp.obj
[46/92] Building CXX object CMakeFiles\xlang3_runtime_static.dir\Release\src\executor\xlang_vm\xlang_interpreter.cpp.obj
[47/92] Building CXX object CMakeFiles\xlang3_vfs_tests.dir\Release\tests\cpp\vfs_tests.cpp.obj
[48/92] Building CXX object CMakeFiles\xlang3_runtime_static.dir\Release\src\serialize\value_graph_writer.cpp.obj
[49/92] Building CXX object CMakeFiles\xlang3_runtime_static.dir\Release\src\import\import_loader.cpp.obj
[50/92] Building CXX object CMakeFiles\xlang3_debug_session_tests.dir\Release\tests\cpp\debug_session_tests.cpp.obj
[51/92] Building CXX object CMakeFiles\xlang3_runtime_static.dir\Release\src\builtins\object_type_builtins.cpp.obj
[52/92] Building CXX object CMakeFiles\xlang3_runtime_static.dir\Release\src\debug\dap_session.cpp.obj
[53/92] Building CXX object CMakeFiles\xlang3_ir_codec_tests.dir\Release\tests\cpp\ir_codec_tests.cpp.obj
[54/92] Building CXX object CMakeFiles\xlang3_task_tests.dir\Release\tests\cpp\task_tests.cpp.obj
[55/92] Building CXX object CMakeFiles\xlang3.dir\Release\src\xlang3.cpp.obj
[56/92] Building CXX object CMakeFiles\xlang3_runtime.dir\Release\src\runtime\object_model.cpp.obj
[57/92] Building CXX object CMakeFiles\xlang3_runtime_value_tests.dir\Release\tests\cpp\runtime_value_tests.cpp.obj
[58/92] Building CXX object CMakeFiles\xlang3_module_slot_tests.dir\Release\tests\cpp\module_slot_tests.cpp.obj
[59/92] Building CXX object CMakeFiles\xlang3_runtime.dir\Release\src\sema\lower.cpp.obj
[60/92] Building CXX object CMakeFiles\xlang3_dap_session_tests.dir\Release\tests\cpp\dap_session_tests.cpp.obj
[61/92] Building CXX object CMakeFiles\xlang3_runtime_static.dir\Release\src\runtime\object_model.cpp.obj
[62/92] Building CXX object CMakeFiles\xlang3_runtime_static.dir\Release\src\sema\lower.cpp.obj
[63/92] Building CXX object CMakeFiles\xlang3_runtime_static.dir\Release\src\builtins\functional_builtins.cpp.obj
[64/92] Building CXX object CMakeFiles\xlang3_interpreter_tests.dir\Release\tests\cpp\interpreter_tests.cpp.obj
[65/92] Building CXX object CMakeFiles\xlang3_runtime.dir\Release\src\executor\xlang_vm\xlang_vm_loop.cpp.obj
[66/92] Building CXX object CMakeFiles\xlang3_runtime_static.dir\Release\src\executor\xlang_vm\xlang_vm_loop.cpp.obj
[67/92] Linking CXX static library Release\xlang3_runtime_static.lib
[68/92] Linking CXX shared library Release\xlang3_runtime.dll
[69/92] Linking CXX executable Release\xlang3_smoke.exe
[70/92] Linking CXX executable Release\xlang3_abi_ownership.exe
[71/92] Linking CXX executable Release\xlang3_cpp_ipc_client.exe
[72/92] Linking CXX executable Release\xlang3_static_runtime_shutdown.exe
[73/92] Linking CXX executable Release\xlang3_sdk_stream_call_tests.exe
[74/92] Linking CXX executable Release\xlang3_embedded_package_tests.exe
[75/92] Linking CXX executable Release\xlang3_graph_process_tests.exe
[76/92] Linking CXX executable Release\xlang3_runtime_value_tests.exe
[77/92] Linking CXX executable Release\xlang3_ipc_capacity_tests.exe
[78/92] Linking CXX executable Release\xlang3.exe
[79/92] Linking CXX executable Release\xlang3_tensor_cpu_tests.exe
[80/92] Linking CXX executable Release\xlang3_vfs_tests.exe
[81/92] Linking CXX executable Release\xlang3_memory_tests.exe
[82/92] Linking CXX executable Release\xlang3_parser_tests.exe
[83/92] Linking CXX executable Release\xlang3_debug_session_tests.exe
[84/92] Linking CXX executable Release\xlang3_interpreter_tests.exe
[85/92] Linking CXX executable Release\xlang3_dap_session_tests.exe
[86/92] Linking CXX executable Release\xlang3_ir_codec_tests.exe
[87/92] Linking CXX executable Release\xlang3_module_slot_tests.exe
[88/92] Linking CXX executable Release\xlang3_task_tests.exe
[89/92] Linking CXX executable Release\xlang3_xlang1_compat_package_tests.exe
[90/92] Linking CXX executable Release\xlang3_native_package_real_tests.exe
[91/92] Linking CXX executable Release\xlang3_native_path_tests.exe
