Python benchmark suite 1.14.0


==================================================
( 1/3) creating venv for benchmark (pickle)

(trying common venv first)
Installing requirements into the virtual environment D:\CantorAI\xlang3\venv\xlang33.14-d5317054b2a5-compat-31b33d68c68a
# 'D:\CantorAI\xlang3\venv\xlang33.14-d5317054b2a5-compat-31b33d68c68a\Scripts\python.exe' -m pip install pyperf==2.10.0
Requirement already satisfied: pyperf==2.10.0 in .\venv\xlang33.14-d5317054b2a5-compat-31b33d68c68a\Lib\site-packages (2.10.0)
Collecting psutil>=5.9.0 (from pyperf==2.10.0)
  Using cached psutil-7.2.2.tar.gz (493 kB)
  Installing build dependencies: started
  Installing build dependencies: finished with status 'done'
  Getting requirements to build wheel: started
  Getting requirements to build wheel: finished with status 'done'
  Preparing metadata (pyproject.toml): started
  Preparing metadata (pyproject.toml): finished with status 'done'
Building wheels for collected packages: psutil
  Building wheel for psutil (pyproject.toml): started
  Building wheel for psutil (pyproject.toml): finished with status 'error'
  error: subprocess-exited-with-error
  
  × <InstallationSubprocessError: subprocess-exited-with-error>
  ╰─> [17 lines of output]
      running bdist_wheel
      running build
      running build_py
      creating build\lib.win-amd64-xlang3-314\psutil
      copying psutil\_common.py -> build\lib.win-amd64-xlang3-314\psutil
      copying psutil\_ntuples.py -> build\lib.win-amd64-xlang3-314\psutil
      copying psutil\_psaix.py -> build\lib.win-amd64-xlang3-314\psutil
      copying psutil\_psbsd.py -> build\lib.win-amd64-xlang3-314\psutil
      copying psutil\_pslinux.py -> build\lib.win-amd64-xlang3-314\psutil
      copying psutil\_psosx.py -> build\lib.win-amd64-xlang3-314\psutil
      copying psutil\_psposix.py -> build\lib.win-amd64-xlang3-314\psutil
      copying psutil\_pssunos.py -> build\lib.win-amd64-xlang3-314\psutil
      copying psutil\_pswindows.py -> build\lib.win-amd64-xlang3-314\psutil
      copying psutil\__init__.py -> build\lib.win-amd64-xlang3-314\psutil
      running build_ext
      building 'psutil._psutil_windows' extension
      error: Unable to find a compatible Visual Studio installation.
      [end of output]
  
  note: This error originates from a subprocess, and is likely not a problem with pip.
  ERROR: Failed building wheel for psutil
Failed to build psutil
error: failed-wheel-build-for-install

× <InstallWheelBuildError: failed-wheel-build-for-install>
╰─> psutil
Command failed with exit code 1
(falling back to unique venv)
Installing requirements into the virtual environment D:\CantorAI\xlang3\venv\xlang33.14-d5317054b2a5-compat-31b33d68c68a-bm-pickle
# 'D:\CantorAI\xlang3\venv\xlang33.14-d5317054b2a5-compat-31b33d68c68a-bm-pickle\Scripts\python.exe' -m pip install pyperf==2.10.0
Collecting pyperf==2.10.0
  Using cached pyperf-2.10.0-py3-none-any.whl.metadata (6.2 kB)
Collecting psutil>=5.9.0 (from pyperf==2.10.0)
  Using cached psutil-7.2.2.tar.gz (493 kB)
  Installing build dependencies: started
  Installing build dependencies: finished with status 'done'
  Getting requirements to build wheel: started
  Getting requirements to build wheel: finished with status 'done'
  Preparing metadata (pyproject.toml): started
  Preparing metadata (pyproject.toml): finished with status 'done'
Using cached pyperf-2.10.0-py3-none-any.whl (144 kB)
Building wheels for collected packages: psutil
  Building wheel for psutil (pyproject.toml): started
  Building wheel for psutil (pyproject.toml): finished with status 'error'
  error: subprocess-exited-with-error
  
  × <InstallationSubprocessError: subprocess-exited-with-error>
  ╰─> [17 lines of output]
      running bdist_wheel
      running build
      running build_py
      creating build\lib.win-amd64-xlang3-314\psutil
      copying psutil\_common.py -> build\lib.win-amd64-xlang3-314\psutil
      copying psutil\_ntuples.py -> build\lib.win-amd64-xlang3-314\psutil
      copying psutil\_psaix.py -> build\lib.win-amd64-xlang3-314\psutil
      copying psutil\_psbsd.py -> build\lib.win-amd64-xlang3-314\psutil
      copying psutil\_pslinux.py -> build\lib.win-amd64-xlang3-314\psutil
      copying psutil\_psosx.py -> build\lib.win-amd64-xlang3-314\psutil
      copying psutil\_psposix.py -> build\lib.win-amd64-xlang3-314\psutil
      copying psutil\_pssunos.py -> build\lib.win-amd64-xlang3-314\psutil
      copying psutil\_pswindows.py -> build\lib.win-amd64-xlang3-314\psutil
      copying psutil\__init__.py -> build\lib.win-amd64-xlang3-314\psutil
      running build_ext
      building 'psutil._psutil_windows' extension
      error: Unable to find a compatible Visual Studio installation.
      [end of output]
  
  note: This error originates from a subprocess, and is likely not a problem with pip.
  ERROR: Failed building wheel for psutil
error: failed-wheel-build-for-install

Failed to build psutil
× <InstallWheelBuildError: failed-wheel-build-for-install>
╰─> psutil
Command failed with exit code 1
(benchmark will be skipped)


==================================================
( 2/3) creating venv for benchmark (pickle_dict)

(trying common venv first)
Installing requirements into the virtual environment D:\CantorAI\xlang3\venv\xlang33.14-d5317054b2a5-compat-31b33d68c68a
# 'D:\CantorAI\xlang3\venv\xlang33.14-d5317054b2a5-compat-31b33d68c68a\Scripts\python.exe' -m pip install pyperf==2.10.0
Requirement already satisfied: pyperf==2.10.0 in .\venv\xlang33.14-d5317054b2a5-compat-31b33d68c68a\Lib\site-packages (2.10.0)
