{"digits": 2000, "sha256_digit_bytes": "e7cb4bbb129d29f035c29cf1f088673788a82ebbbd61b466257e12ece4871aac", "first_32": [3, 1, 4, 1, 5, 9, 2, 6, 5, 3, 5, 8, 9, 7, 9, 3, 2, 3, 8, 4, 6, 2, 6, 4, 3, 3, 8, 3, 2, 7, 9, 5], "last_32": [3, 8, 9, 0, 8, 6, 5, 8, 3, 2, 6, 4, 5, 9, 9, 5, 8, 1, 3, 3, 9, 0, 4, 7, 8, 0, 2, 7, 5, 9, 0, 0], "body_repetitions": 20, "benchmark_source_sha256": "4bf89183acb8651623676ece6e10787b6c71eec549fe53ce17a62a812ef7447d", "purpose": "correctness and optional IP sampling only; not a timing result"}
exit=0 samples=1390 unavailable=10 output=D:\CantorAI\xlang3\doc\performance\data\pidigits-operand-view-body-native-samples-20261007.json
   123 tid=24980 D:\CantorAI\xlang3\build-repro\main-verify-20261006\Release\xlang3_runtime.dll+0x5566f9
    58 tid=24980 D:\CantorAI\xlang3\build-repro\main-verify-20261006\Release\xlang3_runtime.dll+0x556df8
    52 tid=24980 D:\CantorAI\xlang3\build-repro\main-verify-20261006\Release\xlang3_runtime.dll+0x556de4
    45 tid=24980 D:\CantorAI\xlang3\build-repro\main-verify-20261006\Release\xlang3_runtime.dll+0x556731
    44 tid=24980 D:\CantorAI\xlang3\build-repro\main-verify-20261006\Release\xlang3_runtime.dll+0x559a3f
    44 tid=24980 D:\CantorAI\xlang3\build-repro\main-verify-20261006\Release\xlang3_runtime.dll+0x5566e3
    42 tid=24980 D:\CantorAI\xlang3\build-repro\main-verify-20261006\Release\xlang3_runtime.dll+0x5566b9
    40 tid=24980 D:\CantorAI\xlang3\build-repro\main-verify-20261006\Release\xlang3_runtime.dll+0x5566d7
    39 tid=24980 D:\CantorAI\xlang3\build-repro\main-verify-20261006\Release\xlang3_runtime.dll+0x556de9
    38 tid=24980 D:\CantorAI\xlang3\build-repro\main-verify-20261006\Release\xlang3_runtime.dll+0x5566dc
    38 tid=24980 D:\CantorAI\xlang3\build-repro\main-verify-20261006\Release\xlang3_runtime.dll+0x5566f5
    34 tid=24980 D:\CantorAI\xlang3\build-repro\main-verify-20261006\Release\xlang3_runtime.dll+0x55671f
    30 tid=24980 D:\CantorAI\xlang3\build-repro\main-verify-20261006\Release\xlang3_runtime.dll+0x55672c
    24 tid=24980 D:\CantorAI\xlang3\build-repro\main-verify-20261006\Release\xlang3_runtime.dll+0x559a2d
    23 tid=24980 D:\CantorAI\xlang3\build-repro\main-verify-20261006\Release\xlang3_runtime.dll+0x556718
    22 tid=24980 D:\CantorAI\xlang3\build-repro\main-verify-20261006\Release\xlang3_runtime.dll+0x5566c4
    21 tid=24980 D:\CantorAI\xlang3\build-repro\main-verify-20261006\Release\xlang3_runtime.dll+0x556dee
    20 tid=24980 C:\WINDOWS\SYSTEM32\ntdll.dll+0x3a14e
    19 tid=24980 D:\CantorAI\xlang3\build-repro\main-verify-20261006\Release\xlang3_runtime.dll+0x559a3b
    18 tid=24980 C:\WINDOWS\SYSTEM32\VCRUNTIME140.dll+0x1e6b4
