perf: native_calls=45819 fast=43813 cached_fast=21401
perf: native weakref.ProxyType.__setattr__ slow=172 fast=0
perf: native weakref.ProxyType.__getattr__ slow=86 fast=0
perf: native weakref.proxy slow=86 fast=0
perf: native sys.getrecursionlimit slow=20 fast=0
perf: native zip slow=4 fast=9
perf: native functools._lru_cache_wrapper slow=12 fast=0
perf: native KeyError.__init__ slow=9 fast=0
perf: native exec slow=5 fast=0
perf: native type.__new__ slow=5 fast=0
perf: native NotImplementedError.__init__ slow=4 fast=0
perf: native _ast.AST.__init__ slow=4 fast=0
perf: native function.__get__ slow=4 fast=0
perf: native types.GenericAlias.__new__ slow=4 fast=0
perf: native FileNotFoundError.__init__ slow=3 fast=0
perf: native iter slow=2 fast=0
perf: native _io.TextIOWrapper.fileno slow=1 fast=0
perf: native os.get_terminal_size slow=1 fast=0
perf: store_local moves=59704 copies=21096
perf: frame_snapshots calls=0 frames=0 locals=0 refresh_calls=82 refresh_items=87
perf: opcode 0 38161
perf: opcode 1 9333
perf: opcode 2 76203
perf: opcode 3 64046
perf: opcode 4 1634
perf: opcode 5 1540
perf: opcode 6 1532
perf: opcode 7 9597
perf: opcode 8 1094
perf: opcode 9 1184
perf: opcode 10 18801
perf: opcode 12 6
perf: opcode 13 6240
perf: opcode 15 106
perf: opcode 17 3
perf: opcode 18 19149
perf: opcode 19 232
perf: opcode 20 27
perf: opcode 22 19
perf: opcode 25 7102
perf: opcode 26 14099
perf: opcode 30 10
perf: opcode 31 1390
perf: opcode 33 15
perf: opcode 35 7774
perf: opcode 36 9279
perf: opcode 37 290
perf: opcode 38 4
perf: opcode 39 3083
perf: opcode 40 413
perf: opcode 41 4
perf: opcode 42 534
perf: opcode 45 4
perf: opcode 46 6731
perf: opcode 47 22467
perf: opcode 48 3082
perf: opcode 50 8231
perf: opcode 51 7432
perf: opcode 52 1930
perf: opcode 53 1001
perf: opcode 54 6358
perf: opcode 55 115
perf: opcode 56 1039
perf: opcode 60 1009
perf: opcode 63 190
perf: opcode 64 20
perf: opcode 66 18
perf: opcode 70 5138
perf: opcode 71 2071
perf: opcode 72 18823
perf: opcode 73 6713
perf: opcode 74 72
perf: opcode 75 17
perf: opcode 76 43946
perf: opcode 77 41132
perf: opcode 78 4274
perf: opcode 79 5405
perf: opcode 81 3779
perf: opcode 82 16
perf: opcode 83 9
perf: opcode 84 8
perf: opcode 85 61
perf: opcode 88 94
perf: opcode 89 1561
perf: opcode 90 51073
perf: opcode 91 1132
perf: opcode 92 4310
perf: opcode 93 36243
perf: opcode 95 348
perf: opcode 97 31133
perf: opcode 98 17798
perf: opcode 99 11
perf: opcode 101 30
perf: opcode 102 16
perf: opcode 105 74644
perf: opcode 106 24607
perf: opcode 107 2223
perf: opcode 108 472
perf: opcode 109 287
perf: opcode 110 65856
perf: opcode 111 128
perf: opcode 112 2247
perf: opcode 113 2077
perf: opcode 114 13948
perf: opcode 115 16516
perf: opcode 116 1538
perf: opcode 117 2912
perf: opcode 118 10766
perf: opcode 119 12494
perf: opcode 120 5955
perf: opcode 121 17029
perf: opcode 122 614
perf: opcode 125 5694
perf: opcode 126 15946
perf: opcode 127 483
perf: opcode 129 14
perf: opcode 130 3086
perf: opcode 131 11904
perf: objects kind alloc final_release incref decref
perf: String 19772 13934 145892 158456
perf: BigInt 9 9 162 171
perf: Bytes 4 0 0 0
perf: ByteArray 7 7 7 14
perf: Slice 3083 3083 26 3109
perf: Tuple 15582 15492 20350 35780
perf: List 10860 9823 62128 71948
perf: Dict 3538 3454 38956 42400
perf: Unknown 94 87 200 246
perf: Set 40 24 6384 6402
perf: DictKeysView 5 5 0 5
perf: DictValuesView 22 22 0 22
perf: DictItemsView 29 29 0 29
perf: DictIterator 185 185 0 185
perf: SetIterator 9 9 0 9
perf: Range 40 40 0 40
perf: RangeIterator 28 28 0 28
perf: SequenceIterator 8867 8867 10 8877
perf: Unknown 7 7 7 14
perf: Unknown 13 13 13 26
perf: Generator 49 49 97 146
perf: Module 16 5 88834 88160
perf: Cell 1205 1129 25135 26247
perf: Function 1394 1081 40104 41122
perf: NativeFunction 11 4 57381 57376
perf: Class 53 0 107005 104367
perf: Instance 5063 3954 1447915 1449085
perf: BoundMethod 14604 14596 1772 16368
perf: StaticMethod 0 0 2493 2493
perf: ClassMethod 4 0 94 94
perf: Super 2033 2033 0 2033
perf: SlotDescriptor 23 0 8752 8752
perf: Property 0 0 463 463
perf: Unknown 22 22 4 26
perf: Unknown 138 138 400 538
perf: Unknown 138 138 146 284
perf: Unknown 13 12 90 102
