[0/2] Re-checking globbed directories...
[1/29] Building CXX object CMakeFiles\xlang3_runtime_static.dir\Release\src\runtime\runtime.cpp.obj
[2/29] Building CXX object CMakeFiles\xlang3_runtime.dir\Release\src\runtime\runtime.cpp.obj
[3/29] Linking CXX static library Release\xlang3_runtime_static.lib
[4/29] Building CXX object CMakeFiles\xlang3_interpreter_tests.dir\Release\tests\cpp\interpreter_tests.cpp.obj
[5/29] Linking CXX shared library Release\xlang3_runtime.dll
[6/29] Linking CXX executable Release\xlang3_smoke.exe
[7/29] Linking CXX executable Release\xlang3_abi_ownership.exe
[8/29] Linking CXX executable Release\xlang3_cpp_ipc_client.exe
[9/29] Linking CXX executable Release\xlang3.exe
[10/29] Linking CXX executable Release\xlang3_static_runtime_shutdown.exe
[11/29] Linking CXX executable Release\xlang3_sdk_stream_call_tests.exe
[12/29] Linking CXX executable Release\xlang3_embedded_package_tests.exe
[13/29] Linking CXX executable Release\xlang3_graph_process_tests.exe
[14/29] Linking CXX executable Release\xlang3_runtime_value_tests.exe
[15/29] Linking CXX executable Release\xlang3_vfs_tests.exe
[16/29] Linking CXX executable Release\xlang3_tensor_cpu_tests.exe
[17/29] Linking CXX executable Release\xlang3_ipc_capacity_tests.exe
[18/29] Linking CXX executable Release\xlang3_memory_tests.exe
[19/29] Linking CXX executable Release\xlang3_parser_tests.exe
[20/29] Linking CXX executable Release\xlang3_interpreter_tests.exe
[21/29] Linking CXX executable Release\xlang3_debug_session_tests.exe
[22/29] Linking CXX executable Release\xlang3_dap_session_tests.exe
[23/29] Linking CXX executable Release\xlang3_module_slot_tests.exe
[24/29] Linking CXX executable Release\xlang3_task_tests.exe
[25/29] Linking CXX executable Release\xlang3_ir_codec_tests.exe
[26/29] Linking CXX executable Release\xlang3_native_package_real_tests.exe
[27/29] Linking CXX executable Release\xlang3_xlang1_compat_package_tests.exe
[28/29] Linking CXX executable Release\xlang3_native_path_tests.exe
