Reconstructed comparison input from the completed pyperf JSON; this is not the original console log.
[ 1/97] 2to3...
ERROR: Benchmark 2to3 failed: no pyperf measurement was saved by the runner
[ 2/97] argparse...
many_optionals: Mean +- std dev: 9.11742562512 ms +- 0 ms
[ 3/97] argparse_subparsers...
subparsers: Mean +- std dev: 181.810090001 ms +- 0 ms
[ 4/97] async_generators...
ERROR: Benchmark async_generators failed: no pyperf measurement was saved by the runner
[ 5/97] async_tree...
ERROR: Benchmark async_tree failed: no pyperf measurement was saved by the runner
[ 6/97] async_tree_cpu_io_mixed...
ERROR: Benchmark async_tree_cpu_io_mixed failed: no pyperf measurement was saved by the runner
[ 7/97] async_tree_cpu_io_mixed_tg...
ERROR: Benchmark async_tree_cpu_io_mixed_tg failed: no pyperf measurement was saved by the runner
[ 8/97] async_tree_eager...
ERROR: Benchmark async_tree_eager failed: no pyperf measurement was saved by the runner
[ 9/97] async_tree_eager_cpu_io_mixed...
ERROR: Benchmark async_tree_eager_cpu_io_mixed failed: no pyperf measurement was saved by the runner
[10/97] async_tree_eager_cpu_io_mixed_tg...
ERROR: Benchmark async_tree_eager_cpu_io_mixed_tg failed: no pyperf measurement was saved by the runner
[11/97] async_tree_eager_io...
ERROR: Benchmark async_tree_eager_io failed: no pyperf measurement was saved by the runner
[12/97] async_tree_eager_io_tg...
ERROR: Benchmark async_tree_eager_io_tg failed: no pyperf measurement was saved by the runner
[13/97] async_tree_eager_memoization...
ERROR: Benchmark async_tree_eager_memoization failed: no pyperf measurement was saved by the runner
[14/97] async_tree_eager_memoization_tg...
ERROR: Benchmark async_tree_eager_memoization_tg failed: no pyperf measurement was saved by the runner
[15/97] async_tree_eager_tg...
ERROR: Benchmark async_tree_eager_tg failed: no pyperf measurement was saved by the runner
[16/97] async_tree_io...
ERROR: Benchmark async_tree_io failed: no pyperf measurement was saved by the runner
[17/97] async_tree_io_tg...
ERROR: Benchmark async_tree_io_tg failed: no pyperf measurement was saved by the runner
[18/97] async_tree_memoization...
ERROR: Benchmark async_tree_memoization failed: no pyperf measurement was saved by the runner
[19/97] async_tree_memoization_tg...
ERROR: Benchmark async_tree_memoization_tg failed: no pyperf measurement was saved by the runner
[20/97] async_tree_tg...
ERROR: Benchmark async_tree_tg failed: no pyperf measurement was saved by the runner
[21/97] asyncio_tcp...
ERROR: Benchmark asyncio_tcp failed: no pyperf measurement was saved by the runner
[22/97] asyncio_tcp_ssl...
ERROR: Benchmark asyncio_tcp_ssl failed: no pyperf measurement was saved by the runner
[23/97] asyncio_websockets...
ERROR: Benchmark asyncio_websockets failed: no pyperf measurement was saved by the runner
[24/97] base64...
ERROR: Benchmark base64 failed: no pyperf measurement was saved by the runner
[25/97] bpe_tokeniser...
ERROR: Benchmark bpe_tokeniser failed: no pyperf measurement was saved by the runner
[26/97] chameleon...
ERROR: Benchmark chameleon failed: no pyperf measurement was saved by the runner
[27/97] chaos...
chaos: Mean +- std dev: 533.758545003 ms +- 0 ms
[28/97] comprehensions...
comprehensions: Mean +- std dev: 0.204693798815 ms +- 0 ms
[29/97] concurrent_imap...
ERROR: Benchmark concurrent_imap failed: no pyperf measurement was saved by the runner
[30/97] coroutines...
coroutines: Mean +- std dev: 372.631740011 ms +- 0 ms
[31/97] coverage...
ERROR: Benchmark coverage failed: no pyperf measurement was saved by the runner
[32/97] crypto_pyaes...
ERROR: Benchmark crypto_pyaes failed: no pyperf measurement was saved by the runner
[33/97] dask...
ERROR: Benchmark dask failed: no pyperf measurement was saved by the runner
[34/97] deepcopy...
deepcopy: Mean +- std dev: 4.45807952565 ms +- 0 ms
deepcopy_reduce: Mean +- std dev: 0.0439841674819 ms +- 0 ms
deepcopy_memo: Mean +- std dev: 0.556211347623 ms +- 0 ms
[35/97] deltablue...
deltablue: Mean +- std dev: 60.3485350017 ms +- 0 ms
[36/97] django_template...
ERROR: Benchmark django_template failed: no pyperf measurement was saved by the runner
[37/97] docutils...
ERROR: Benchmark docutils failed: no pyperf measurement was saved by the runner
[38/97] dulwich_log...
ERROR: Benchmark dulwich_log failed: no pyperf measurement was saved by the runner
[39/97] fannkuch...
ERROR: Benchmark fannkuch failed: no pyperf measurement was saved by the runner
[40/97] fastapi...
ERROR: Benchmark fastapi failed: no pyperf measurement was saved by the runner
[41/97] float...
float: Mean +- std dev: 75.3408574965 ms +- 0 ms
[42/97] gc_collect...
ERROR: Benchmark gc_collect failed: no pyperf measurement was saved by the runner
[43/97] gc_traversal...
gc_traversal: Mean +- std dev: 1.08620062476 ms +- 0 ms
[44/97] generators...
generators: Mean +- std dev: 356.59857 ms +- 0 ms
[45/97] genshi...
ERROR: Benchmark genshi failed: no pyperf measurement was saved by the runner
[46/97] go...
go: Mean +- std dev: 1343.851505 ms +- 0 ms
[47/97] hexiom...
hexiom: Mean +- std dev: 71.8886925039 ms +- 0 ms
[48/97] html5lib...
ERROR: Benchmark html5lib failed: no pyperf measurement was saved by the runner
[49/97] json_dumps...
json_dumps: Mean +- std dev: 40.5089912507 ms +- 0 ms
[50/97] json_loads...
json_loads: Mean +- std dev: 0.0980985664 ms +- 0 ms
[51/97] logging...
logging_format: Mean +- std dev: 0.100578609374 ms +- 0 ms
logging_silent: Mean +- std dev: 0.00153506793204 ms +- 0 ms
logging_simple: Mean +- std dev: 0.0945121288987 ms +- 0 ms
[52/97] mako...
ERROR: Benchmark mako failed: no pyperf measurement was saved by the runner
[53/97] mdp...
ERROR: Benchmark mdp failed: no pyperf measurement was saved by the runner
[54/97] meteor_contest...
meteor_contest: Mean +- std dev: 1265.42633 ms +- 0 ms
[55/97] nbody...
nbody: Mean +- std dev: 287.862094992 ms +- 0 ms
[56/97] networkx...
ERROR: Benchmark networkx failed: no pyperf measurement was saved by the runner
[57/97] networkx_connected_components...
ERROR: Benchmark networkx_connected_components failed: no pyperf measurement was saved by the runner
[58/97] networkx_k_core...
ERROR: Benchmark networkx_k_core failed: no pyperf measurement was saved by the runner
[59/97] nqueens...
nqueens: Mean +- std dev: 834.992174999 ms +- 0 ms
[60/97] pathlib...
pathlib: Mean +- std dev: 661.329424998 ms +- 0 ms
[61/97] pickle...
pickle: Mean +- std dev: 0.0356522265622 ms +- 0 ms
[62/97] pickle_dict...
pickle_dict: Mean +- std dev: 0.0348465380853 ms +- 0 ms
[63/97] pickle_list...
pickle_list: Mean +- std dev: 0.00641455248982 ms +- 0 ms
[64/97] pickle_pure_python...
pickle_pure_python: Mean +- std dev: 6.5015435002 ms +- 0 ms
[65/97] pidigits...
pidigits: Mean +- std dev: 363.847499999 ms +- 0 ms
[66/97] pprint...
ERROR: Benchmark pprint failed: no pyperf measurement was saved by the runner
[67/97] pyflate...
ERROR: Benchmark pyflate failed: no pyperf measurement was saved by the runner
[68/97] python_startup...
ERROR: Benchmark python_startup failed: no pyperf measurement was saved by the runner
[69/97] python_startup_no_site...
ERROR: Benchmark python_startup_no_site failed: no pyperf measurement was saved by the runner
[70/97] raytrace...
ERROR: Benchmark raytrace failed: no pyperf measurement was saved by the runner
[71/97] regex_compile...
regex_compile: Mean +- std dev: 1377.375125 ms +- 0 ms
[72/97] regex_dna...
regex_dna: Mean +- std dev: 207.036725004 ms +- 0 ms
[73/97] regex_effbot...
regex_effbot: Mean +- std dev: 12.9533204995 ms +- 0 ms
[74/97] regex_v8...
regex_v8: Mean +- std dev: 68.2802400042 ms +- 0 ms
[75/97] richards...
richards: Mean +- std dev: 435.255550002 ms +- 0 ms
[76/97] richards_super...
richards_super: Mean +- std dev: 549.658984996 ms +- 0 ms
[77/97] scimark...
ERROR: Benchmark scimark failed: no pyperf measurement was saved by the runner
[78/97] spectral_norm...
spectral_norm: Mean +- std dev: 457.851404996 ms +- 0 ms
[79/97] sphinx...
ERROR: Benchmark sphinx failed: no pyperf measurement was saved by the runner
[80/97] sqlalchemy_declarative...
ERROR: Benchmark sqlalchemy_declarative failed: no pyperf measurement was saved by the runner
[81/97] sqlalchemy_imperative...
ERROR: Benchmark sqlalchemy_imperative failed: no pyperf measurement was saved by the runner
[82/97] sqlglot_v2...
ERROR: Benchmark sqlglot_v2 failed: no pyperf measurement was saved by the runner
[83/97] sqlglot_v2_optimize...
ERROR: Benchmark sqlglot_v2_optimize failed: no pyperf measurement was saved by the runner
[84/97] sqlglot_v2_parse...
ERROR: Benchmark sqlglot_v2_parse failed: no pyperf measurement was saved by the runner
[85/97] sqlglot_v2_transpile...
ERROR: Benchmark sqlglot_v2_transpile failed: no pyperf measurement was saved by the runner
[86/97] sqlite_synth...
ERROR: Benchmark sqlite_synth failed: no pyperf measurement was saved by the runner
[87/97] sympy...
ERROR: Benchmark sympy failed: no pyperf measurement was saved by the runner
[88/97] telco...
ERROR: Benchmark telco failed: no pyperf measurement was saved by the runner
[89/97] tomli_loads...
ERROR: Benchmark tomli_loads failed: no pyperf measurement was saved by the runner
[90/97] tornado_http...
ERROR: Benchmark tornado_http failed: no pyperf measurement was saved by the runner
[91/97] typing_runtime_protocols...
typing_runtime_protocols: Mean +- std dev: 0.233157246083 ms +- 0 ms
[92/97] unpack_sequence...
unpack_sequence: Mean +- std dev: 0.000156804284664 ms +- 0 ms
[93/97] unpickle...
unpickle: Mean +- std dev: 0.0640248886702 ms +- 0 ms
[94/97] unpickle_list...
unpickle_list: Mean +- std dev: 0.0111444785162 ms +- 0 ms
[95/97] unpickle_pure_python...
unpickle_pure_python: Mean +- std dev: 4.31738562496 ms +- 0 ms
[96/97] xdsl...
ERROR: Benchmark xdsl failed: no pyperf measurement was saved by the runner
[97/97] xml_etree...
ERROR: Benchmark xml_etree failed: no pyperf measurement was saved by the runner
Performance version: 1.14.0
