Benchmark dependency sites: D:\CantorAI\xlang3\venv\cpython3.14-a6792301b742-compat-31b33d68c68a\Lib\site-packages
Python benchmark suite 1.14.0


==================================================
( 1/2) creating venv for benchmark (async_tree_cpu_io_mixed)

(trying common venv first)

==================================================
( 2/2) creating venv for benchmark (async_tree_eager_cpu_io_mixed)

(trying common venv first)

[1/2] async_tree_cpu_io_mixed...
...........
WARNING: the benchmark result may be unstable
* Not enough samples to get a stable result (95% certainly of less than 1% variation)

Try to rerun the benchmark with more runs, values and/or loops.
Run 'xlang3.exe -m pyperf system tune' command to reduce the system jitter.
Use pyperf stats, pyperf dump and pyperf hist to analyze results.
Use --quiet option to hide these warnings.

async_tree_cpu_io_mixed: Mean +- std dev: 5.50 sec +- 0.38 sec
[2/2] async_tree_eager_cpu_io_mixed...
...........
WARNING: the benchmark result may be unstable
* Not enough samples to get a stable result (95% certainly of less than 1% variation)

Try to rerun the benchmark with more runs, values and/or loops.
Run 'xlang3.exe -m pyperf system tune' command to reduce the system jitter.
Use pyperf stats, pyperf dump and pyperf hist to analyze results.
Use --quiet option to hide these warnings.

async_tree_eager_cpu_io_mixed: Mean +- std dev: 3.08 sec +- 0.15 sec

Performance version: 1.14.0

### async_tree_cpu_io_mixed ###
Mean +- std dev: 5.50 sec +- 0.38 sec

### async_tree_eager_cpu_io_mixed ###
Mean +- std dev: 3.08 sec +- 0.15 sec

