[1/97] 2to3...
ERROR: Benchmark 2to3 failed: Benchmark died
- 2to3 (Benchmark died)
[4/97] async_generators...
ERROR: Benchmark async_generators timed out
- async_generators (Benchmark timed out)
[5/97] async_tree...
ERROR: Benchmark async_tree timed out
- async_tree (Benchmark timed out)
[6/97] async_tree_cpu_io_mixed...
ERROR: Benchmark async_tree_cpu_io_mixed timed out
- async_tree_cpu_io_mixed (Benchmark timed out)
[7/97] async_tree_cpu_io_mixed_tg...
ERROR: Benchmark async_tree_cpu_io_mixed_tg timed out
- async_tree_cpu_io_mixed_tg (Benchmark timed out)
[8/97] async_tree_eager...
ERROR: Benchmark async_tree_eager timed out
- async_tree_eager (Benchmark timed out)
[9/97] async_tree_eager_cpu_io_mixed...
ERROR: Benchmark async_tree_eager_cpu_io_mixed timed out
- async_tree_eager_cpu_io_mixed (Benchmark timed out)
[10/97] async_tree_eager_cpu_io_mixed_tg...
ERROR: Benchmark async_tree_eager_cpu_io_mixed_tg timed out
- async_tree_eager_cpu_io_mixed_tg (Benchmark timed out)
[11/97] async_tree_eager_io...
ERROR: Benchmark async_tree_eager_io timed out
- async_tree_eager_io (Benchmark timed out)
[12/97] async_tree_eager_io_tg...
ERROR: Benchmark async_tree_eager_io_tg timed out
- async_tree_eager_io_tg (Benchmark timed out)
[13/97] async_tree_eager_memoization...
ERROR: Benchmark async_tree_eager_memoization timed out
- async_tree_eager_memoization (Benchmark timed out)
[14/97] async_tree_eager_memoization_tg...
ERROR: Benchmark async_tree_eager_memoization_tg timed out
- async_tree_eager_memoization_tg (Benchmark timed out)
[15/97] async_tree_eager_tg...
ERROR: Benchmark async_tree_eager_tg timed out
- async_tree_eager_tg (Benchmark timed out)
[16/97] async_tree_io...
ERROR: Benchmark async_tree_io timed out
- async_tree_io (Benchmark timed out)
[17/97] async_tree_io_tg...
ERROR: Benchmark async_tree_io_tg timed out
- async_tree_io_tg (Benchmark timed out)
[18/97] async_tree_memoization...
ERROR: Benchmark async_tree_memoization timed out
- async_tree_memoization (Benchmark timed out)
[19/97] async_tree_memoization_tg...
ERROR: Benchmark async_tree_memoization_tg timed out
- async_tree_memoization_tg (Benchmark timed out)
[20/97] async_tree_tg...
ERROR: Benchmark async_tree_tg timed out
- async_tree_tg (Benchmark timed out)
[21/97] asyncio_tcp...
ERROR: Benchmark asyncio_tcp timed out
- asyncio_tcp (Benchmark timed out)
[22/97] asyncio_tcp_ssl...
ERROR: Benchmark asyncio_tcp_ssl timed out
- asyncio_tcp_ssl (Benchmark timed out)
[23/97] asyncio_websockets...
ERROR: Benchmark asyncio_websockets timed out
- asyncio_websockets (Benchmark timed out)
[24/97] base64...
ERROR: Benchmark base64 timed out
- base64 (Benchmark timed out)
[25/97] bpe_tokeniser...
ERROR: Benchmark bpe_tokeniser timed out
- bpe_tokeniser (Benchmark timed out)
[26/97] chameleon...
ERROR: Benchmark chameleon failed: Benchmark died
- chameleon (Benchmark died)
[28/97] comprehensions...
ERROR: Benchmark comprehensions failed: Benchmark died
- comprehensions (Benchmark died)
[29/97] concurrent_imap...
ERROR: Benchmark concurrent_imap failed: Benchmark died
- concurrent_imap (Benchmark died)
[31/97] coverage...
ERROR: Benchmark coverage failed: Benchmark died
- coverage (Benchmark died)
[33/97] dask...
ERROR: Benchmark dask failed: Benchmark died
- dask (Benchmark died)
[34/97] deepcopy...
ERROR: Benchmark deepcopy failed: Benchmark died
- deepcopy (Benchmark died)
[36/97] django_template...
ERROR: Benchmark django_template failed: Benchmark died
- django_template (Benchmark died)
[37/97] docutils...
ERROR: Benchmark docutils failed: Benchmark died
- docutils (Benchmark died)
[38/97] dulwich_log...
ERROR: Benchmark dulwich_log failed: Benchmark died
- dulwich_log (Benchmark died)
[40/97] fastapi...
ERROR: Benchmark fastapi failed: Benchmark died
- fastapi (Benchmark died)
[42/97] gc_collect...
ERROR: Benchmark gc_collect failed: Benchmark died
- gc_collect (Benchmark died)
[44/97] generators...
ERROR: Benchmark generators timed out
- generators (Benchmark timed out)
[45/97] genshi...
ERROR: Benchmark genshi failed: Benchmark died
- genshi (Benchmark died)
[46/97] go...
ERROR: Benchmark go timed out
- go (Benchmark timed out)
[48/97] html5lib...
ERROR: Benchmark html5lib failed: Benchmark died
- html5lib (Benchmark died)
[51/97] logging...
ERROR: Benchmark logging timed out
- logging (Benchmark timed out)
[52/97] mako...
ERROR: Benchmark mako failed: Benchmark died
- mako (Benchmark died)
[53/97] mdp...
ERROR: Benchmark mdp failed: Benchmark died
- mdp (Benchmark died)
[54/97] meteor_contest...
ERROR: Benchmark meteor_contest timed out
- meteor_contest (Benchmark timed out)
[56/97] networkx...
ERROR: Benchmark networkx failed: Benchmark died
- networkx (Benchmark died)
[57/97] networkx_connected_components...
ERROR: Benchmark networkx_connected_components failed: Benchmark died
- networkx_connected_components (Benchmark died)
[58/97] networkx_k_core...
ERROR: Benchmark networkx_k_core failed: Benchmark died
- networkx_k_core (Benchmark died)
[59/97] nqueens...
ERROR: Benchmark nqueens timed out
- nqueens (Benchmark timed out)
[60/97] pathlib...
ERROR: Benchmark pathlib timed out
- pathlib (Benchmark timed out)
[66/97] pprint...
ERROR: Benchmark pprint timed out
- pprint (Benchmark timed out)
[67/97] pyflate...
ERROR: Benchmark pyflate timed out
- pyflate (Benchmark timed out)
[68/97] python_startup...
ERROR: Benchmark python_startup failed: Benchmark died
- python_startup (Benchmark died)
[69/97] python_startup_no_site...
ERROR: Benchmark python_startup_no_site failed: Benchmark died
- python_startup_no_site (Benchmark died)
[70/97] raytrace...
ERROR: Benchmark raytrace timed out
- raytrace (Benchmark timed out)
[71/97] regex_compile...
ERROR: Benchmark regex_compile failed: Benchmark died
- regex_compile (Benchmark died)
[77/97] scimark...
ERROR: Benchmark scimark failed: Benchmark died
- scimark (Benchmark died)
[79/97] sphinx...
ERROR: Benchmark sphinx failed: Benchmark died
- sphinx (Benchmark died)
[80/97] sqlalchemy_declarative...
ERROR: Benchmark sqlalchemy_declarative failed: Benchmark died
- sqlalchemy_declarative (Benchmark died)
[81/97] sqlalchemy_imperative...
ERROR: Benchmark sqlalchemy_imperative failed: Benchmark died
- sqlalchemy_imperative (Benchmark died)
[82/97] sqlglot_v2...
ERROR: Benchmark sqlglot_v2 failed: Benchmark died
- sqlglot_v2 (Benchmark died)
[83/97] sqlglot_v2_optimize...
ERROR: Benchmark sqlglot_v2_optimize failed: Benchmark died
- sqlglot_v2_optimize (Benchmark died)
[84/97] sqlglot_v2_parse...
ERROR: Benchmark sqlglot_v2_parse failed: Benchmark died
- sqlglot_v2_parse (Benchmark died)
[85/97] sqlglot_v2_transpile...
ERROR: Benchmark sqlglot_v2_transpile failed: Benchmark died
- sqlglot_v2_transpile (Benchmark died)
[86/97] sqlite_synth...
ERROR: Benchmark sqlite_synth failed: Benchmark died
- sqlite_synth (Benchmark died)
[87/97] sympy...
ERROR: Benchmark sympy failed: Benchmark died
- sympy (Benchmark died)
[89/97] tomli_loads...
ERROR: Benchmark tomli_loads timed out
- tomli_loads (Benchmark timed out)
[90/97] tornado_http...
ERROR: Benchmark tornado_http failed: Benchmark died
- tornado_http (Benchmark died)
[96/97] xdsl...
ERROR: Benchmark xdsl failed: Benchmark died
- xdsl (Benchmark died)
[97/97] xml_etree...
ERROR: Benchmark xml_etree failed: Benchmark died
- xml_etree (Benchmark died)
