Benchmark dependency sites: D:\CantorAI\xlang3\venv\cpython3.14-a6792301b742-compat-31b33d68c68a\Lib\site-packages
Python benchmark suite 1.14.0


==================================================
( 1/1) creating venv for benchmark (genshi)

(trying common venv first)

[1/1] genshi...
...........
WARNING: the benchmark result may be unstable
* the standard deviation (2.90 ms) is 13% of the mean (22.1 ms)
* the maximum (33.2 ms) is 50% greater than the mean (22.1 ms)

Try to rerun the benchmark with more runs, values and/or loops.
Run 'python.exe -m pyperf system tune' command to reduce the system jitter.
Use pyperf stats, pyperf dump and pyperf hist to analyze results.
Use --quiet option to hide these warnings.

genshi_text: Mean +- std dev: 22.1 ms +- 2.9 ms
...........
WARNING: the benchmark result may be unstable
* Not enough samples to get a stable result (95% certainly of less than 1% variation)

Try to rerun the benchmark with more runs, values and/or loops.
Run 'python.exe -m pyperf system tune' command to reduce the system jitter.
Use pyperf stats, pyperf dump and pyperf hist to analyze results.
Use --quiet option to hide these warnings.

genshi_xml: Mean +- std dev: 46.7 ms +- 2.7 ms

Performance version: 1.14.0

### genshi_text ###
Mean +- std dev: 22.1 ms +- 2.9 ms

### genshi_xml ###
Mean +- std dev: 46.7 ms +- 2.7 ms

