Benchmark dependency sites: D:\CantorAI\xlang3\venv\cpython3.14-a6792301b742-compat-31b33d68c68a\Lib\site-packages
Full-case timeout overrides: networkx*=600s
Python benchmark suite 1.14.0


==================================================
( 1/1) creating venv for benchmark (deepcopy)

(trying common venv first)

[1/1] deepcopy...
...........
WARNING: the benchmark result may be unstable
* Not enough samples to get a stable result (95% certainly of less than 1% variation)

Try to rerun the benchmark with more runs, values and/or loops.
Run 'xlang3.exe -m pyperf system tune' command to reduce the system jitter.
Use pyperf stats, pyperf dump and pyperf hist to analyze results.
Use --quiet option to hide these warnings.

deepcopy: Mean +- std dev: 2.57 ms +- 0.08 ms
...........
WARNING: the benchmark result may be unstable
* Not enough samples to get a stable result (95% certainly of less than 1% variation)

Try to rerun the benchmark with more runs, values and/or loops.
Run 'xlang3.exe -m pyperf system tune' command to reduce the system jitter.
Use pyperf stats, pyperf dump and pyperf hist to analyze results.
Use --quiet option to hide these warnings.

deepcopy_reduce: Mean +- std dev: 27.3 us +- 0.4 us
...........
WARNING: the benchmark result may be unstable
* Not enough samples to get a stable result (95% certainly of less than 1% variation)

Try to rerun the benchmark with more runs, values and/or loops.
Run 'xlang3.exe -m pyperf system tune' command to reduce the system jitter.
Use pyperf stats, pyperf dump and pyperf hist to analyze results.
Use --quiet option to hide these warnings.

deepcopy_memo: Mean +- std dev: 282 us +- 6 us

Performance version: 1.14.0

### deepcopy ###
Mean +- std dev: 2.57 ms +- 0.08 ms

### deepcopy_reduce ###
Mean +- std dev: 27.3 us +- 0.4 us

### deepcopy_memo ###
Mean +- std dev: 282 us +- 6 us

