Benchmark dependency sites: D:\CantorAI\xlang3\venv\cpython3.14-a6792301b742-compat-31b33d68c68a\Lib\site-packages
Python benchmark suite 1.14.0


==================================================
( 1/3) creating venv for benchmark (networkx)

(trying common venv first)

==================================================
( 2/3) creating venv for benchmark (networkx_connected_components)

(trying common venv first)

==================================================
( 3/3) creating venv for benchmark (networkx_k_core)

(trying common venv first)

[1/3] networkx...
Full-case timeout: networkx exceeded 300 seconds
ERROR: Benchmark networkx timed out
[2/3] networkx_connected_components...
Full-case timeout: networkx_connected_components exceeded 300 seconds
ERROR: Benchmark networkx_connected_components timed out
[3/3] networkx_k_core...
.....Full-case timeout: networkx_k_core exceeded 300 seconds
ERROR: Benchmark networkx_k_core timed out

ERROR: No benchmark was run
