Benchmark dependency sites: D:\CantorAI\xlang3\venv\cpython3.14-a6792301b742-compat-31b33d68c68a\Lib\site-packages
Python benchmark suite 1.14.0


==================================================
( 1/3) creating venv for benchmark (networkx)

(trying common venv first)

==================================================
( 2/3) creating venv for benchmark (networkx_connected_components)

(trying common venv first)

==================================================
( 3/3) creating venv for benchmark (networkx_k_core)

(trying common venv first)

[1/3] networkx...
Traceback (most recent call last):
  File "C:\Python\Python314\Lib\site-packages\pyperformance\data-files\benchmarks\bm_networkx\run_benchmark.py", line 24, in <module>
    graph = networkx.read_adjlist(DATA_FILE)
  File "D:\CantorAI\xlang3\venv\cpython3.14-a6792301b742-compat-31b33d68c68a\Lib\site-packages\networkx\utils\decorators.py", line 788, in func
    return argmap._lazy_compile(__wrapper)(*args, **kwargs)
           ~~~~~~~~~~~~~~~~~~~~~~~~~~~~~~~^^^^^^^^^^^^^^^^^
  File "<class 'networkx.utils.decorators.argmap'> compilation 4", line 3, in argmap_read_adjlist_1
  File "D:\CantorAI\xlang3\venv\cpython3.14-a6792301b742-compat-31b33d68c68a\Lib\site-packages\networkx\utils\backends.py", line 967, in __call__
    return self.orig_func(*args, **kwargs)
           ~~~~~~~~~~~~~~^^^^^^^^^^^^^^^^^
  File "D:\CantorAI\xlang3\venv\cpython3.14-a6792301b742-compat-31b33d68c68a\Lib\site-packages\networkx\readwrite\adjlist.py", line 304, in read_adjlist
    return parse_adjlist(
        lines,
    ...<3 lines>...
        nodetype=nodetype,
    )
  File "D:\CantorAI\xlang3\venv\cpython3.14-a6792301b742-compat-31b33d68c68a\Lib\site-packages\networkx\utils\decorators.py", line 788, in func
    return argmap._lazy_compile(__wrapper)(*args, **kwargs)
           ~~~~~~~~~~~~~~~~~~~~^^^^^^^^^^^
  File "D:\CantorAI\xlang3\venv\cpython3.14-a6792301b742-compat-31b33d68c68a\Lib\site-packages\networkx\utils\decorators.py", line 760, in _lazy_compile
    real_func = func.__argmap__.compile(func.__wrapped__)
                ^^^^^^^^^^^^^^^
AttributeError: object has no attribute '__argmap__'
Traceback (most recent call last):
  File "C:\Python\Python314\Lib\site-packages\pyperformance\run.py", line 171, in run_benchmarks
    result = bench.run(
        bench_venv.python,
    ...<3 lines>...
        verbose=options.verbose,
    )
  File "D:\CantorAI\xlang3\benchmarks\diagnostics\run_pyperformance_xlang3_shimmed.py", line 155, in run_named_benchmark
    return original_benchmark_run(benchmark, *positional, **keywords)
  File "C:\Python\Python314\Lib\site-packages\pyperformance\_benchmark.py", line 193, in run
    bench = _run_perf_script(
        python,
    ...<4 lines>...
        verbose=verbose,
    )
  File "C:\Python\Python314\Lib\site-packages\pyperformance\_benchmark.py", line 250, in _run_perf_script
    raise RuntimeError("Benchmark died")
RuntimeError: Benchmark died
ERROR: Benchmark networkx failed: Benchmark died
[2/3] networkx_connected_components...
Traceback (most recent call last):
  File "C:\Python\Python314\Lib\site-packages\pyperformance\data-files\benchmarks\bm_networkx\run_benchmark.py", line 24, in <module>
    graph = networkx.read_adjlist(DATA_FILE)
  File "D:\CantorAI\xlang3\venv\cpython3.14-a6792301b742-compat-31b33d68c68a\Lib\site-packages\networkx\utils\decorators.py", line 788, in func
    return argmap._lazy_compile(__wrapper)(*args, **kwargs)
           ~~~~~~~~~~~~~~~~~~~~~~~~~~~~~~~^^^^^^^^^^^^^^^^^
  File "<class 'networkx.utils.decorators.argmap'> compilation 4", line 3, in argmap_read_adjlist_1
  File "D:\CantorAI\xlang3\venv\cpython3.14-a6792301b742-compat-31b33d68c68a\Lib\site-packages\networkx\utils\backends.py", line 967, in __call__
    return self.orig_func(*args, **kwargs)
           ~~~~~~~~~~~~~~^^^^^^^^^^^^^^^^^
  File "D:\CantorAI\xlang3\venv\cpython3.14-a6792301b742-compat-31b33d68c68a\Lib\site-packages\networkx\readwrite\adjlist.py", line 304, in read_adjlist
    return parse_adjlist(
        lines,
    ...<3 lines>...
        nodetype=nodetype,
    )
  File "D:\CantorAI\xlang3\venv\cpython3.14-a6792301b742-compat-31b33d68c68a\Lib\site-packages\networkx\utils\decorators.py", line 788, in func
    return argmap._lazy_compile(__wrapper)(*args, **kwargs)
           ~~~~~~~~~~~~~~~~~~~~^^^^^^^^^^^
  File "D:\CantorAI\xlang3\venv\cpython3.14-a6792301b742-compat-31b33d68c68a\Lib\site-packages\networkx\utils\decorators.py", line 760, in _lazy_compile
    real_func = func.__argmap__.compile(func.__wrapped__)
                ^^^^^^^^^^^^^^^
AttributeError: object has no attribute '__argmap__'
Traceback (most recent call last):
  File "C:\Python\Python314\Lib\site-packages\pyperformance\run.py", line 171, in run_benchmarks
    result = bench.run(
        bench_venv.python,
    ...<3 lines>...
        verbose=options.verbose,
    )
  File "D:\CantorAI\xlang3\benchmarks\diagnostics\run_pyperformance_xlang3_shimmed.py", line 155, in run_named_benchmark
    return original_benchmark_run(benchmark, *positional, **keywords)
  File "C:\Python\Python314\Lib\site-packages\pyperformance\_benchmark.py", line 193, in run
    bench = _run_perf_script(
        python,
    ...<4 lines>...
        verbose=verbose,
    )
  File "C:\Python\Python314\Lib\site-packages\pyperformance\_benchmark.py", line 250, in _run_perf_script
    raise RuntimeError("Benchmark died")
RuntimeError: Benchmark died
ERROR: Benchmark networkx_connected_components failed: Benchmark died
[3/3] networkx_k_core...
Traceback (most recent call last):
  File "C:\Python\Python314\Lib\site-packages\pyperformance\data-files\benchmarks\bm_networkx\run_benchmark.py", line 24, in <module>
    graph = networkx.read_adjlist(DATA_FILE)
  File "D:\CantorAI\xlang3\venv\cpython3.14-a6792301b742-compat-31b33d68c68a\Lib\site-packages\networkx\utils\decorators.py", line 788, in func
    return argmap._lazy_compile(__wrapper)(*args, **kwargs)
           ~~~~~~~~~~~~~~~~~~~~~~~~~~~~~~~^^^^^^^^^^^^^^^^^
  File "<class 'networkx.utils.decorators.argmap'> compilation 4", line 3, in argmap_read_adjlist_1
  File "D:\CantorAI\xlang3\venv\cpython3.14-a6792301b742-compat-31b33d68c68a\Lib\site-packages\networkx\utils\backends.py", line 967, in __call__
    return self.orig_func(*args, **kwargs)
           ~~~~~~~~~~~~~~^^^^^^^^^^^^^^^^^
  File "D:\CantorAI\xlang3\venv\cpython3.14-a6792301b742-compat-31b33d68c68a\Lib\site-packages\networkx\readwrite\adjlist.py", line 304, in read_adjlist
    return parse_adjlist(
        lines,
    ...<3 lines>...
        nodetype=nodetype,
    )
  File "D:\CantorAI\xlang3\venv\cpython3.14-a6792301b742-compat-31b33d68c68a\Lib\site-packages\networkx\utils\decorators.py", line 788, in func
    return argmap._lazy_compile(__wrapper)(*args, **kwargs)
           ~~~~~~~~~~~~~~~~~~~~^^^^^^^^^^^
  File "D:\CantorAI\xlang3\venv\cpython3.14-a6792301b742-compat-31b33d68c68a\Lib\site-packages\networkx\utils\decorators.py", line 760, in _lazy_compile
    real_func = func.__argmap__.compile(func.__wrapped__)
                ^^^^^^^^^^^^^^^
AttributeError: object has no attribute '__argmap__'
Traceback (most recent call last):
  File "C:\Python\Python314\Lib\site-packages\pyperformance\run.py", line 171, in run_benchmarks
    result = bench.run(
        bench_venv.python,
    ...<3 lines>...
        verbose=options.verbose,
    )
  File "D:\CantorAI\xlang3\benchmarks\diagnostics\run_pyperformance_xlang3_shimmed.py", line 155, in run_named_benchmark
    return original_benchmark_run(benchmark, *positional, **keywords)
  File "C:\Python\Python314\Lib\site-packages\pyperformance\_benchmark.py", line 193, in run
    bench = _run_perf_script(
        python,
    ...<4 lines>...
        verbose=verbose,
    )
  File "C:\Python\Python314\Lib\site-packages\pyperformance\_benchmark.py", line 250, in _run_perf_script
    raise RuntimeError("Benchmark died")
RuntimeError: Benchmark died
ERROR: Benchmark networkx_k_core failed: Benchmark died

ERROR: No benchmark was run
