Benchmark dependency sites: D:\CantorAI\xlang3\venv\cpython3.14-a6792301b742-compat-31b33d68c68a\Lib\site-packages
Python benchmark suite 1.14.0


==================================================
( 1/2) creating venv for benchmark (gc_traversal)

(trying common venv first)

==================================================
( 2/2) creating venv for benchmark (typing_runtime_protocols)

(trying common venv first)

[1/2] gc_traversal...
...........
WARNING: the benchmark result may be unstable
* Not enough samples to get a stable result (95% certainly of less than 1% variation)

Try to rerun the benchmark with more runs, values and/or loops.
Run 'xlang3.exe -m pyperf system tune' command to reduce the system jitter.
Use pyperf stats, pyperf dump and pyperf hist to analyze results.
Use --quiet option to hide these warnings.

gc_traversal: Mean +- std dev: 747 us +- 21 us
[2/2] typing_runtime_protocols...
...........
WARNING: the benchmark result may be unstable
* Not enough samples to get a stable result (95% certainly of less than 1% variation)

Try to rerun the benchmark with more runs, values and/or loops.
Run 'xlang3.exe -m pyperf system tune' command to reduce the system jitter.
Use pyperf stats, pyperf dump and pyperf hist to analyze results.
Use --quiet option to hide these warnings.

typing_runtime_protocols: Mean +- std dev: 3.17 ms +- 0.08 ms

Performance version: 1.14.0

### gc_traversal ###
Mean +- std dev: 747 us +- 21 us

### typing_runtime_protocols ###
Mean +- std dev: 3.17 ms +- 0.08 ms

