Final pyperformance 1.14.0 --fast run summary (captured after all 97 definitions were attempted).
This is the runner summary, not a verbatim copy of worker stdout/stderr.

52 benchmarks failed:
- async_tree (Benchmark timed out)
- async_tree_cpu_io_mixed (Benchmark timed out)
- async_tree_cpu_io_mixed_tg (Benchmark timed out)
- async_tree_eager_cpu_io_mixed (Benchmark timed out)
- async_tree_eager_cpu_io_mixed_tg (Benchmark timed out)
- async_tree_eager_io (Benchmark timed out)
- async_tree_eager_io_tg (Benchmark timed out)
- async_tree_eager_memoization (Benchmark timed out)
- async_tree_eager_memoization_tg (Benchmark timed out)
- async_tree_eager_tg (Benchmark timed out)
- async_tree_io (Benchmark timed out)
- async_tree_io_tg (Benchmark timed out)
- async_tree_memoization (Benchmark timed out)
- async_tree_memoization_tg (Benchmark timed out)
- async_tree_tg (Benchmark timed out)
- asyncio_tcp (Benchmark timed out)
- asyncio_tcp_ssl (Benchmark timed out)
- base64 (Benchmark timed out)
- bpe_tokeniser (Benchmark timed out)
- pprint (Benchmark timed out)
- asyncio_websockets (Benchmark died)
- chameleon (Benchmark died)
- concurrent_imap (Benchmark died)
- coverage (Benchmark died)
- crypto_pyaes (Benchmark died)
- dask (Benchmark died)
- django_template (Benchmark died)
- docutils (Benchmark died)
- dulwich_log (Benchmark died)
- fastapi (Benchmark died)
- gc_collect (Benchmark died)
- genshi (Benchmark died)
- html5lib (Benchmark died)
- mako (Benchmark died)
- mdp (Benchmark died)
- networkx (Benchmark died)
- networkx_connected_components (Benchmark died)
- networkx_k_core (Benchmark died)
- scimark (Benchmark died)
- sphinx (Benchmark died)
- sqlalchemy_declarative (Benchmark died)
- sqlalchemy_imperative (Benchmark died)
- sqlglot_v2 (Benchmark died)
- sqlglot_v2_optimize (Benchmark died)
- sqlglot_v2_parse (Benchmark died)
- sqlglot_v2_transpile (Benchmark died)
- sqlite_synth (Benchmark died)
- sympy (Benchmark died)
- tomli_loads (Benchmark died)
- tornado_http (Benchmark died)
- xdsl (Benchmark died)
- xml_etree (Benchmark died)
