Normalized per-definition status extracted after the completed pyperformance command.
The raw pyperf JSON contains all measured samples; this file does not contain worker tracebacks.
[ 1/97] 2to3...
[ 2/97] argparse...
[ 3/97] argparse_subparsers...
[ 4/97] async_generators...
[ 5/97] async_tree...
ERROR: Benchmark async_tree timed out
[ 6/97] async_tree_cpu_io_mixed...
ERROR: Benchmark async_tree_cpu_io_mixed timed out
[ 7/97] async_tree_cpu_io_mixed_tg...
ERROR: Benchmark async_tree_cpu_io_mixed_tg timed out
[ 8/97] async_tree_eager...
[ 9/97] async_tree_eager_cpu_io_mixed...
ERROR: Benchmark async_tree_eager_cpu_io_mixed timed out
[10/97] async_tree_eager_cpu_io_mixed_tg...
ERROR: Benchmark async_tree_eager_cpu_io_mixed_tg timed out
[11/97] async_tree_eager_io...
ERROR: Benchmark async_tree_eager_io timed out
[12/97] async_tree_eager_io_tg...
ERROR: Benchmark async_tree_eager_io_tg timed out
[13/97] async_tree_eager_memoization...
ERROR: Benchmark async_tree_eager_memoization timed out
[14/97] async_tree_eager_memoization_tg...
ERROR: Benchmark async_tree_eager_memoization_tg timed out
[15/97] async_tree_eager_tg...
ERROR: Benchmark async_tree_eager_tg timed out
[16/97] async_tree_io...
ERROR: Benchmark async_tree_io timed out
[17/97] async_tree_io_tg...
ERROR: Benchmark async_tree_io_tg timed out
[18/97] async_tree_memoization...
ERROR: Benchmark async_tree_memoization timed out
[19/97] async_tree_memoization_tg...
ERROR: Benchmark async_tree_memoization_tg timed out
[20/97] async_tree_tg...
ERROR: Benchmark async_tree_tg timed out
[21/97] asyncio_tcp...
ERROR: Benchmark asyncio_tcp timed out
[22/97] asyncio_tcp_ssl...
ERROR: Benchmark asyncio_tcp_ssl timed out
[23/97] asyncio_websockets...
ERROR: Benchmark asyncio_websockets failed: Benchmark died
[24/97] base64...
ERROR: Benchmark base64 timed out
[25/97] bpe_tokeniser...
ERROR: Benchmark bpe_tokeniser timed out
[26/97] chameleon...
ERROR: Benchmark chameleon failed: Benchmark died
[27/97] chaos...
[28/97] comprehensions...
[29/97] concurrent_imap...
ERROR: Benchmark concurrent_imap failed: Benchmark died
[30/97] coroutines...
[31/97] coverage...
ERROR: Benchmark coverage failed: Benchmark died
[32/97] crypto_pyaes...
ERROR: Benchmark crypto_pyaes failed: Benchmark died
[33/97] dask...
ERROR: Benchmark dask failed: Benchmark died
[34/97] deepcopy...
[35/97] deltablue...
[36/97] django_template...
ERROR: Benchmark django_template failed: Benchmark died
[37/97] docutils...
ERROR: Benchmark docutils failed: Benchmark died
[38/97] dulwich_log...
ERROR: Benchmark dulwich_log failed: Benchmark died
[39/97] fannkuch...
[40/97] fastapi...
ERROR: Benchmark fastapi failed: Benchmark died
[41/97] float...
[42/97] gc_collect...
ERROR: Benchmark gc_collect failed: Benchmark died
[43/97] gc_traversal...
[44/97] generators...
[45/97] genshi...
ERROR: Benchmark genshi failed: Benchmark died
[46/97] go...
[47/97] hexiom...
[48/97] html5lib...
ERROR: Benchmark html5lib failed: Benchmark died
[49/97] json_dumps...
[50/97] json_loads...
[51/97] logging...
[52/97] mako...
ERROR: Benchmark mako failed: Benchmark died
[53/97] mdp...
ERROR: Benchmark mdp failed: Benchmark died
[54/97] meteor_contest...
[55/97] nbody...
[56/97] networkx...
ERROR: Benchmark networkx failed: Benchmark died
[57/97] networkx_connected_components...
ERROR: Benchmark networkx_connected_components failed: Benchmark died
[58/97] networkx_k_core...
ERROR: Benchmark networkx_k_core failed: Benchmark died
[59/97] nqueens...
[60/97] pathlib...
[61/97] pickle...
[62/97] pickle_dict...
[63/97] pickle_list...
[64/97] pickle_pure_python...
[65/97] pidigits...
[66/97] pprint...
ERROR: Benchmark pprint timed out
[67/97] pyflate...
[68/97] python_startup...
[69/97] python_startup_no_site...
[70/97] raytrace...
[71/97] regex_compile...
[72/97] regex_dna...
[73/97] regex_effbot...
[74/97] regex_v8...
[75/97] richards...
[76/97] richards_super...
[77/97] scimark...
ERROR: Benchmark scimark failed: Benchmark died
[78/97] spectral_norm...
[79/97] sphinx...
ERROR: Benchmark sphinx failed: Benchmark died
[80/97] sqlalchemy_declarative...
ERROR: Benchmark sqlalchemy_declarative failed: Benchmark died
[81/97] sqlalchemy_imperative...
ERROR: Benchmark sqlalchemy_imperative failed: Benchmark died
[82/97] sqlglot_v2...
ERROR: Benchmark sqlglot_v2 failed: Benchmark died
[83/97] sqlglot_v2_optimize...
ERROR: Benchmark sqlglot_v2_optimize failed: Benchmark died
[84/97] sqlglot_v2_parse...
ERROR: Benchmark sqlglot_v2_parse failed: Benchmark died
[85/97] sqlglot_v2_transpile...
ERROR: Benchmark sqlglot_v2_transpile failed: Benchmark died
[86/97] sqlite_synth...
ERROR: Benchmark sqlite_synth failed: Benchmark died
[87/97] sympy...
ERROR: Benchmark sympy failed: Benchmark died
[88/97] telco...
[89/97] tomli_loads...
ERROR: Benchmark tomli_loads failed: Benchmark died
[90/97] tornado_http...
ERROR: Benchmark tornado_http failed: Benchmark died
[91/97] typing_runtime_protocols...
[92/97] unpack_sequence...
[93/97] unpickle...
[94/97] unpickle_list...
[95/97] unpickle_pure_python...
[96/97] xdsl...
ERROR: Benchmark xdsl failed: Benchmark died
[97/97] xml_etree...
ERROR: Benchmark xml_etree failed: Benchmark died

52 benchmarks failed:
- async_tree (Benchmark timed out)
- async_tree_cpu_io_mixed (Benchmark timed out)
- async_tree_cpu_io_mixed_tg (Benchmark timed out)
- async_tree_eager_cpu_io_mixed (Benchmark timed out)
- async_tree_eager_cpu_io_mixed_tg (Benchmark timed out)
- async_tree_eager_io (Benchmark timed out)
- async_tree_eager_io_tg (Benchmark timed out)
- async_tree_eager_memoization (Benchmark timed out)
- async_tree_eager_memoization_tg (Benchmark timed out)
- async_tree_eager_tg (Benchmark timed out)
- async_tree_io (Benchmark timed out)
- async_tree_io_tg (Benchmark timed out)
- async_tree_memoization (Benchmark timed out)
- async_tree_memoization_tg (Benchmark timed out)
- async_tree_tg (Benchmark timed out)
- asyncio_tcp (Benchmark timed out)
- asyncio_tcp_ssl (Benchmark timed out)
- asyncio_websockets (Benchmark died)
- base64 (Benchmark timed out)
- bpe_tokeniser (Benchmark timed out)
- chameleon (Benchmark died)
- concurrent_imap (Benchmark died)
- coverage (Benchmark died)
- crypto_pyaes (Benchmark died)
- dask (Benchmark died)
- django_template (Benchmark died)
- docutils (Benchmark died)
- dulwich_log (Benchmark died)
- fastapi (Benchmark died)
- gc_collect (Benchmark died)
- genshi (Benchmark died)
- html5lib (Benchmark died)
- mako (Benchmark died)
- mdp (Benchmark died)
- networkx (Benchmark died)
- networkx_connected_components (Benchmark died)
- networkx_k_core (Benchmark died)
- pprint (Benchmark timed out)
- scimark (Benchmark died)
- sphinx (Benchmark died)
- sqlalchemy_declarative (Benchmark died)
- sqlalchemy_imperative (Benchmark died)
- sqlglot_v2 (Benchmark died)
- sqlglot_v2_optimize (Benchmark died)
- sqlglot_v2_parse (Benchmark died)
- sqlglot_v2_transpile (Benchmark died)
- sqlite_synth (Benchmark died)
- sympy (Benchmark died)
- tomli_loads (Benchmark died)
- tornado_http (Benchmark died)
- xdsl (Benchmark died)
- xml_etree (Benchmark died)
