Python benchmark suite 1.14.0


==================================================
( 1/1) creating venv for benchmark (coroutines)

(trying common venv first)

[1/1] coroutines...
WARNING: unable to increase process priority
.WARNING: unable to increase process priority
.WARNING: unable to increase process priority
.WARNING: unable to increase process priority
.WARNING: unable to increase process priority
.WARNING: unable to increase process priority
.WARNING: unable to increase process priority
.WARNING: unable to increase process priority
.WARNING: unable to increase process priority
.WARNING: unable to increase process priority
.WARNING: unable to increase process priority
.
WARNING: the benchmark result may be unstable
* Not enough samples to get a stable result (95% certainly of less than 1% variation)

Try to rerun the benchmark with more runs, values and/or loops.
Run 'xlang3.exe -m pyperf system tune' command to reduce the system jitter.
Use pyperf stats, pyperf dump and pyperf hist to analyze results.
Use --quiet option to hide these warnings.

coroutines: Mean +- std dev: 152 ms +- 7 ms

Performance version: 1.14.0
Python version: 3.14.7 (64-bit) revision 823f032
Report on Windows-2025Server-10.0.26200
Number of logical CPUs: 20
Start date: 2026-10-01 07:00:37.643213
End date: 2026-10-01 07:00:47.019775

### coroutines ###
Mean +- std dev: 152 ms +- 7 ms

