Benchmark dependency sites: D:\CantorAI\xlang3\venv\cpython3.14-a6792301b742-compat-31b33d68c68a\Lib\site-packages
Python benchmark suite 1.14.0


==================================================
( 1/3) creating venv for benchmark (deepcopy)

(trying common venv first)

==================================================
( 2/3) creating venv for benchmark (pickle_pure_python)

(trying common venv first)

==================================================
( 3/3) creating venv for benchmark (unpickle_pure_python)

(trying common venv first)

[1/3] deepcopy...
...........
WARNING: the benchmark result may be unstable
* Not enough samples to get a stable result (95% certainly of less than 1% variation)

Try to rerun the benchmark with more runs, values and/or loops.
Run 'xlang3.exe -m pyperf system tune' command to reduce the system jitter.
Use pyperf stats, pyperf dump and pyperf hist to analyze results.
Use --quiet option to hide these warnings.

deepcopy: Mean +- std dev: 4.26 ms +- 0.05 ms
...........
deepcopy_reduce: Mean +- std dev: 41.5 us +- 0.4 us
...........
WARNING: the benchmark result may be unstable
* Not enough samples to get a stable result (95% certainly of less than 1% variation)

Try to rerun the benchmark with more runs, values and/or loops.
Run 'xlang3.exe -m pyperf system tune' command to reduce the system jitter.
Use pyperf stats, pyperf dump and pyperf hist to analyze results.
Use --quiet option to hide these warnings.

deepcopy_memo: Mean +- std dev: 528 us +- 6 us
[2/3] pickle_pure_python...
...........
WARNING: the benchmark result may be unstable
* Not enough samples to get a stable result (95% certainly of less than 1% variation)

Try to rerun the benchmark with more runs, values and/or loops.
Run 'xlang3.exe -m pyperf system tune' command to reduce the system jitter.
Use pyperf stats, pyperf dump and pyperf hist to analyze results.
Use --quiet option to hide these warnings.

pickle_pure_python: Mean +- std dev: 5.66 ms +- 0.10 ms
[3/3] unpickle_pure_python...
...........
WARNING: the benchmark result may be unstable
* Not enough samples to get a stable result (95% certainly of less than 1% variation)

Try to rerun the benchmark with more runs, values and/or loops.
Run 'xlang3.exe -m pyperf system tune' command to reduce the system jitter.
Use pyperf stats, pyperf dump and pyperf hist to analyze results.
Use --quiet option to hide these warnings.

unpickle_pure_python: Mean +- std dev: 3.16 ms +- 0.04 ms

Performance version: 1.14.0

### deepcopy ###
Mean +- std dev: 4.26 ms +- 0.05 ms

### deepcopy_reduce ###
Mean +- std dev: 41.5 us +- 0.4 us

### deepcopy_memo ###
Mean +- std dev: 528 us +- 6 us

### pickle_pure_python ###
Mean +- std dev: 5.66 ms +- 0.10 ms

### unpickle_pure_python ###
Mean +- std dev: 3.16 ms +- 0.04 ms

