C:\Python\Python314\Lib\site-packages\pyperformance\data-files\benchmarks\bm_regex_compile\run_benchmark.py:33: DeprecationWarning: 'count' is passed as positional argument
  return real_sub(regex, *args)
C:\Python\Python314\Lib\site-packages\pyperformance\data-files\benchmarks\bm_regex_compile\run_benchmark.py:33: DeprecationWarning: 'count' is passed as positional argument
  return real_sub(regex, *args)
WARNING: unable to increase process priority
C:\Python\Python314\Lib\site-packages\pyperformance\data-files\benchmarks\bm_regex_compile\run_benchmark.py:33: DeprecationWarning: 'count' is passed as positional argument
  return real_sub(regex, *args)
.WARNING: unable to increase process priority
C:\Python\Python314\Lib\site-packages\pyperformance\data-files\benchmarks\bm_regex_compile\run_benchmark.py:33: DeprecationWarning: 'count' is passed as positional argument
  return real_sub(regex, *args)
.WARNING: unable to increase process priority
C:\Python\Python314\Lib\site-packages\pyperformance\data-files\benchmarks\bm_regex_compile\run_benchmark.py:33: DeprecationWarning: 'count' is passed as positional argument
  return real_sub(regex, *args)
.WARNING: unable to increase process priority
C:\Python\Python314\Lib\site-packages\pyperformance\data-files\benchmarks\bm_regex_compile\run_benchmark.py:33: DeprecationWarning: 'count' is passed as positional argument
  return real_sub(regex, *args)
.WARNING: unable to increase process priority
C:\Python\Python314\Lib\site-packages\pyperformance\data-files\benchmarks\bm_regex_compile\run_benchmark.py:33: DeprecationWarning: 'count' is passed as positional argument
  return real_sub(regex, *args)
.WARNING: unable to increase process priority
C:\Python\Python314\Lib\site-packages\pyperformance\data-files\benchmarks\bm_regex_compile\run_benchmark.py:33: DeprecationWarning: 'count' is passed as positional argument
  return real_sub(regex, *args)
.WARNING: unable to increase process priority
C:\Python\Python314\Lib\site-packages\pyperformance\data-files\benchmarks\bm_regex_compile\run_benchmark.py:33: DeprecationWarning: 'count' is passed as positional argument
  return real_sub(regex, *args)
.WARNING: unable to increase process priority
C:\Python\Python314\Lib\site-packages\pyperformance\data-files\benchmarks\bm_regex_compile\run_benchmark.py:33: DeprecationWarning: 'count' is passed as positional argument
  return real_sub(regex, *args)
.WARNING: unable to increase process priority
C:\Python\Python314\Lib\site-packages\pyperformance\data-files\benchmarks\bm_regex_compile\run_benchmark.py:33: DeprecationWarning: 'count' is passed as positional argument
  return real_sub(regex, *args)
.WARNING: unable to increase process priority
C:\Python\Python314\Lib\site-packages\pyperformance\data-files\benchmarks\bm_regex_compile\run_benchmark.py:33: DeprecationWarning: 'count' is passed as positional argument
  return real_sub(regex, *args)
.WARNING: unable to increase process priority
.
regex_compile: Mean +- std dev: 1.29 sec +- 0.02 sec
