decimal native fast/fallback counts: binary=32512/9 quantize=12507/0
decimal binary fallback right_operand=9
decimal fast-path stage ns: operands=2155400 context=3170700 arithmetic=2687100 rounding=694300 result=10961000 quantize=169338800
vm-time: clock_pair_mean_ns=15
vm-time: opcode=90 calls=25810 self_ns=215167500 total_ns=215881700
vm-time: opcode=20 calls=404 self_ns=61305200 total_ns=917212700
vm-time: opcode=22 calls=587 self_ns=48077300 total_ns=596669300
vm-time: opcode=93 calls=22898 self_ns=46535300 total_ns=62707000
vm-time: opcode=129 calls=15470 self_ns=46032600 total_ns=46032600
vm-time: opcode=56 calls=13004 self_ns=34825100 total_ns=36243100
vm-time: opcode=89 calls=554 self_ns=15662900 total_ns=15662900
vm-time: opcode=54 calls=11908 self_ns=13661900 total_ns=13661900
vm-time: opcode=23 calls=24 self_ns=12106000 total_ns=40451100
vm-time: opcode=92 calls=5578 self_ns=11324500 total_ns=17240300
vm-time: opcode=112 calls=4793 self_ns=6855700 total_ns=6855700
vm-time: opcode=118 calls=6695 self_ns=3770000 total_ns=3771600
vm-time: opcode=42 calls=5072 self_ns=3718900 total_ns=6811100
vm-time: opcode=122 calls=2710 self_ns=3670800 total_ns=3719300
vm-time: opcode=72 calls=6545 self_ns=3582000 total_ns=3676900
vm-time: opcode=3 calls=73406 self_ns=3176500 total_ns=3176500
vm-time: opcode=110 calls=20124 self_ns=3101100 total_ns=3101100
vm-time: opcode=119 calls=4031 self_ns=2771100 total_ns=2771100
vm-time: opcode=121 calls=11109 self_ns=2595400 total_ns=2595400
vm-time: opcode=47 calls=10539 self_ns=2477300 total_ns=3269300
vm-time: opcode=98 calls=5473 self_ns=2446700 total_ns=2537100
vm-time: opcode=78 calls=10352 self_ns=2175500 total_ns=2175500
vm-time: opcode=26 calls=10503 self_ns=1858200 total_ns=1858200
vm-time: opcode=31 calls=4403 self_ns=1810000 total_ns=1810000
vm-time: opcode=48 calls=3184 self_ns=1593200 total_ns=1996000
vm-time: opcode=13 calls=6671 self_ns=1552400 total_ns=1552400
vm-time: opcode=76 calls=27821 self_ns=1520700 total_ns=1550400
vm-time: opcode=105 calls=47685 self_ns=1445200 total_ns=1445200
vm-time: opcode=18 calls=20726 self_ns=1324400 total_ns=1324400
vm-time: opcode=2 calls=50896 self_ns=1302100 total_ns=1302100
vm-time: opcode=46 calls=3029 self_ns=1210600 total_ns=1336500
vm-time: opcode=30 calls=105 self_ns=1177700 total_ns=1177700
vm-time: opcode=77 calls=26086 self_ns=1051000 total_ns=1098000
vm-time: opcode=120 calls=6663 self_ns=1047200 total_ns=1047200
vm-time: opcode=0 calls=34808 self_ns=973500 total_ns=973500
vm-time: opcode=19 calls=3832 self_ns=953300 total_ns=953300
vm-time: opcode=37 calls=1069 self_ns=893100 total_ns=893100
vm-time: opcode=25 calls=2426 self_ns=839400 total_ns=839400
vm-time: opcode=111 calls=2720 self_ns=776300 total_ns=776300
vm-time: opcode=106 calls=23282 self_ns=734000 total_ns=734000
vm-time: opcode=35 calls=4093 self_ns=554400 total_ns=554400
vm-time: opcode=50 calls=9307 self_ns=514700 total_ns=527900
vm-time: opcode=51 calls=2188 self_ns=470300 total_ns=483000
vm-time: opcode=82 calls=22 self_ns=464700 total_ns=464700
vm-time: opcode=113 calls=2997 self_ns=459900 total_ns=459900
vm-time: opcode=38 calls=282 self_ns=456300 total_ns=456300
vm-time: opcode=127 calls=994 self_ns=441300 total_ns=441300
vm-time: opcode=85 calls=114 self_ns=411400 total_ns=411400
vm-time: opcode=63 calls=6338 self_ns=406800 total_ns=406800
vm-time: opcode=70 calls=3550 self_ns=344900 total_ns=344900
vm-time: opcode=97 calls=16135 self_ns=275300 total_ns=275300
vm-time: opcode=107 calls=6104 self_ns=256900 total_ns=256900
vm-time: opcode=60 calls=499 self_ns=249400 total_ns=249400
vm-time: opcode=73 calls=814 self_ns=242400 total_ns=303000
vm-time: opcode=141 calls=5000 self_ns=227600 total_ns=227600
vm-time: opcode=36 calls=1334 self_ns=210900 total_ns=210900
vm-time: opcode=115 calls=5630 self_ns=196900 total_ns=196900
vm-time: opcode=53 calls=5034 self_ns=165500 total_ns=165500
vm-time: opcode=52 calls=1549 self_ns=162400 total_ns=170400
vm-time: opcode=17 calls=54 self_ns=158200 total_ns=158200
vm-time: opcode=126 calls=2155 self_ns=157500 total_ns=177700
vm-time: opcode=79 calls=4702 self_ns=152900 total_ns=152900
vm-time: opcode=125 calls=979 self_ns=151000 total_ns=356700
vm-time: opcode=91 calls=58 self_ns=146700 total_ns=156500
vm-time: opcode=114 calls=4610 self_ns=144300 total_ns=144300
vm-time: opcode=64 calls=210 self_ns=129000 total_ns=129000
vm-time: opcode=131 calls=3593 self_ns=125100 total_ns=125100
vm-time: opcode=117 calls=2937 self_ns=121000 total_ns=121000
vm-time: opcode=6 calls=5218 self_ns=120100 total_ns=120100
vm-time: opcode=15 calls=238 self_ns=117100 total_ns=117100
vm-time: opcode=39 calls=972 self_ns=108700 total_ns=108700
vm-time: opcode=101 calls=195 self_ns=108300 total_ns=108300
vm-time: opcode=1 calls=4816 self_ns=106800 total_ns=106800
vm-time: opcode=41 calls=20 self_ns=94500 total_ns=94500
vm-time: opcode=81 calls=4306 self_ns=85200 total_ns=85200
vm-time: opcode=8 calls=1039 self_ns=70700 total_ns=70700
vm-time: opcode=108 calls=1490 self_ns=68500 total_ns=68500
vm-time: opcode=55 calls=1558 self_ns=65500 total_ns=65500
vm-time: opcode=95 calls=378 self_ns=63800 total_ns=63800
vm-time: opcode=71 calls=2023 self_ns=62500 total_ns=62500
vm-time: opcode=109 calls=1777 self_ns=50700 total_ns=50700
vm-time: opcode=32 calls=64 self_ns=47400 total_ns=47400
vm-time: opcode=40 calls=1062 self_ns=46500 total_ns=46500
vm-time: opcode=74 calls=1117 self_ns=41100 total_ns=41100
vm-time: opcode=84 calls=35 self_ns=40600 total_ns=40600
vm-time: opcode=43 calls=59 self_ns=35000 total_ns=35000
vm-time: opcode=7 calls=871 self_ns=34900 total_ns=34900
vm-time: opcode=33 calls=155 self_ns=33700 total_ns=33700
vm-time: opcode=88 calls=203 self_ns=33500 total_ns=33500
vm-time: opcode=58 calls=12 self_ns=30800 total_ns=162700
vm-time: opcode=9 calls=819 self_ns=30000 total_ns=30000
vm-time: opcode=116 calls=424 self_ns=26600 total_ns=26600
vm-time: opcode=66 calls=37 self_ns=22600 total_ns=22600
vm-time: opcode=130 calls=371 self_ns=18800 total_ns=18800
vm-time: opcode=10 calls=436 self_ns=18500 total_ns=18500
vm-time: opcode=96 calls=13 self_ns=13500 total_ns=13500
vm-time: opcode=4 calls=112 self_ns=12000 total_ns=12000
vm-time: opcode=102 calls=126 self_ns=10700 total_ns=10700
vm-time: opcode=75 calls=109 self_ns=10500 total_ns=10500
vm-time: opcode=5 calls=296 self_ns=10000 total_ns=10000
vm-time: opcode=59 calls=9 self_ns=9700 total_ns=9700
vm-time: opcode=62 calls=26 self_ns=9300 total_ns=9300
vm-time: opcode=27 calls=3 self_ns=7200 total_ns=7200
vm-time: opcode=45 calls=10 self_ns=5800 total_ns=5800
vm-time: opcode=139 calls=1 self_ns=5800 total_ns=5800
vm-time: opcode=49 calls=1 self_ns=4400 total_ns=4400
vm-time: opcode=99 calls=39 self_ns=3500 total_ns=3500
vm-time: opcode=65 calls=26 self_ns=3400 total_ns=3400
vm-time: opcode=83 calls=8 self_ns=1300 total_ns=1300
vm-time: opcode=80 calls=12 self_ns=1300 total_ns=1300
vm-time: opcode=123 calls=7 self_ns=1200 total_ns=1200
vm-time: opcode=12 calls=35 self_ns=900 total_ns=900
vm-time: opcode=14 calls=1 self_ns=700 total_ns=700
vm-time: opcode=11 calls=9 self_ns=500 total_ns=500
vm-time: opcode=87 calls=1 self_ns=200 total_ns=200
vm-time: opcode=86 calls=7 self_ns=100 total_ns=100
telco-complete
