WARNING: unable to increase process priority
.WARNING: unable to increase process priority
.WARNING: unable to increase process priority
.WARNING: unable to increase process priority
.WARNING: unable to increase process priority
.WARNING: unable to increase process priority
.WARNING: unable to increase process priority
.WARNING: unable to increase process priority
.WARNING: unable to increase process priority
.WARNING: unable to increase process priority
.WARNING: unable to increase process priority
.WARNING: unable to increase process priority
.WARNING: unable to increase process priority
.WARNING: unable to increase process priority
.WARNING: unable to increase process priority
.WARNING: unable to increase process priority
.WARNING: unable to increase process priority
.WARNING: unable to increase process priority
.WARNING: unable to increase process priority
.WARNING: unable to increase process priority
.WARNING: unable to increase process priority
.WARNING: unable to increase process priority
.WARNING: unable to increase process priority
.WARNING: unable to increase process priority
.WARNING: unable to increase process priority
.WARNING: unable to increase process priority
.WARNING: unable to increase process priority
.WARNING: unable to increase process priority
.WARNING: unable to increase process priority
.WARNING: unable to increase process priority
.WARNING: unable to increase process priority
.WARNING: unable to increase process priority
.WARNING: unable to increase process priority
.WARNING: unable to increase process priority
.WARNING: unable to increase process priority
.WARNING: unable to increase process priority
.WARNING: unable to increase process priority
.WARNING: unable to increase process priority
.WARNING: unable to increase process priority
.WARNING: unable to increase process priority
.
WARNING: the benchmark result may be unstable
* Not enough samples to get a stable result (95% certainly of less than 1% variation)

Try to rerun the benchmark with more runs, values and/or loops.
Run 'python.exe -m pyperf system tune' command to reduce the system jitter.
Use pyperf stats, pyperf dump and pyperf hist to analyze results.
Use --quiet option to hide these warnings.

unpickle_pure_python: Mean +- std dev: 3.55 ms +- 0.09 ms
